ARM Linker, 5.03 [Build 76] [MDK-ARM Basic]

==============================================================================

Section Cross References

    startup_stm32f10x_hd.o(STACK) refers (Special) to heapauxi.o(.text) for __use_two_region_memory
    startup_stm32f10x_hd.o(HEAP) refers (Special) to heapauxi.o(.text) for __use_two_region_memory
    startup_stm32f10x_hd.o(RESET) refers (Special) to heapauxi.o(.text) for __use_two_region_memory
    startup_stm32f10x_hd.o(RESET) refers to startup_stm32f10x_hd.o(STACK) for __initial_sp
    startup_stm32f10x_hd.o(RESET) refers to startup_stm32f10x_hd.o(.text) for Reset_Handler
    startup_stm32f10x_hd.o(RESET) refers to catch.o(.text) for TIM2_IRQHandler
    startup_stm32f10x_hd.o(RESET) refers to timer.o(.text) for TIM3_IRQHandler
    startup_stm32f10x_hd.o(RESET) refers to uart_config.o(.text) for USART3_IRQHandler
    startup_stm32f10x_hd.o(.text) refers (Special) to heapauxi.o(.text) for __use_two_region_memory
    startup_stm32f10x_hd.o(.text) refers to system_stm32f10x.o(.text) for SystemInit
    startup_stm32f10x_hd.o(.text) refers to __main.o(!!!main) for __main
    startup_stm32f10x_hd.o(.text) refers to startup_stm32f10x_hd.o(HEAP) for Heap_Mem
    startup_stm32f10x_hd.o(.text) refers to startup_stm32f10x_hd.o(STACK) for Stack_Mem
    system_stm32f10x.o(.text) refers to system_stm32f10x.o(.data) for SystemCoreClock
    board.o(.text) refers to stm32f10x_rcc.o(.text) for RCC_APB2PeriphClockCmd
    board.o(.text) refers to stm32f10x_gpio.o(.text) for GPIO_Init
    main.o(.text) refers to delay.o(.text) for delay_init
    main.o(.text) refers to board.o(.text) for Board_Init
    main.o(.text) refers to mpu6050.o(.text) for MPU6050_Init
    main.o(.text) refers to pwm.o(.text) for PWM_Init
    main.o(.text) refers to oled.o(.text) for OLED_Init
    main.o(.text) refers to motor.o(.text) for Motor_Run
    main.o(.text) refers to timer.o(.text) for Timer3_Init
    delay.o(.text) refers to delay.o(.data) for fac_us
    sys.o(.text) refers to sys.o(.emb_text) for WFI_SET
    pwm.o(.text) refers to stm32f10x_rcc.o(.text) for RCC_APB2PeriphClockCmd
    pwm.o(.text) refers to stm32f10x_gpio.o(.text) for GPIO_Init
    pwm.o(.text) refers to stm32f10x_tim.o(.text) for TIM_TimeBaseInit
    motor.o(.text) refers to fmul.o(x$fpl$fmul) for __aeabi_fmul
    motor.o(.text) refers to ffixu.o(x$fpl$ffixu) for __aeabi_f2uiz
    motor.o(.text) refers to pwm.o(.text) for PWM_Pulse_Change
    motor.o(.text) refers to frleqf.o(x$fpl$frleqf) for __aeabi_cfrcmple
    motor.o(.text) refers to fleqf.o(x$fpl$fleqf) for __aeabi_cfcmple
    motor.o(.text) refers to delay.o(.text) for delay_ms
    motor.o(.text) refers to mpu6050.o(.data) for MPU6050_GYRO_LAST
    motor.o(.text) refers to motor.o(.data) for g_x_last
    motor.o(.text) refers to imu.o(.bss) for Angle_Last
    motor.o(.text) refers to timer.o(.data) for timerFlag
    motor.o(.text) refers to mypid.o(.data) for PID_Global
    motor.o(.text) refers to f2d.o(x$fpl$f2d) for __aeabi_f2d
    motor.o(.text) refers to oled.o(.text) for OLED_Shownumf
    motor.o(.text) refers to faddsub_clz.o(x$fpl$fadd) for __aeabi_fadd
    motor.o(.text) refers to mypid.o(.text) for PID_Regulator
    motor.o(.text) refers to drleqf.o(x$fpl$drleqf) for __aeabi_cdrcmple
    motor.o(.text) refers to feqf.o(x$fpl$feqf) for __aeabi_cfcmpeq
    motor.o(.text) refers to tan.o(i.tan) for tan
    motor.o(.text) refers to faddsub_clz.o(x$fpl$fsub) for __aeabi_fsub
    motor.o(.text) refers to ddiv.o(x$fpl$ddiv) for __aeabi_ddiv
    motor.o(.text) refers to d2f.o(x$fpl$d2f) for __aeabi_d2f
    uart_config.o(.text) refers to stm32f10x_rcc.o(.text) for RCC_APB2PeriphClockCmd
    uart_config.o(.text) refers to stm32f10x_gpio.o(.text) for GPIO_Init
    uart_config.o(.text) refers to stm32f10x_usart.o(.text) for USART_Init
    uart_config.o(.text) refers to misc.o(.text) for NVIC_PriorityGroupConfig
    uart_config.o(.text) refers to uart_config.o(.data) for Flag_Receive
    uart_config.o(.text) refers to uart_config.o(.bss) for RxBuffer
    timer.o(.text) refers to misc.o(.text) for NVIC_PriorityGroupConfig
    timer.o(.text) refers to stm32f10x_rcc.o(.text) for RCC_APB1PeriphClockCmd
    timer.o(.text) refers to stm32f10x_tim.o(.text) for TIM_DeInit
    timer.o(.text) refers to mpu6050.o(.text) for Read_Filter_MPU6050
    timer.o(.text) refers to imu.o(.text) for IMUupdate
    timer.o(.text) refers to frleqf.o(x$fpl$frleqf) for __aeabi_cfrcmple
    timer.o(.text) refers to fleqf.o(x$fpl$fleqf) for __aeabi_cfcmple
    timer.o(.text) refers to imu.o(.bss) for Angle_Last
    timer.o(.text) refers to mpu6050.o(.data) for MPU6050_ACC_LAST
    timer.o(.text) refers to timer.o(.data) for timerFlag
    filter.o(.text) refers to frleqf.o(x$fpl$frleqf) for __aeabi_cfrcmple
    filter.o(.text) refers to faddsub_clz.o(x$fpl$fadd) for __aeabi_fadd
    filter.o(.text) refers to f2d.o(x$fpl$f2d) for __aeabi_f2d
[...]
    i.tan                                    0x08006594   Section        0  tan.o(i.tan)
    locale$$code                             0x08006608   Section       44  lc_numeric_c.o(locale$$code)
    x$fpl$d2f                                0x08006634   Section       98  d2f.o(x$fpl$d2f)
    x$fpl$dadd                               0x08006698   Section      336  daddsub_clz.o(x$fpl$dadd)
    _dadd1                                   0x080066a9   Thumb Code     0  daddsub_clz.o(x$fpl$dadd)
    x$fpl$dcheck1                            0x080067e8   Section       16  dcheck1.o(x$fpl$dcheck1)
    x$fpl$dcmpinf                            0x080067f8   Section       24  dcmpi.o(x$fpl$dcmpinf)
    x$fpl$ddiv                               0x08006810   Section      688  ddiv.o(x$fpl$ddiv)
    ddiv_entry                               0x08006817   Thumb Code     0  ddiv.o(x$fpl$ddiv)
    x$fpl$dfix                               0x08006ac0   Section       94  dfix.o(x$fpl$dfix)
    x$fpl$dflt                               0x08006b1e   Section       46  dflt_clz.o(x$fpl$dflt)
    x$fpl$dfltu                              0x08006b4c   Section       38  dflt_clz.o(x$fpl$dfltu)
    x$fpl$dleqf                              0x08006b74   Section      120  dleqf.o(x$fpl$dleqf)
    x$fpl$dmul                               0x08006bec   Section      340  dmul.o(x$fpl$dmul)
    x$fpl$dnaninf                            0x08006d40   Section      156  dnaninf.o(x$fpl$dnaninf)
    x$fpl$dretinf                            0x08006ddc   Section       12  dretinf.o(x$fpl$dretinf)
    x$fpl$drleqf                             0x08006de8   Section      108  drleqf.o(x$fpl$drleqf)
    x$fpl$drsb                               0x08006e54   Section       22  daddsub_clz.o(x$fpl$drsb)
    x$fpl$dsqrt                              0x08006e6c   Section      460  dsqrt_noumaal.o(x$fpl$dsqrt)
    x$fpl$dsub                               0x08007038   Section      468  daddsub_clz.o(x$fpl$dsub)
    _dsub1                                   0x08007049   Thumb Code     0  daddsub_clz.o(x$fpl$dsub)
    x$fpl$f2d                                0x0800720c   Section       86  f2d.o(x$fpl$f2d)
    x$fpl$fadd                               0x08007264   Section      196  faddsub_clz.o(x$fpl$fadd)
    _fadd1                                   0x08007273   Thumb Code     0  faddsub_clz.o(x$fpl$fadd)
    x$fpl$fcmpinf                            0x08007328   Section       24  fcmpi.o(x$fpl$fcmpinf)
    x$fpl$fdiv                               0x08007340   Section      388  fdiv.o(x$fpl$fdiv)
    _fdiv1                                   0x08007341   Thumb Code     0  fdiv.o(x$fpl$fdiv)
    x$fpl$feqf                               0x080074c4   Section      104  feqf.o(x$fpl$feqf)
    x$fpl$ffixu                              0x0800752c   Section       62  ffixu.o(x$fpl$ffixu)
    x$fpl$fflt                               0x0800756c   Section       48  fflt_clz.o(x$fpl$fflt)
    x$fpl$ffltu                              0x0800759c   Section       38  fflt_clz.o(x$fpl$ffltu)
    x$fpl$fleqf                              0x080075c4   Section      104  fleqf.o(x$fpl$fleqf)
    x$fpl$fmul                               0x0800762c   Section      258  fmul.o(x$fpl$fmul)
    x$fpl$fnaninf                            0x0800772e   Section      140  fnaninf.o(x$fpl$fnaninf)
    x$fpl$fretinf                            0x080077ba   Section       10  fretinf.o(x$fpl$fretinf)
    x$fpl$frleqf                             0x080077c4   Section       98  frleqf.o(x$fpl$frleqf)
    x$fpl$frsb                               0x08007826   Section       20  faddsub_clz.o(x$fpl$frsb)
    x$fpl$fsub                               0x0800783c   Section      234  faddsub_clz.o(x$fpl$fsub)
    _fsub1                                   0x0800784b   Thumb Code     0  faddsub_clz.o(x$fpl$fsub)
    x$fpl$printf1                            0x08007926   Section        4  printf1.o(x$fpl$printf1)
    x$fpl$retnan                             0x0800792a   Section      100  retnan.o(x$fpl$retnan)
    x$fpl$scalbn                             0x0800798e   Section       92  scalbn.o(x$fpl$scalbn)
    x$fpl$trapveneer                         0x080079ea   Section       48  trapv.o(x$fpl$trapveneer)
    .constdata                               0x08007a1a   Section     3320  oled.o(.constdata)
    x$fpl$usenofp                            0x08007a1a   Section        0  usenofp.o(x$fpl$usenofp)
    .constdata                               0x08008718   Section       80  asin.o(.constdata)
    pS                                       0x08008718   Data          48  asin.o(.constdata)
    qS                                       0x08008748   Data          32  asin.o(.constdata)
    .constdata                               0x08008768   Section      152  atan.o(.constdata)
    atanhi                                   0x08008768   Data          32  atan.o(.constdata)
    atanlo                                   0x08008788   Data          32  atan.o(.constdata)
    aTodd                                    0x080087a8   Data          40  atan.o(.constdata)
    aTeven                                   0x080087d0   Data          48  atan.o(.constdata)
    .constdata                               0x08008800   Section        8  qnan.o(.constdata)
    .constdata                               0x08008808   Section      200  rred.o(.constdata)
    pio2s                                    0x08008808   Data          48  rred.o(.constdata)
    twooverpi                                0x08008838   Data         152  rred.o(.constdata)
    .constdata                               0x080088d0   Section       96  tan_i.o(.constdata)
    Todd                                     0x080088d0   Data          48  tan_i.o(.constdata)
    Teven                                    0x08008900   Data          48  tan_i.o(.constdata)
    .constdata                               0x08008930   Section      148  bigflt0.o(.constdata)
    tenpwrs_x                                0x08008930   Data          60  bigflt0.o(.constdata)
    tenpwrs_i                                0x0800896c   Data          64  bigflt0.o(.constdata)
    locale$$data                             0x080089e4   Section       28  lc_numeric_c.o(locale$$data)
    __lcnum_c_name                           0x080089e8   Data           2  lc_numeric_c.o(locale$$data)
    __lcnum_c_start                          0x080089f0   Data           0  lc_numeric_c.o(locale$$data)
    __lcnum_c_point                          0x080089fc   Data           0  lc_numeric_c.o(locale$$data)
    __lcnum_c_thousands                      0x080089fe   Data           0  lc_numeric_c.o(locale$$data)
    __lcnum_c_grouping                       0x080089ff   Data           0  lc_numeric_c.o(locale$$data)
    __lcnum_c_end                            0x08008a00   Data           0  lc_numeric_c.o(locale$$data)
    .data                                    0x20000000   Section       20  system_stm32f10x.o(.data)
    .data                                    0x20000014   Section        4  delay.o(.data)
    fac_us                                   0x20000014   Data           1  delay.o(.data)
    fac_ms                                   0x20000016   Data           2  delay.o(.data)
    .data                                    0x20000018   Section       40  motor.o(.data)
    g_x_last                                 0x20000018   Data           4  motor.o(.data)
    max_z                                    0x2000001c   Data           4  motor.o(.data)
    max_f                                    0x20000020   Data           4  motor.o(.data)
    g_x_last                                 0x20000024   Data           4  motor.o(.data)
    max_z                                    0x20000028   Data           4  motor.o(.data)
    max_f                                    0x2000002c   Data           4  motor.o(.data)
    Acc_last                                 0x20000030   Data           4  motor.o(.data)
    AccDir_last                              0x20000034   Data           4  motor.o(.data)
    Acc_last                                 0x20000038   Data           4  motor.o(.data)
    AccDir_last                              0x2000003c   Data           4  motor.o(.data)
    .data                                    0x20000040   Section        2  uart_config.o(.data)
    .data                                    0x20000044   Section       29  timer.o(.data)
    .data                                    0x20000062   Section        5  catch.o(.data)
    .data                                    0x20000068   Section       24  mypid.o(.data)
    LastError                                0x20000078   Data           4  mypid.o(.data)
    SumError                                 0x2000007c   Data           4  mypid.o(.data)
    .data                                    0x20000080   Section       36  imu.o(.data)
    .data                                    0x200000a4   Section       48  mpu6050.o(.data)
    ACC_OFFSET_OK                            0x200000a4   Data           1  mpu6050.o(.data)
    filter_cnt                               0x200000a5   Data           1  mpu6050.o(.data)
    tempax                                   0x200000a8   Data           4  mpu6050.o(.data)
    tempay                                   0x200000ac   Data           4  mpu6050.o(.data)
    tempaz                                   0x200000b0   Data           4  mpu6050.o(.data)
    cnt_a                                    0x200000b4   Data           1  mpu6050.o(.data)
    .data                                    0x200000d4   Section       20  stm32f10x_rcc.o(.data)
    APBAHBPrescTable                         0x200000d4   Data          16  stm32f10x_rcc.o(.data)
    ADCPrescTable                            0x200000e4   Data           4  stm32f10x_rcc.o(.data)
    .bss                                     0x200000e8   Section      496  motor.o(.bss)
    .bss                                     0x200002d8   Section       20  uart_config.o(.bss)
    .bss                                     0x200002ec   Section       12  imu.o(.bss)
    .bss                                     0x200002f8   Section       60  mpu6050.o(.bss)
    ACC_X_BUF                                0x200002f8   Data          20  mpu6050.o(.bss)
    ACC_Y_BUF                                0x2000030c   Data          20  mpu6050.o(.bss)
    ACC_Z_BUF                                0x20000320   Data          20  mpu6050.o(.bss)
    .bss                                     0x20000334   Section       96  libspace.o(.bss)
    HEAP                                     0x20000398   Section      512  startup_stm32f10x_hd.o(HEAP)
    Heap_Mem                                 0x20000398   Data         512  startup_stm32f10x_hd.o(HEAP)
    STACK                                    0x20000598   Section     1024  startup_stm32f10x_hd.o(STACK)
    Stack_Mem                                0x20000598   Data        1024  startup_stm32f10x_hd.o(STACK)
    __initial_sp                             0x20000998   Data           0  startup_stm32f10x_hd.o(STACK)

    Global Symbols

    Symbol Name                              Value     Ov Type        Size  Object(Section)

    BuildAttributes$$THM_ISAv4$P$D$K$B$S$PE$A:L22UL41UL21$X:L11$S22US41US21$IEEE1$IW$USESV6$~STKCKD$USESV7$~SHL$OTIME$ROPI$IEEEX$EBA8$UX$STANDARDLIB$REQ8$PRES8$EABIv2 0x00000000   Number         0  anon$$obj.o ABSOLUTE
    __ARM_use_no_argv                        0x00000000   Number         0  main.o ABSOLUTE
    _printf_flags                            0x00000000   Number         0  printf_stubs.o ABSOLUTE
    _printf_return_value                     0x00000000   Number         0  printf_stubs.o ABSOLUTE
    _printf_sizespec                         0x00000000   Number         0  printf_stubs.o ABSOLUTE
    _printf_widthprec                        0x00000000   Number         0  printf_stubs.o ABSOLUTE
    __ARM_exceptions_init                     - Undefined Weak Reference
    __alloca_initialize                       - Undefined Weak Reference
    __cpp_initialize__aeabi_                  - Undefined Weak Reference
    __cxa_finalize                            - Undefined Weak Reference
    __sigvec_lookup                           - Undefined Weak Reference
    _atexit_init                              - Undefined Weak Reference
    _call_atexit_fns                          - Undefined Weak Reference
    _clock_init                               - Undefined Weak Reference
    _fp_trap_init                             - Undefined Weak Reference
    _fp_trap_shutdown                         - Undefined Weak Reference
    _get_lc_collate                           - Undefined Weak Reference
    _get_lc_ctype                             - Undefined Weak Reference
    _get_lc_monetary                          - Undefined Weak Reference
    _get_lc_time                              - Undefined Weak Reference
    _getenv_init                              - Undefined Weak Reference
    _handle_redirection                       - Undefined Weak Reference
    _init_alloc                               - Undefined Weak Reference
    _init_user_alloc                          - Undefined Weak Reference
    _initio                                   - Undefined Weak Reference
    _printf_truncate_signed                   - Undefined Weak Reference
    _printf_truncate_unsigned                 - Undefined Weak Reference
    _rand_init                                - Undefined Weak Reference
    _signal_finish                            - Undefined Weak Reference
    _signal_init                              - Undefined Weak Reference
    _terminate_alloc                          - Undefined Weak Reference
    _terminate_user_alloc                     - Undefined Weak Reference
    _terminateio                              - Undefined Weak Reference
    __Vectors_Size                           0x00000130   Number         0  startup_stm32f10x_hd.o ABSOLUTE
    __Vectors                                0x08000000   Data           4  startup_stm32f10x_hd.o(RESET)
    __Vectors_End                            0x08000130   Data           0  startup_stm32f10x_hd.o(RESET)
    __main                                   0x08000131   Thumb Code     8  __main.o(!!!main)
    __scatterload                            0x08000139   Thumb Code     0  __scatter.o(!!!scatter)
    __scatterload_rt2                        0x08000139   Thumb Code    44  __scatter.o(!!!scatter)
    __scatterload_rt2_thumb_only             0x08000139   Thumb Code     0  __scatter.o(!!!scatter)
    __scatterload_null                       0x08000147   Thumb Code     0  __scatter.o(!!!scatter)
    __scatterload_copy                       0x0800016d   Thumb Code    26  __scatter_copy.o(!!handler_copy)
    __scatterload_zeroinit                   0x08000189   Thumb Code    28  __scatter_zi.o(!!handler_zi)
    _printf_f                                0x080001a5   Thumb Code     0  _printf_f.o(.ARM.Collect$$_printf_percent$$00000003)
    _printf_percent                          0x080001a5   Thumb Code     0  _printf_percent.o(.ARM.Collect$$_printf_percent$$00000000)
    _printf_d                                0x080001ab   Thumb Code     0  _printf_d.o(.ARM.Collect$$_printf_percent$$00000009)
    _printf_percent_end                      0x080001b1   Thumb Code     0  _printf_percent_end.o(.ARM.Collect$$_printf_percent$$00000017)
    __rt_lib_init                            0x080001b5   Thumb Code     0  libinit.o(.ARM.Collect$$libinit$$00000000)
    __rt_lib_init_fp_1                       0x080001b7   Thumb Code     0  libinit2.o(.ARM.Collect$$libinit$$00000002)
    __rt_lib_init_heap_1                     0x080001b7   Thumb Code     0  libinit2.o(.ARM.Collect$$libinit$$00000008)
    __rt_lib_init_lc_common                  0x080001b7   Thumb Code     0  libinit2.o(.ARM.Collect$$libinit$$0000000D)
    __rt_lib_init_rand_1                     0x080001b7   Thumb Code     0  libinit2.o(.ARM.Collect$$libinit$$0000000C)
    __rt_lib_init_user_alloc_1               0x080001b7   Thumb Code     0  libinit2.o(.ARM.Collect$$libinit$$0000000A)
    __rt_lib_init_lc_collate_1               0x080001bd   Thumb Code     0  libinit2.o(.ARM.Collect$$libinit$$0000000F)
    __rt_lib_init_lc_ctype_1                 0x080001bd   Thumb Code     0  libinit2.o(.ARM.Collect$$libinit$$00000011)
    __rt_lib_init_lc_monetary_1              0x080001bd   Thumb Code     0  libinit2.o(.ARM.Collect$$libinit$$00000013)
    __rt_lib_init_lc_numeric_2               0x080001bd   Thumb Code     0  libinit2.o(.ARM.Collect$$libinit$$00000014)
    __rt_lib_init_alloca_1                   0x080001c7   Thumb Code     0  libinit2.o(.ARM.Collect$$libinit$$0000002C)
    __rt_lib_init_argv_1                     0x080001c7   Thumb Code     0  libinit2.o(.ARM.Collect$$libinit$$0000002A)
    __rt_lib_init_atexit_1                   0x080001c7   Thumb Code     0  libinit2.o(.ARM.Collect$$libinit$$00000019)
    __rt_lib_init_clock_1                    0x080001c7   Thumb Code     0  libinit2.o(.ARM.Collect$$libinit$$0000001F)
    __rt_lib_init_cpp_1                      0x080001c7   Thumb Code     0  libinit2.o(.ARM.Collect$$libinit$$00000030)
    __rt_lib_init_exceptions_1               0x080001c7   Thumb Code     0  libinit2.o(.ARM.Collect$$libinit$$0000002E)
    __rt_lib_init_fp_trap_1                  0x080001c7   Thumb Code     0  libinit2.o(.ARM.Collect$$libinit$$0000001D)
    __rt_lib_init_getenv_1                   0x080001c7   Thumb Code     0  libinit2.o(.ARM.Collect$$libinit$$00000021)
    __rt_lib_init_lc_numeric_1               0x080001c7   Thumb Code     0  libinit2.o(.ARM.Collect$$libinit$$00000015)
    __rt_lib_init_lc_time_1                  0x080001c7   Thumb Code     0  libinit2.o(.ARM.Collect$$libinit$$00000017)
    __rt_lib_init_return                     0x080001c7   Thumb Code     0  libinit2.o(.ARM.Collect$$libinit$$00000031)
    __rt_lib_init_signal_1                   0x080001c7   Thumb Code     0  libinit2.o(.ARM.Collect$$libinit$$0000001B)
    __rt_lib_init_stdio_1                    0x080001c7   Thumb Code     0  libinit2.o(.ARM.Collect$$libinit$$00000023)
    __rt_lib_shutdown                        0x080001c9   Thumb Code     0  libshutdown.o(.ARM.Collect$$libshutdown$$00000000)
    __rt_lib_shutdown_fp_trap_1              0x080001cb   Thumb Code     0  libshutdown2.o(.ARM.Collect$$libshutdown$$00000006)
    __rt_lib_shutdown_heap_1                 0x080001cb   Thumb Code     0  libshutdown2.o(.ARM.Collect$$libshutdown$$0000000E)
    __rt_lib_shutdown_return                 0x080001cb   Thumb Code     0  libshutdown2.o(.ARM.Collect$$libshutdown$$0000000F)
    __rt_lib_shutdown_signal_1               0x080001cb   Thumb Code     0  libshutdown2.o(.ARM.Collect$$libshutdown$$00000009)
    __rt_lib_shutdown_stdio_1                0x080001cb   Thumb Code     0  libshutdown2.o(.ARM.Collect$$libshutdown$$00000003)
    __rt_lib_shutdown_user_alloc_1           0x080001cb   Thumb Code     0  libshutdown2.o(.ARM.Collect$$libshutdown$$0000000B)
    __rt_entry                               0x080001cd   Thumb Code     0  rtentry.o(.ARM.Collect$$rtentry$$00000000)
    __rt_entry_presh_1                       0x080001cd   Thumb Code     0  rtentry2.o(.ARM.Collect$$rtentry$$00000002)
    __rt_entry_sh                            0x080001cd   Thumb Code     0  rtentry4.o(.ARM.Collect$$rtentry$$00000004)
    __rt_entry_li                            0x080001d3   Thumb Code     0  rtentry2.o(.ARM.Collect$$rtentry$$0000000A)
    __rt_entry_postsh_1                      0x080001d3   Thumb Code     0  rtentry2.o(.ARM.Collect$$rtentry$$00000009)
    __rt_entry_main                          0x080001d7   Thumb Code     0  rtentry2.o(.ARM.Collect$$rtentry$$0000000D)
    __rt_entry_postli_1                      0x080001d7   Thumb Code     0  rtentry2.o(.ARM.Collect$$rtentry$$0000000C)
    __rt_exit                                0x080001df   Thumb Code     0  rtexit.o(.ARM.Collect$$rtexit$$00000000)
    __rt_exit_ls                             0x080001e1   Thumb Code     0  rtexit2.o(.ARM.Collect$$rtexit$$00000003)
    __rt_exit_prels_1                        0x080001e1   Thumb Code     0  rtexit2.o(.ARM.Collect$$rtexit$$00000002)
    __rt_exit_exit                           0x080001e5   Thumb Code     0  rtexit2.o(.ARM.Collect$$rtexit$$00000004)
    Reset_Handler                            0x080001ed   Thumb Code     8  startup_stm32f10x_hd.o(.text)
    NMI_Handler                              0x080001f5   Thumb Code     2  startup_stm32f10x_hd.o(.text)
    HardFault_Handler                        0x080001f7   Thumb Code     2  startup_stm32f10x_hd.o(.text)
    MemManage_Handler                        0x080001f9   Thumb Code     2  startup_stm32f10x_hd.o(.text)
    BusFault_Handler                         0x080001fb   Thumb Code     2  startup_stm32f10x_hd.o(.text)
    UsageFault_Handler                       0x080001fd   Thumb Code     2  startup_stm32f10x_hd.o(.text)
    SVC_Handler                              0x080001ff   Thumb Code     2  startup_stm32f10x_hd.o(.text)
    DebugMon_Handler                         0x08000201   Thumb Code     2  startup_stm32f10x_hd.o(.text)
    PendSV_Handler                           0x08000203   Thumb Code     2  startup_stm32f10x_hd.o(.text)
    SysTick_Handler                          0x08000205   Thumb Code     2  startup_stm32f10x_hd.o(.text)
    ADC1_2_IRQHandler                        0x08000207   Thumb Code     0  startup_stm32f10x_hd.o(.text)
    ADC3_IRQHandler                          0x08000207   Thumb Code     0  startup_stm32f10x_hd.o(.text)
    CAN1_RX1_IRQHandler                      0x08000207   Thumb Code     0  startup_stm32f10x_hd.o(.text)
    CAN1_SCE_IRQHandler                      0x08000207   Thumb Code     0  startup_stm32f10x_hd.o(.text)
    DMA1_Channel1_IRQHandler                 0x08000207   Thumb Code     0  startup_stm32f10x_hd.o(.text)
    DMA1_Channel2_IRQHandler                 0x08000207   Thumb Code     0  startup_stm32f10x_hd.o(.text)
    DMA1_Channel3_IRQHandler                 0x08000207   Thumb Code     0  startup_stm32f10x_hd.o(.text)
    DMA1_Channel4_IRQHandler                 0x08000207   Thumb Code     0  startup_stm32f10x_hd.o(.text)
    DMA1_Channel5_IRQHandler                 0x08000207   Thumb Code     0  startup_stm32f10x_hd.o(.text)
    DMA1_Channel6_IRQHandler                 0x08000207   Thumb Code     0  startup_stm32f10x_hd.o(.text)
    DMA1_Channel7_IRQHandler                 0x08000207   Thumb Code     0  startup_stm32f10x_hd.o(.text)
    DMA2_Channel1_IRQHandler                 0x08000207   Thumb Code     0  startup_stm32f10x_hd.o(.text)
    DMA2_Channel2_IRQHandler                 0x08000207   Thumb Code     0  startup_stm32f10x_hd.o(.text)
    DMA2_Channel3_IRQHandler                 0x08000207   Thumb Code     0  startup_stm32f10x_hd.o(.text)
    DMA2_Channel4_5_IRQHandler               0x08000207   Thumb Code     0  startup_stm32f10x_hd.o(.text)
    EXTI0_IRQHandler                         0x08000207   Thumb Code     0  startup_stm32f10x_hd.o(.text)
    EXTI15_10_IRQHandler                     0x08000207   Thumb Code     0  startup_stm32f10x_hd.o(.text)
    EXTI1_IRQHandler                         0x08000207   Thumb Code     0  startup_stm32f10x_hd.o(.text)
    EXTI2_IRQHandler                         0x08000207   Thumb Code     0  startup_stm32f10x_hd.o(.text)
    EXTI3_IRQHandler                         0x08000207   Thumb Code     0  startup_stm32f10x_hd.o(.text)
    EXTI4_IRQHandler                         0x08000207   Thumb Code     0  startup_stm32f10x_hd.o(.text)
    EXTI9_5_IRQHandler                       0x08000207   Thumb Code     0  startup_stm32f10x_hd.o(.text)
    FLASH_IRQHandler                         0x08000207   Thumb Code     0  startup_stm32f10x_hd.o(.text)
    FSMC_IRQHandler                          0x08000207   Thumb Code     0  startup_stm32f10x_hd.o(.text)
    I2C1_ER_IRQHandler                       0x08000207   Thumb Code     0  startup_stm32f10x_hd.o(.text)
    I2C1_EV_IRQHandler                       0x08000207   Thumb Code     0  startup_stm32f10x_hd.o(.text)
    I2C2_ER_IRQHandler                       0x08000207   Thumb Code     0  startup_stm32f10x_hd.o(.text)
    I2C2_EV_IRQHandler                       0x08000207   Thumb Code     0  startup_stm32f10x_hd.o(.text)
    PVD_IRQHandler                           0x08000207   Thumb Code     0  startup_stm32f10x_hd.o(.text)
    RCC_IRQHandler                           0x08000207   Thumb Code     0  startup_stm32f10x_hd.o(.text)
    RTCAlarm_IRQHandler                      0x08000207   Thumb Code     0  startup_stm32f10x_hd.o(.text)
    RTC_IRQHandler                           0x08000207   Thumb Code     0  startup_stm32f10x_hd.o(.text)
    SDIO_IRQHandler                          0x08000207   Thumb Code     0  startup_stm32f10x_hd.o(.text)
    SPI1_IRQHandler                          0x08000207   Thumb Code     0  startup_stm32f10x_hd.o(.text)
    SPI2_IRQHandler                          0x08000207   Thumb Code     0  startup_stm32f10x_hd.o(.text)
    SPI3_IRQHandler                          0x08000207   Thumb Code     0  startup_stm32f10x_hd.o(.text)
    TAMPER_IRQHandler                        0x08000207   Thumb Code     0  startup_stm32f10x_hd.o(.text)
    TIM1_BRK_IRQHandler                      0x08000207   Thumb Code     0  startup_stm32f10x_hd.o(.text)
    TIM1_CC_IRQHandler                       0x08000207   Thumb Code     0  startup_stm32f10x_hd.o(.text)
    TIM1_TRG_COM_IRQHandler                  0x08000207   Thumb Code     0  startup_stm32f10x_hd.o(.text)
    TIM1_UP_IRQHandler                       0x08000207   Thumb Code     0  startup_stm32f10x_hd.o(.text)
    TIM4_IRQHandler                          0x08000207   Thumb Code     0  startup_stm32f10x_hd.o(.text)
    TIM5_IRQHandler                          0x08000207   Thumb Code     0  startup_stm32f10x_hd.o(.text)
    TIM6_IRQHandler                          0x08000207   Thumb Code     0  startup_stm32f10x_hd.o(.text)
    TIM7_IRQHandler                          0x08000207   Thumb Code     0  startup_stm32f10x_hd.o(.text)
    TIM8_BRK_IRQHandler                      0x08000207   Thumb Code     0  startup_stm32f10x_hd.o(.text)
    TIM8_CC_IRQHandler                       0x08000207   Thumb Code     0  startup_stm32f10x_hd.o(.text)
    TIM8_TRG_COM_IRQHandler                  0x08000207   Thumb Code     0  startup_stm32f10x_hd.o(.text)
    TIM8_UP_IRQHandler                       0x08000207   Thumb Code     0  startup_stm32f10x_hd.o(.text)
    UART4_IRQHandler                         0x08000207   Thumb Code     0  startup_stm32f10x_hd.o(.text)
    UART5_IRQHandler                         0x08000207   Thumb Code     0  startup_stm32f10x_hd.o(.text)
    USART1_IRQHandler                        0x08000207   Thumb Code     0  startup_stm32f10x_hd.o(.text)
    USART2_IRQHandler                        0x08000207   Thumb Code     0  startup_stm32f10x_hd.o(.text)
    USBWakeUp_IRQHandler                     0x08000207   Thumb Code     0  startup_stm32f10x_hd.o(.text)
    USB_HP_CAN1_TX_IRQHandler                0x08000207   Thumb Code     0  startup_stm32f10x_hd.o(.text)
    USB_LP_CAN1_RX0_IRQHandler               0x08000207   Thumb Code     0  startup_stm32f10x_hd.o(.text)
    WWDG_IRQHandler                          0x08000207   Thumb Code     0  startup_stm32f10x_hd.o(.text)
    __user_initial_stackheap                 0x08000209   Thumb Code     0  startup_stm32f10x_hd.o(.text)
    SystemInit                               0x08000309   Thumb Code    78  system_stm32f10x.o(.text)
    SystemCoreClockUpdate                    0x08000357   Thumb Code   142  system_stm32f10x.o(.text)
    GPIO_Counfiguration                      0x08000409   Thumb Code    38  board.o(.text)
    Board_Init                               0x0800042f   Thumb Code     8  board.o(.text)
    main                                     0x0800043d   Thumb Code   140  main.o(.text)
    delay_init                               0x080004f9   Thumb Code    56  delay.o(.text)
    delay_ms                                 0x08000531   Thumb Code    54  delay.o(.text)
    delay_us                                 0x08000567   Thumb Code    54  delay.o(.text)
    GPIO_Configuration_PWM                   0x080005a5   Thumb Code    40  pwm.o(.text)
    Timer_Configuration_PWM                  0x080005cd   Thumb Code   232  pwm.o(.text)
    PWM_Init                                 0x080006b5   Thumb Code    12  pwm.o(.text)
    PWM_Pulse_Change                         0x080006c1   Thumb Code    70  pwm.o(.text)
    Motor_Run                                0x08000711   Thumb Code    36  motor.o(.text)
    max_p_ang_X                              0x08000735   Thumb Code   134  motor.o(.text)
    max_p_ang_Y                              0x080007bb   Thumb Code   134  motor.o(.text)
    SimplePendulum_X                         0x08000841   Thumb Code   278  motor.o(.text)
    SimplePendulum_Y                         0x08000957   Thumb Code   278  motor.o(.text)
    SimplePendulum_Y_CC                      0x08000a6d   Thumb Code   566  motor.o(.text)
    SimplePendulum_X_CC                      0x08000ca3   Thumb Code   504  motor.o(.text)
    AnglePendulum                            0x08000e9b   Thumb Code   284  motor.o(.text)
    AnglePendulum_CC                         0x08000fb7   Thumb Code   462  motor.o(.text)
    Circle                                   0x08001185   Thumb Code   372  motor.o(.text)
    Circle_CC                                0x080012f9   Thumb Code   772  motor.o(.text)
    StopPendulum                             0x080015fd   Thumb Code   270  motor.o(.text)
    GPIO_Configuration_UART                  0x08001739   Thumb Code    70  uart_config.o(.text)
    UART_Set                                 0x0800177f   Thumb Code    60  uart_config.o(.text)
    NVIC_Configuration_UART                  0x080017bb   Thumb Code    34  uart_config.o(.text)
    UART_Init                                0x080017dd   Thumb Code    20  uart_config.o(.text)
    UART_SendStr                             0x080017f1   Thumb Code    38  uart_config.o(.text)
    USART3_IRQHandler                        0x08001817   Thumb Code    62  uart_config.o(.text)
    NVIC_Configuartion_TIM3                  0x08001869   Thumb Code    38  timer.o(.text)
    Timer3_Configuartion                     0x0800188f   Thumb Code    76  timer.o(.text)
    Timer3_Init                              0x080018db   Thumb Code    12  timer.o(.text)
    TIM3_IRQHandler                          0x080018e7   Thumb Code   166  timer.o(.text)
    GPIO_Configuration_Catch                 0x080019b9   Thumb Code    32  catch.o(.text)
    Catch_Configuration                      0x080019d9   Thumb Code   134  catch.o(.text)
    NVIC_Configuration_Catch                 0x08001a5f   Thumb Code    40  catch.o(.text)
    TIM2_IRQHandler                          0x08001a87   Thumb Code    42  catch.o(.text)
    PID_Regulator                            0x08001ac1   Thumb Code   112  mypid.o(.text)
    IIC_Start_OLED                           0x08001b41   Thumb Code    28  oled.o(.text)
    IIC_Stop_OLED                            0x08001b5d   Thumb Code    28  oled.o(.text)
    Write_IIC_Byte                           0x08001b79   Thumb Code    82  oled.o(.text)
    OLED_WrDat                               0x08001bcb   Thumb Code    32  oled.o(.text)
    OLED_WrCmd                               0x08001beb   Thumb Code    32  oled.o(.text)
    OLED_Set_Pos                             0x08001c0b   Thumb Code    40  oled.o(.text)
    OLED_Fill                                0x08001c33   Thumb Code    58  oled.o(.text)
    OLED_CLS                                 0x08001c6d   Thumb Code    56  oled.o(.text)
    OLED_Init                                0x08001ca5   Thumb Code   274  oled.o(.text)
    OLED_P6x8Str                             0x08001db7   Thumb Code    96  oled.o(.text)
    OLED_P8x16Str                            0x08001e17   Thumb Code   130  oled.o(.text)
    OLED_Shownum                             0x08001e99   Thumb Code    54  oled.o(.text)
    OLED_Shownumf                            0x08001ecf   Thumb Code    58  oled.o(.text)
    OLED_P16x16Ch                            0x08001f09   Thumb Code   128  oled.o(.text)
    OLED_Chinese                             0x08001f89   Thumb Code    44  oled.o(.text)
    Draw_BMP                                 0x08001fb5   Thumb Code   118  oled.o(.text)
    IMUupdate                                0x08002031   Thumb Code  1608  imu.o(.text)
    IIC_Start                                0x080026df   Thumb Code    68  mpu6050.o(.text)
    IIC_Stop                                 0x08002723   Thumb Code    72  mpu6050.o(.text)
    IIC_Wait_Ack                             0x0800276b   Thumb Code   108  mpu6050.o(.text)
    IIC_Ack                                  0x080027d7   Thumb Code    68  mpu6050.o(.text)
    IIC_NAck                                 0x0800281b   Thumb Code    72  mpu6050.o(.text)
    IIC_Send_Byte                            0x08002863   Thumb Code   110  mpu6050.o(.text)
    IIC_Read_Byte                            0x080028d1   Thumb Code   132  mpu6050.o(.text)
    IIC_Write_One_Byte                       0x08002955   Thumb Code    48  mpu6050.o(.text)
    IIC_Read_One_Byte                        0x08002985   Thumb Code    62  mpu6050.o(.text)
    MPU6050_Init                             0x080029c3   Thumb Code   140  mpu6050.o(.text)
    GetData_MPU6050                          0x08002a4f   Thumb Code    32  mpu6050.o(.text)
    Read_Filter_MPU6050                      0x08002a6f   Thumb Code   504  mpu6050.o(.text)
    NVIC_PriorityGroupConfig                 0x08002ca1   Thumb Code    10  misc.o(.text)
    NVIC_Init                                0x08002cab   Thumb Code   102  misc.o(.text)
    NVIC_SetVectorTable                      0x08002d11   Thumb Code    14  misc.o(.text)
    NVIC_SystemLPConfig                      0x08002d1f   Thumb Code    34  misc.o(.text)
    SysTick_CLKSourceConfig                  0x08002d41   Thumb Code    40  misc.o(.text)
    GPIO_DeInit                              0x08002d7d   Thumb Code   172  stm32f10x_gpio.o(.text)
    GPIO_AFIODeInit                          0x08002e29   Thumb Code    20  stm32f10x_gpio.o(.text)
    GPIO_Init                                0x08002e3d   Thumb Code   274  stm32f10x_gpio.o(.text)
    GPIO_StructInit                          0x08002f4f   Thumb Code    16  stm32f10x_gpio.o(.text)
    GPIO_ReadInputDataBit                    0x08002f5f   Thumb Code    18  stm32f10x_gpio.o(.text)
    GPIO_ReadInputData                       0x08002f71   Thumb Code     8  stm32f10x_gpio.o(.text)
    GPIO_ReadOutputDataBit                   0x08002f79   Thumb Code    18  stm32f10x_gpio.o(.text)
    GPIO_ReadOutputData                      0x08002f8b   Thumb Code     8  stm32f10x_gpio.o(.text)
    GPIO_SetBits                             0x08002f93   Thumb Code     4  stm32f10x_gpio.o(.text)
    GPIO_ResetBits                           0x08002f97   Thumb Code     4  stm32f10x_gpio.o(.text)
    GPIO_WriteBit                            0x08002f9b   Thumb Code    10  stm32f10x_gpio.o(.text)
    GPIO_Write                               0x08002fa5   Thumb Code     4  stm32f10x_gpio.o(.text)
    GPIO_PinLockConfig                       0x08002fa9   Thumb Code    18  stm32f10x_gpio.o(.text)
    GPIO_EventOutputConfig                   0x08002fbb   Thumb Code    26  stm32f10x_gpio.o(.text)
    GPIO_EventOutputCmd                      0x08002fd5   Thumb Code     6  stm32f10x_gpio.o(.text)
    GPIO_PinRemapConfig                      0x08002fdb   Thumb Code   138  stm32f10x_gpio.o(.text)
    GPIO_EXTILineConfig                      0x08003065   Thumb Code    66  stm32f10x_gpio.o(.text)
    GPIO_ETH_MediaInterfaceConfig            0x080030a7   Thumb Code     6  stm32f10x_gpio.o(.text)
    RCC_DeInit                               0x080030d5   Thumb Code    64  stm32f10x_rcc.o(.text)
    RCC_HSEConfig                            0x08003115   Thumb Code    70  stm32f10x_rcc.o(.text)
    RCC_GetFlagStatus                        0x0800315b   Thumb Code    56  stm32f10x_rcc.o(.text)
    RCC_WaitForHSEStartUp                    0x08003193   Thumb Code    56  stm32f10x_rcc.o(.text)
    RCC_AdjustHSICalibrationValue            0x080031cb   Thumb Code    20  stm32f10x_rcc.o(.text)
    RCC_HSICmd                               0x080031df   Thumb Code     6  stm32f10x_rcc.o(.text)
    RCC_PLLConfig                            0x080031e5   Thumb Code    24  stm32f10x_rcc.o(.text)
    RCC_PLLCmd                               0x080031fd   Thumb Code     6  stm32f10x_rcc.o(.text)
    RCC_SYSCLKConfig                         0x08003203   Thumb Code    18  stm32f10x_rcc.o(.text)
    RCC_GetSYSCLKSource                      0x08003215   Thumb Code    10  stm32f10x_rcc.o(.text)
    RCC_HCLKConfig                           0x0800321f   Thumb Code    18  stm32f10x_rcc.o(.text)
    RCC_PCLK1Config                          0x08003231   Thumb Code    18  stm32f10x_rcc.o(.text)
    RCC_PCLK2Config                          0x08003243   Thumb Code    20  stm32f10x_rcc.o(.text)
    RCC_ITConfig                             0x08003257   Thumb Code    26  stm32f10x_rcc.o(.text)
    RCC_USBCLKConfig                         0x08003271   Thumb Code     6  stm32f10x_rcc.o(.text)
    RCC_ADCCLKConfig                         0x08003277   Thumb Code    18  stm32f10x_rcc.o(.text)
    RCC_LSEConfig                            0x08003289   Thumb Code    44  stm32f10x_rcc.o(.text)
    RCC_LSICmd                               0x080032b5   Thumb Code     6  stm32f10x_rcc.o(.text)
    RCC_RTCCLKConfig                         0x080032bb   Thumb Code    12  stm32f10x_rcc.o(.text)
    RCC_RTCCLKCmd                            0x080032c7   Thumb Code     8  stm32f10x_rcc.o(.text)
    RCC_GetClocksFreq                        0x080032cf   Thumb Code   192  stm32f10x_rcc.o(.text)
    RCC_AHBPeriphClockCmd                    0x0800338f   Thumb Code    26  stm32f10x_rcc.o(.text)
    RCC_APB2PeriphClockCmd                   0x080033a9   Thumb Code    26  stm32f10x_rcc.o(.text)
    RCC_APB1PeriphClockCmd                   0x080033c3   Thumb Code    26  stm32f10x_rcc.o(.text)
    RCC_APB2PeriphResetCmd                   0x080033dd   Thumb Code    26  stm32f10x_rcc.o(.text)
    RCC_APB1PeriphResetCmd                   0x080033f7   Thumb Code    26  stm32f10x_rcc.o(.text)
    RCC_BackupResetCmd                       0x08003411   Thumb Code     8  stm32f10x_rcc.o(.text)
    RCC_ClockSecuritySystemCmd               0x08003419   Thumb Code     6  stm32f10x_rcc.o(.text)
    RCC_MCOConfig                            0x0800341f   Thumb Code     6  stm32f10x_rcc.o(.text)
    RCC_ClearFlag                            0x08003425   Thumb Code    14  stm32f10x_rcc.o(.text)
    RCC_GetITStatus                          0x08003433   Thumb Code    20  stm32f10x_rcc.o(.text)
    RCC_ClearITPendingBit                    0x08003447   Thumb Code     6  stm32f10x_rcc.o(.text)
    TIM_DeInit                               0x08003479   Thumb Code   424  stm32f10x_tim.o(.text)
    TIM_TimeBaseInit                         0x08003621   Thumb Code   122  stm32f10x_tim.o(.text)
    TIM_OC1Init                              0x0800369b   Thumb Code   132  stm32f10x_tim.o(.text)
    TIM_OC2Init                              0x0800371f   Thumb Code   154  stm32f10x_tim.o(.text)
    TIM_OC3Init                              0x080037b9   Thumb Code   150  stm32f10x_tim.o(.text)
    TIM_OC4Init                              0x0800384f   Thumb Code   182  stm32f10x_tim.o(.text)
    TIM_SetIC4Prescaler                      0x08003905   Thumb Code    26  stm32f10x_tim.o(.text)
    TIM_SetIC3Prescaler                      0x080039a1   Thumb Code    18  stm32f10x_tim.o(.text)
    TIM_SetIC2Prescaler                      0x08003a2d   Thumb Code    26  stm32f10x_tim.o(.text)
    TIM_SetIC1Prescaler                      0x08003ac9   Thumb Code    18  stm32f10x_tim.o(.text)
    TIM_ICInit                               0x08003b47   Thumb Code   150  stm32f10x_tim.o(.text)
    TIM_PWMIConfig                           0x08003bdd   Thumb Code   124  stm32f10x_tim.o(.text)
    TIM_BDTRConfig                           0x08003c59   Thumb Code    32  stm32f10x_tim.o(.text)
    TIM_TimeBaseStructInit                   0x08003c79   Thumb Code    18  stm32f10x_tim.o(.text)
    TIM_OCStructInit                         0x08003c8b   Thumb Code    20  stm32f10x_tim.o(.text)
    TIM_ICStructInit                         0x08003c9f   Thumb Code    18  stm32f10x_tim.o(.text)
    TIM_BDTRStructInit                       0x08003cb1   Thumb Code    40  stm32f10x_tim.o(.text)
    TIM_Cmd                                  0x08003cd9   Thumb Code    24  stm32f10x_tim.o(.text)
    TIM_CtrlPWMOutputs                       0x08003cf1   Thumb Code    30  stm32f10x_tim.o(.text)
    TIM_ITConfig                             0x08003d0f   Thumb Code    18  stm32f10x_tim.o(.text)
    TIM_GenerateEvent                        0x08003d21   Thumb Code     4  stm32f10x_tim.o(.text)
    TIM_DMAConfig                            0x08003d25   Thumb Code    10  stm32f10x_tim.o(.text)
    TIM_DMACmd                               0x08003d2f   Thumb Code    18  stm32f10x_tim.o(.text)
    TIM_InternalClockConfig                  0x08003d41   Thumb Code    12  stm32f10x_tim.o(.text)
    TIM_SelectInputTrigger                   0x08003d4d   Thumb Code    18  stm32f10x_tim.o(.text)
    TIM_ITRxExternalClockConfig              0x08003d5f   Thumb Code    24  stm32f10x_tim.o(.text)
    TIM_TIxExternalClockConfig               0x08003d77   Thumb Code    62  stm32f10x_tim.o(.text)
    TIM_ETRConfig                            0x08003db5   Thumb Code    28  stm32f10x_tim.o(.text)
    TIM_ETRClockMode1Config                  0x08003dd1   Thumb Code    54  stm32f10x_tim.o(.text)
    TIM_ETRClockMode2Config                  0x08003e07   Thumb Code    32  stm32f10x_tim.o(.text)
    TIM_PrescalerConfig                      0x08003e27   Thumb Code     6  stm32f10x_tim.o(.text)
    TIM_CounterModeConfig                    0x08003e2d   Thumb Code    18  stm32f10x_tim.o(.text)
    TIM_EncoderInterfaceConfig               0x08003e3f   Thumb Code    66  stm32f10x_tim.o(.text)
    TIM_ForcedOC1Config                      0x08003e81   Thumb Code    18  stm32f10x_tim.o(.text)
    TIM_ForcedOC2Config                      0x08003e93   Thumb Code    26  stm32f10x_tim.o(.text)
    TIM_ForcedOC3Config                      0x08003ead   Thumb Code    18  stm32f10x_tim.o(.text)
    TIM_ForcedOC4Config                      0x08003ebf   Thumb Code    26  stm32f10x_tim.o(.text)
    TIM_ARRPreloadConfig                     0x08003ed9   Thumb Code    24  stm32f10x_tim.o(.text)
    TIM_SelectCOM                            0x08003ef1   Thumb Code    24  stm32f10x_tim.o(.text)
    TIM_SelectCCDMA                          0x08003f09   Thumb Code    24  stm32f10x_tim.o(.text)
    TIM_CCPreloadControl                     0x08003f21   Thumb Code    24  stm32f10x_tim.o(.text)
    TIM_OC1PreloadConfig                     0x08003f39   Thumb Code    18  stm32f10x_tim.o(.text)
    TIM_OC2PreloadConfig                     0x08003f4b   Thumb Code    26  stm32f10x_tim.o(.text)
    TIM_OC3PreloadConfig                     0x08003f65   Thumb Code    18  stm32f10x_tim.o(.text)
    TIM_OC4PreloadConfig                     0x08003f77   Thumb Code    26  stm32f10x_tim.o(.text)
    TIM_OC1FastConfig                        0x08003f91   Thumb Code    18  stm32f10x_tim.o(.text)
    TIM_OC2FastConfig                        0x08003fa3   Thumb Code    26  stm32f10x_tim.o(.text)
    TIM_OC3FastConfig                        0x08003fbd   Thumb Code    18  stm32f10x_tim.o(.text)
    TIM_OC4FastConfig                        0x08003fcf   Thumb Code    26  stm32f10x_tim.o(.text)
    TIM_ClearOC1Ref                          0x08003fe9   Thumb Code    18  stm32f10x_tim.o(.text)
    TIM_ClearOC2Ref                          0x08003ffb   Thumb Code    24  stm32f10x_tim.o(.text)
    TIM_ClearOC3Ref                          0x08004013   Thumb Code    18  stm32f10x_tim.o(.text)
    TIM_ClearOC4Ref                          0x08004025   Thumb Code    24  stm32f10x_tim.o(.text)
    TIM_OC1PolarityConfig                    0x0800403d   Thumb Code    18  stm32f10x_tim.o(.text)
    TIM_OC1NPolarityConfig                   0x0800404f   Thumb Code    18  stm32f10x_tim.o(.text)
    TIM_OC2PolarityConfig                    0x08004061   Thumb Code    26  stm32f10x_tim.o(.text)
    TIM_OC2NPolarityConfig                   0x0800407b   Thumb Code    26  stm32f10x_tim.o(.text)
    TIM_OC3PolarityConfig                    0x08004095   Thumb Code    26  stm32f10x_tim.o(.text)
    TIM_OC3NPolarityConfig                   0x080040af   Thumb Code    26  stm32f10x_tim.o(.text)
    TIM_OC4PolarityConfig                    0x080040c9   Thumb Code    26  stm32f10x_tim.o(.text)
    TIM_CCxCmd                               0x080040e3   Thumb Code    30  stm32f10x_tim.o(.text)
    TIM_CCxNCmd                              0x08004101   Thumb Code    30  stm32f10x_tim.o(.text)
    TIM_SelectOCxM                           0x0800411f   Thumb Code    82  stm32f10x_tim.o(.text)
    TIM_UpdateDisableConfig                  0x08004171   Thumb Code    24  stm32f10x_tim.o(.text)
    TIM_UpdateRequestConfig                  0x08004189   Thumb Code    24  stm32f10x_tim.o(.text)
    TIM_SelectHallSensor                     0x080041a1   Thumb Code    24  stm32f10x_tim.o(.text)
    TIM_SelectOnePulseMode                   0x080041b9   Thumb Code    18  stm32f10x_tim.o(.text)
    TIM_SelectOutputTrigger                  0x080041cb   Thumb Code    18  stm32f10x_tim.o(.text)
    TIM_SelectSlaveMode                      0x080041dd   Thumb Code    18  stm32f10x_tim.o(.text)
    TIM_SelectMasterSlaveMode                0x080041ef   Thumb Code    18  stm32f10x_tim.o(.text)
    TIM_SetCounter                           0x08004201   Thumb Code     4  stm32f10x_tim.o(.text)
    TIM_SetAutoreload                        0x08004205   Thumb Code     4  stm32f10x_tim.o(.text)
    TIM_SetCompare1                          0x08004209   Thumb Code     4  stm32f10x_tim.o(.text)
    TIM_SetCompare2                          0x0800420d   Thumb Code     4  stm32f10x_tim.o(.text)
    TIM_SetCompare3                          0x08004211   Thumb Code     4  stm32f10x_tim.o(.text)
    TIM_SetCompare4                          0x08004215   Thumb Code     6  stm32f10x_tim.o(.text)
    TIM_SetClockDivision                     0x0800421b   Thumb Code    18  stm32f10x_tim.o(.text)
    TIM_GetCapture1                          0x0800422d   Thumb Code     6  stm32f10x_tim.o(.text)
    TIM_GetCapture2                          0x08004233   Thumb Code     6  stm32f10x_tim.o(.text)
    TIM_GetCapture3                          0x08004239   Thumb Code     6  stm32f10x_tim.o(.text)
    TIM_GetCapture4                          0x0800423f   Thumb Code     8  stm32f10x_tim.o(.text)
    TIM_GetCounter                           0x08004247   Thumb Code     6  stm32f10x_tim.o(.text)
    TIM_GetPrescaler                         0x0800424d   Thumb Code     6  stm32f10x_tim.o(.text)
    TIM_GetFlagStatus                        0x08004253   Thumb Code    18  stm32f10x_tim.o(.text)
    TIM_ClearFlag                            0x08004265   Thumb Code     6  stm32f10x_tim.o(.text)
    TIM_GetITStatus                          0x0800426b   Thumb Code    34  stm32f10x_tim.o(.text)
    TIM_ClearITPendingBit                    0x0800428d   Thumb Code     6  stm32f10x_tim.o(.text)
    USART_DeInit                             0x08004295   Thumb Code   134  stm32f10x_usart.o(.text)
    USART_Init                               0x0800431b   Thumb Code   210  stm32f10x_usart.o(.text)
    USART_StructInit                         0x080043ed   Thumb Code    24  stm32f10x_usart.o(.text)
    USART_ClockInit                          0x08004405   Thumb Code    34  stm32f10x_usart.o(.text)
    USART_ClockStructInit                    0x08004427   Thumb Code    12  stm32f10x_usart.o(.text)
    USART_Cmd                                0x08004433   Thumb Code    24  stm32f10x_usart.o(.text)
    USART_ITConfig                           0x0800444b   Thumb Code    74  stm32f10x_usart.o(.text)
    USART_DMACmd                             0x08004495   Thumb Code    18  stm32f10x_usart.o(.text)
    USART_SetAddress                         0x080044a7   Thumb Code    18  stm32f10x_usart.o(.text)
    USART_WakeUpConfig                       0x080044b9   Thumb Code    18  stm32f10x_usart.o(.text)
    USART_ReceiverWakeUpCmd                  0x080044cb   Thumb Code    24  stm32f10x_usart.o(.text)
    USART_LINBreakDetectLengthConfig         0x080044e3   Thumb Code    18  stm32f10x_usart.o(.text)
    USART_LINCmd                             0x080044f5   Thumb Code    24  stm32f10x_usart.o(.text)
    USART_SendData                           0x0800450d   Thumb Code     8  stm32f10x_usart.o(.text)
    USART_ReceiveData                        0x08004515   Thumb Code    10  stm32f10x_usart.o(.text)
    USART_SendBreak                          0x0800451f   Thumb Code    10  stm32f10x_usart.o(.text)
    USART_SetGuardTime                       0x08004529   Thumb Code    16  stm32f10x_usart.o(.text)
    USART_SetPrescaler                       0x08004539   Thumb Code    16  stm32f10x_usart.o(.text)
    USART_SmartCardCmd                       0x08004549   Thumb Code    24  stm32f10x_usart.o(.text)
    USART_SmartCardNACKCmd                   0x08004561   Thumb Code    24  stm32f10x_usart.o(.text)
    USART_HalfDuplexCmd                      0x08004579   Thumb Code    24  stm32f10x_usart.o(.text)
    USART_OverSampling8Cmd                   0x08004591   Thumb Code    22  stm32f10x_usart.o(.text)
    USART_OneBitMethodCmd                    0x080045a7   Thumb Code    24  stm32f10x_usart.o(.text)
    USART_IrDAConfig                         0x080045bf   Thumb Code    18  stm32f10x_usart.o(.text)
    USART_IrDACmd                            0x080045d1   Thumb Code    24  stm32f10x_usart.o(.text)
    USART_GetFlagStatus                      0x080045e9   Thumb Code    26  stm32f10x_usart.o(.text)
    USART_ClearFlag                          0x08004603   Thumb Code    18  stm32f10x_usart.o(.text)
    USART_GetITStatus                        0x08004615   Thumb Code    84  stm32f10x_usart.o(.text)
    USART_ClearITPendingBit                  0x08004669   Thumb Code    52  stm32f10x_usart.o(.text)
    __2sprintf                               0x0800469d   Thumb Code    34  noretval__2sprintf.o(.text)
    _printf_pre_padding                      0x080046c5   Thumb Code    46  _printf_pad.o(.text)
    _printf_post_padding                     0x080046f3   Thumb Code    36  _printf_pad.o(.text)
    _printf_int_dec                          0x08004719   Thumb Code   102  _printf_dec.o(.text)
    __printf                                 0x08004791   Thumb Code   270  __printf_wp.o(.text)
    __use_two_region_memory                  0x0800489f   Thumb Code     2  heapauxi.o(.text)
    __rt_heap_escrow$2region                 0x080048a1   Thumb Code     2  heapauxi.o(.text)
    __rt_heap_expand$2region                 0x080048a3   Thumb Code     2  heapauxi.o(.text)
    __read_errno                             0x080048a5   Thumb Code    10  _rserrno.o(.text)
    __set_errno                              0x080048af   Thumb Code    12  _rserrno.o(.text)
    _printf_int_common                       0x080048bb   Thumb Code   184  _printf_intcommon.o(.text)
    __lib_sel_fp_printf                      0x08004973   Thumb Code     2  _printf_fp_dec.o(.text)
    _printf_fp_dec_real                      0x08004b1f   Thumb Code   628  _printf_fp_dec.o(.text)
    _printf_char_common                      0x08004d9f   Thumb Code    32  _printf_char_common.o(.text)
    _sputc                                   0x08004dc5   Thumb Code    10  _sputc.o(.text)
    __rt_locale                              0x08004dd1   Thumb Code     8  rt_locale_intlibspace.o(.text)
    __aeabi_errno_addr                       0x08004dd9   Thumb Code     8  rt_errno_addr_intlibspace.o(.text)
    __errno$intlibspace                      0x08004dd9   Thumb Code     0  rt_errno_addr_intlibspace.o(.text)
    __rt_errno_addr$intlibspace              0x08004dd9   Thumb Code     0  rt_errno_addr_intlibspace.o(.text)
    _ll_udiv10                               0x08004de1   Thumb Code   138  lludiv10.o(.text)
    _printf_fp_infnan                        0x08004e6d   Thumb Code   112  _printf_fp_infnan.o(.text)
    _btod_etento                             0x08004eed   Thumb Code   222  bigflt0.o(.text)
    __user_libspace                          0x08004fd1   Thumb Code     8  libspace.o(.text)
    __user_perproc_libspace                  0x08004fd1   Thumb Code     0  libspace.o(.text)
    __user_perthread_libspace                0x08004fd1   Thumb Code     0  libspace.o(.text)
    __user_setup_stackheap                   0x08004fd9   Thumb Code    74  sys_stackheap_outer.o(.text)
    exit                                     0x08005023   Thumb Code    12  exit.o(.text)
    strcmp                                   0x08005031   Thumb Code   128  strcmpv7m.o(.text)
    _sys_exit                                0x080050b1   Thumb Code     8  sys_exit.o(.text)
    __I$use$semihosting                      0x080050bd   Thumb Code     0  use_no_semi.o(.text)
    __use_no_semihosting_swi                 0x080050bd   Thumb Code     2  use_no_semi.o(.text)
    __semihosting_library_function           0x080050bf   Thumb Code     0  indicate_semi.o(.text)
    _btod_d2e                                0x080050bf   Thumb Code    62  btod.o(CL$$btod_d2e)
    _d2e_denorm_low                          0x080050fd   Thumb Code    70  btod.o(CL$$btod_d2e_denorm_low)
    _d2e_norm_op1                            0x08005143   Thumb Code    96  btod.o(CL$$btod_d2e_norm_op1)
    __btod_div_common                        0x080051a3   Thumb Code   696  btod.o(CL$$btod_div_common)
    _e2e                                     0x080054db   Thumb Code   198  btod.o(CL$$btod_e2e)
    _btod_ediv                               0x080055a1   Thumb Code    40  btod.o(CL$$btod_ediv)
    _btod_emul                               0x080055c9   Thumb Code    40  btod.o(CL$$btod_emul)
    __btod_mult_common                       0x080055f1   Thumb Code   580  btod.o(CL$$btod_mult_common)
    __ARM_fpclassify                         0x08005835   Thumb Code    40  fpclassify.o(i.__ARM_fpclassify)
    __ieee754_rem_pio2                       0x0800585d   Thumb Code   832  rred.o(i.__ieee754_rem_pio2)
    __kernel_poly                            0x08005be5   Thumb Code   170  poly.o(i.__kernel_poly)
    __kernel_tan                             0x08005c91   Thumb Code   582  tan_i.o(i.__kernel_tan)
    __mathlib_dbl_underflow                  0x08005f09   Thumb Code    10  dunder.o(i.__mathlib_dbl_underflow)
    _is_digit                                0x08005f19   Thumb Code    14  __printf_wp.o(i._is_digit)
    asin                                     0x08005f29   Thumb Code   584  asin.o(i.asin)
    atan                                     0x080061a5   Thumb Code   478  atan.o(i.atan)
    atan2                                    0x080063c9   Thumb Code   346  atan2.o(i.atan2)
    sqrt                                     0x08006549   Thumb Code    76  sqrt.o(i.sqrt)
    tan                                      0x08006595   Thumb Code   106  tan.o(i.tan)
    _get_lc_numeric                          0x08006609   Thumb Code    44  lc_numeric_c.o(locale$$code)
    __aeabi_d2f                              0x08006635   Thumb Code     0  d2f.o(x$fpl$d2f)
    _d2f                                     0x08006635   Thumb Code    98  d2f.o(x$fpl$d2f)
    __aeabi_dadd                             0x08006699   Thumb Code     0  daddsub_clz.o(x$fpl$dadd)
    _dadd                                    0x08006699   Thumb Code   332  daddsub_clz.o(x$fpl$dadd)
    __fpl_dcheck_NaN1                        0x080067e9   Thumb Code    10  dcheck1.o(x$fpl$dcheck1)
    __fpl_dcmp_Inf                           0x080067f9   Thumb Code    24  dcmpi.o(x$fpl$dcmpinf)
    __aeabi_ddiv                             0x08006811   Thumb Code     0  ddiv.o(x$fpl$ddiv)
    _ddiv                                    0x08006811   Thumb Code   552  ddiv.o(x$fpl$ddiv)
    __aeabi_d2iz                             0x08006ac1   Thumb Code     0  dfix.o(x$fpl$dfix)
    _dfix                                    0x08006ac1   Thumb Code    94  dfix.o(x$fpl$dfix)
    __aeabi_i2d                              0x08006b1f   Thumb Code     0  dflt_clz.o(x$fpl$dflt)
    _dflt                                    0x08006b1f   Thumb Code    46  dflt_clz.o(x$fpl$dflt)
    __aeabi_ui2d                             0x08006b4d   Thumb Code     0  dflt_clz.o(x$fpl$dfltu)
    _dfltu                                   0x08006b4d   Thumb Code    38  dflt_clz.o(x$fpl$dfltu)
    __aeabi_cdcmple                          0x08006b75   Thumb Code     0  dleqf.o(x$fpl$dleqf)
    _dcmple                                  0x08006b75   Thumb Code   120  dleqf.o(x$fpl$dleqf)
    __fpl_dcmple_InfNaN                      0x08006bd7   Thumb Code     0  dleqf.o(x$fpl$dleqf)
    __aeabi_dmul                             0x08006bed   Thumb Code     0  dmul.o(x$fpl$dmul)
    _dmul                                    0x08006bed   Thumb Code   332  dmul.o(x$fpl$dmul)
    __fpl_dnaninf                            0x08006d41   Thumb Code   156  dnaninf.o(x$fpl$dnaninf)
    __fpl_dretinf                            0x08006ddd   Thumb Code    12  dretinf.o(x$fpl$dretinf)
    __aeabi_cdrcmple                         0x08006de9   Thumb Code     0  drleqf.o(x$fpl$drleqf)
    _drcmple                                 0x08006de9   Thumb Code   108  drleqf.o(x$fpl$drleqf)
    __aeabi_drsub                            0x08006e55   Thumb Code     0  daddsub_clz.o(x$fpl$drsb)
    _drsb                                    0x08006e55   Thumb Code    22  daddsub_clz.o(x$fpl$drsb)
    _dsqrt                                   0x08006e6d   Thumb Code   456  dsqrt_noumaal.o(x$fpl$dsqrt)
    __aeabi_dsub                             0x08007039   Thumb Code     0  daddsub_clz.o(x$fpl$dsub)
    _dsub                                    0x08007039   Thumb Code   464  daddsub_clz.o(x$fpl$dsub)
    __aeabi_f2d                              0x0800720d   Thumb Code     0  f2d.o(x$fpl$f2d)
    _f2d                                     0x0800720d   Thumb Code    86  f2d.o(x$fpl$f2d)
    __aeabi_fadd                             0x08007265   Thumb Code     0  faddsub_clz.o(x$fpl$fadd)
    _fadd                                    0x08007265   Thumb Code   196  faddsub_clz.o(x$fpl$fadd)
    __fpl_fcmp_Inf                           0x08007329   Thumb Code    24  fcmpi.o(x$fpl$fcmpinf)
    __aeabi_fdiv                             0x08007341   Thumb Code     0  fdiv.o(x$fpl$fdiv)
    _fdiv                                    0x08007341   Thumb Code   384  fdiv.o(x$fpl$fdiv)
    __aeabi_cfcmpeq                          0x080074c5   Thumb Code     0  feqf.o(x$fpl$feqf)
    _fcmpeq                                  0x080074c5   Thumb Code   104  feqf.o(x$fpl$feqf)
    __aeabi_f2uiz                            0x0800752d   Thumb Code     0  ffixu.o(x$fpl$ffixu)
    _ffixu                                   0x0800752d   Thumb Code    62  ffixu.o(x$fpl$ffixu)
    __aeabi_i2f                              0x0800756d   Thumb Code     0  fflt_clz.o(x$fpl$fflt)
    _fflt                                    0x0800756d   Thumb Code    48  fflt_clz.o(x$fpl$fflt)
    __aeabi_ui2f                             0x0800759d   Thumb Code     0  fflt_clz.o(x$fpl$ffltu)
    _ffltu                                   0x0800759d   Thumb Code    38  fflt_clz.o(x$fpl$ffltu)
    __aeabi_cfcmple                          0x080075c5   Thumb Code     0  fleqf.o(x$fpl$fleqf)
    _fcmple                                  0x080075c5   Thumb Code   104  fleqf.o(x$fpl$fleqf)
    __fpl_fcmple_InfNaN                      0x08007617   Thumb Code     0  fleqf.o(x$fpl$fleqf)
    __aeabi_fmul                             0x0800762d   Thumb Code     0  fmul.o(x$fpl$fmul)
    _fmul                                    0x0800762d   Thumb Code   258  fmul.o(x$fpl$fmul)
    __fpl_fnaninf                            0x0800772f   Thumb Code   140  fnaninf.o(x$fpl$fnaninf)
    __fpl_fretinf                            0x080077bb   Thumb Code    10  fretinf.o(x$fpl$fretinf)
    __aeabi_cfrcmple                         0x080077c5   Thumb Code     0  frleqf.o(x$fpl$frleqf)
    _frcmple                                 0x080077c5   Thumb Code    98  frleqf.o(x$fpl$frleqf)
    __aeabi_frsub                            0x08007827   Thumb Code     0  faddsub_clz.o(x$fpl$frsb)
    _frsb                                    0x08007827   Thumb Code    20  faddsub_clz.o(x$fpl$frsb)
    __aeabi_fsub                             0x0800783d   Thumb Code     0  faddsub_clz.o(x$fpl$fsub)
    _fsub                                    0x0800783d   Thumb Code   234  faddsub_clz.o(x$fpl$fsub)
    _printf_fp_dec                           0x08007927   Thumb Code     4  printf1.o(x$fpl$printf1)
    __fpl_return_NaN                         0x0800792b   Thumb Code   100  retnan.o(x$fpl$retnan)
    __ARM_scalbn                             0x0800798f   Thumb Code    92  scalbn.o(x$fpl$scalbn)
    __fpl_cmpreturn                          0x080079eb   Thumb Code    48  trapv.o(x$fpl$trapveneer)
    F16x16                                   0x08007a1a   Data         224  oled.o(.constdata)
    __I$use$fp                               0x08007a1a   Number         0  usenofp.o(x$fpl$usenofp)
    F6x8                                     0x08007afa   Data         552  oled.o(.constdata)
    F8X16                                    0x08007d22   Data        1520  oled.o(.constdata)
    BMP1                                     0x08008312   Data        1024  oled.o(.constdata)
    __mathlib_zero                           0x08008800   Data           8  qnan.o(.constdata)
    Region$$Table$$Base                      0x080089c4   Number         0  anon$$obj.o(Region$$Table)
    Region$$Table$$Limit                     0x080089e4   Number         0  anon$$obj.o(Region$$Table)
    SystemCoreClock                          0x20000000   Data           4  system_stm32f10x.o(.data)
    AHBPrescTable                            0x20000004   Data          16  system_stm32f10x.o(.data)
    RxCounter                                0x20000040   Data           1  uart_config.o(.data)
    Flag_Receive                             0x20000041   Data           1  uart_config.o(.data)
    timerCount                               0x20000044   Data           2  timer.o(.data)
    timerFlag                                0x20000046   Data           2  timer.o(.data)
    angle_speed_last                         0x20000048   Data           4  timer.o(.data)
    angle_speed_dir                          0x2000004c   Data           1  timer.o(.data)
    AngleMax_X                               0x20000050   Data           4  timer.o(.data)
    AngleMin_X                               0x20000054   Data           4  timer.o(.data)
    AngleMax_Y                               0x20000058   Data           4  timer.o(.data)
    AngleMin_Y                               0x2000005c   Data           4  timer.o(.data)
    Angle_flag                               0x20000060   Data           1  timer.o(.data)
    TIM2_Cap1                                0x20000062   Data           2  catch.o(.data)
    TIM2_Cap2                                0x20000064   Data           2  catch.o(.data)
    TIM2Cap_flag                             0x20000066   Data           1  catch.o(.data)
    PID_Coef                                 0x20000068   Data          12  mypid.o(.data)
    PID_Global                               0x20000074   Data           4  mypid.o(.data)
    AngleOffset_Rol                          0x20000080   Data           4  imu.o(.data)
    AngleOffset_Pit                          0x20000084   Data           4  imu.o(.data)
    q0                                       0x20000088   Data           4  imu.o(.data)
    q1                                       0x2000008c   Data           4  imu.o(.data)
    q2                                       0x20000090   Data           4  imu.o(.data)
    q3                                       0x20000094   Data           4  imu.o(.data)
    exInt                                    0x20000098   Data           4  imu.o(.data)
    eyInt                                    0x2000009c   Data           4  imu.o(.data)
    ezInt                                    0x200000a0   Data           4  imu.o(.data)
    MPU6050_ACC_LAST                         0x200000b6   Data           6  mpu6050.o(.data)
    MPU6050_GYRO_LAST                        0x200000bc   Data           6  mpu6050.o(.data)
    GYRO_OFFSET                              0x200000c2   Data           6  mpu6050.o(.data)
    ACC_OFFSET                               0x200000c8   Data           6  mpu6050.o(.data)
    ACC_AVG                                  0x200000ce   Data           6  mpu6050.o(.data)
    MotorA                                   0x200000e8   Data         124  motor.o(.bss)
    MotorB                                   0x20000164   Data         124  motor.o(.bss)
    MotorC                                   0x200001e0   Data         124  motor.o(.bss)
    MotorD                                   0x2000025c   Data         124  motor.o(.bss)
    RxBuffer                                 0x200002d8   Data          20  uart_config.o(.bss)
    Angle_Last                               0x200002ec   Data          12  imu.o(.bss)
    __libspace_start                         0x20000334   Data          96  libspace.o(.bss)
    __temporary_stack_top$libspace           0x20000394   Data           0  libspace.o(.bss)



==============================================================================

Memory Map of the image

  Image Entry point : 0x08000131

  Load Region LR_IROM1 (Base: 0x08000000, Size: 0x00008ae8, Max: 0x00080000, ABSOLUTE)

    Execution Region ER_IROM1 (Base: 0x08000000, Size: 0x00008a00, Max: 0x00080000, ABSOLUTE)

    Base Addr    Size         Type   Attr      Idx    E Section Name        Object

    0x08000000   0x00000130   Data   RO            3    RESET               startup_stm32f10x_hd.o
    0x08000130   0x00000008   Code   RO          885  * !!!main             c_w.l(__main.o)
    0x08000138   0x00000034   Code   RO         1243    !!!scatter          c_w.l(__scatter.o)
    0x0800016c   0x0000001a   Code   RO         1245    !!handler_copy      c_w.l(__scatter_copy.o)
    0x08000186   0x00000002   PAD
    0x08000188   0x0000001c   Code   RO         1247    !!handler_zi        c_w.l(__scatter_zi.o)
    0x080001a4   0x00000000   Code   RO          882    .ARM.Collect$$_printf_percent$$00000000  c_w.l(_printf_percent.o)
    0x080001a4   0x00000006   Code   RO          881    .ARM.Collect$$_printf_percent$$00000003  c_w.l(_printf_f.o)
    0x080001aa   0x00000006   Code   RO          880    .ARM.Collect$$_printf_percent$$00000009  c_w.l(_printf_d.o)
    0x080001b0   0x00000004   Code   RO          980    .ARM.Collect$$_printf_percent$$00000017  c_w.l(_printf_percent_end.o)
    0x080001b4   0x00000002   Code   RO         1115    .ARM.Collect$$libinit$$00000000  c_w.l(libinit.o)
    0x080001b6   0x00000000   Code   RO         1117    .ARM.Collect$$libinit$$00000002  c_w.l(libinit2.o)
    0x080001b6   0x00000000   Code   RO         1120    .ARM.Collect$$libinit$$00000008  c_w.l(libinit2.o)
    0x080001b6   0x00000000   Code   RO         1122    .ARM.Collect$$libinit$$0000000A  c_w.l(libinit2.o)
    0x080001b6   0x00000000   Code   RO         1124    .ARM.Collect$$libinit$$0000000C  c_w.l(libinit2.o)
    0x080001b6   0x00000006   Code   RO         1125    .ARM.Collect$$libinit$$0000000D  c_w.l(libinit2.o)
    0x080001bc   0x00000000   Code   RO         1127    .ARM.Collect$$libinit$$0000000F  c_w.l(libinit2.o)
    0x080001bc   0x00000000   Code   RO         1129    .ARM.Collect$$libinit$$00000011  c_w.l(libinit2.o)
    0x080001bc   0x00000000   Code   RO         1131    .ARM.Collect$$libinit$$00000013  c_w.l(libinit2.o)
    0x080001bc   0x0000000a   Code   RO         1132    .ARM.Collect$$libinit$$00000014  c_w.l(libinit2.o)
    0x080001c6   0x00000000   Code   RO         1133    .ARM.Collect$$libinit$$00000015  c_w.l(libinit2.o)
    0x080001c6   0x00000000   Code   RO         1135    .ARM.Collect$$libinit$$00000017  c_w.l(libinit2.o)
    0x080001c6   0x00000000   Code   RO         1137    .ARM.Collect$$libinit$$00000019  c_w.l(libinit2.o)
    0x080001c6   0x00000000   Code   RO         1139    .ARM.Collect$$libinit$$0000001B  c_w.l(libinit2.o)
    0x080001c6   0x00000000   Code   RO         1141    .ARM.Collect$$libinit$$0000001D  c_w.l(libinit2.o)
    0x080001c6   0x00000000   Code   RO         1143    .ARM.Collect$$libinit$$0000001F  c_w.l(libinit2.o)
    0x080001c6   0x00000000   Code   RO         1145    .ARM.Collect$$libinit$$00000021  c_w.l(libinit2.o)
    0x080001c6   0x00000000   Code   RO         1147    .ARM.Collect$$libinit$$00000023  c_w.l(libinit2.o)
    0x080001c6   0x00000000   Code   RO         1151    .ARM.Collect$$libinit$$0000002A  c_w.l(libinit2.o)
    0x080001c6   0x00000000   Code   RO         1153    .ARM.Collect$$libinit$$0000002C  c_w.l(libinit2.o)
    0x080001c6   0x00000000   Code   RO         1155    .ARM.Collect$$libinit$$0000002E  c_w.l(libinit2.o)
    0x080001c6   0x00000000   Code   RO         1157    .ARM.Collect$$libinit$$00000030  c_w.l(libinit2.o)
    0x080001c6   0x00000002   Code   RO         1158    .ARM.Collect$$libinit$$00000031  c_w.l(libinit2.o)
    0x080001c8   0x00000002   Code   RO         1192    .ARM.Collect$$libshutdown$$00000000  c_w.l(libshutdown.o)
    0x080001ca   0x00000000   Code   RO         1204    .ARM.Collect$$libshutdown$$00000003  c_w.l(libshutdown2.o)
    0x080001ca   0x00000000   Code   RO         1207    .ARM.Collect$$libshutdown$$00000006  c_w.l(libshutdown2.o)
    0x080001ca   0x00000000   Code   RO         1210    .ARM.Collect$$libshutdown$$00000009  c_w.l(libshutdown2.o)
    0x080001ca   0x00000000   Code   RO         1212    .ARM.Collect$$libshutdown$$0000000B  c_w.l(libshutdown2.o)
    0x080001ca   0x00000000   Code   RO         1215    .ARM.Collect$$libshutdown$$0000000E  c_w.l(libshutdown2.o)
    0x080001ca   0x00000002   Code   RO         1216    .ARM.Collect$$libshutdown$$0000000F  c_w.l(libshutdown2.o)
    0x080001cc   0x00000000   Code   RO          969    .ARM.Collect$$rtentry$$00000000  c_w.l(rtentry.o)
    0x080001cc   0x00000000   Code   RO         1027    .ARM.Collect$$rtentry$$00000002  c_w.l(rtentry2.o)
    0x080001cc   0x00000006   Code   RO         1039    .ARM.Collect$$rtentry$$00000004  c_w.l(rtentry4.o)
    0x080001d2   0x00000000   Code   RO         1029    .ARM.Collect$$rtentry$$00000009  c_w.l(rtentry2.o)
    0x080001d2   0x00000004   Code   RO         1030    .ARM.Collect$$rtentry$$0000000A  c_w.l(rtentry2.o)
    0x080001d6   0x00000000   Code   RO         1032    .ARM.Collect$$rtentry$$0000000C  c_w.l(rtentry2.o)
    0x080001d6   0x00000008   Code   RO         1033    .ARM.Collect$$rtentry$$0000000D  c_w.l(rtentry2.o)
    0x080001de   0x00000002   Code   RO         1161    .ARM.Collect$$rtexit$$00000000  c_w.l(rtexit.o)
    0x080001e0   0x00000000   Code   RO         1170    .ARM.Collect$$rtexit$$00000002  c_w.l(rtexit2.o)
    0x080001e0   0x00000004   Code   RO         1171    .ARM.Collect$$rtexit$$00000003  c_w.l(rtexit2.o)
    0x080001e4   0x00000006   Code   RO         1172    .ARM.Collect$$rtexit$$00000004  c_w.l(rtexit2.o)
    0x080001ea   0x00000002   PAD
    0x080001ec   0x00000040   Code   RO            4    .text               startup_stm32f10x_hd.o
    0x0800022c   0x000001dc   Code   RO           24    .text               system_stm32f10x.o
    0x08000408   0x00000034   Code   RO          121    .text               board.o
    0x0800043c   0x000000bc   Code   RO          213    .text               main.o
    0x080004f8   0x000000ac   Code   RO          246    .text               delay.o
    0x080005a4   0x0000016c   Code   RO          345    .text               pwm.o
    0x08000710   0x00001028   Code   RO          357    .text               motor.o
    0x08001738   0x00000130   Code   RO          384    .text               uart_config.o
    0x08001868   0x00000150   Code   RO          400    .text               timer.o
    0x080019b8   0x00000108   Code   RO          433    .text               catch.o
    0x08001ac0   0x00000080   Code   RO          451    .text               mypid.o
    0x08001b40   0x000004f0   Code   RO          469    .text               oled.o
    0x08002030   0x00000678   Code   RO          487    .text               imu.o
    0x080026a8   0x000005f8   Code   RO          503    .text               mpu6050.o
    0x08002ca0   0x000000dc   Code   RO          522    .text               misc.o
    0x08002d7c   0x00000358   Code   RO          693    .text               stm32f10x_gpio.o
    0x080030d4   0x000003a4   Code   RO          747    .text               stm32f10x_rcc.o
    0x08003478   0x00000e1a   Code   RO          806    .text               stm32f10x_tim.o
    0x08004292   0x00000002   PAD
    0x08004294   0x00000408   Code   RO          821    .text               stm32f10x_usart.o
    0x0800469c   0x00000028   Code   RO          852    .text               c_w.l(noretval__2sprintf.o)
    0x080046c4   0x00000052   Code   RO          856    .text               c_w.l(_printf_pad.o)
    0x08004716   0x00000002   PAD
    0x08004718   0x00000078   Code   RO          858    .text               c_w.l(_printf_dec.o)
    0x08004790   0x0000010e   Code   RO          868    .text               c_w.l(__printf_wp.o)
    0x0800489e   0x00000006   Code   RO          883    .text               c_w.l(heapauxi.o)
    0x080048a4   0x00000016   Code   RO          970    .text               c_w.l(_rserrno.o)
    0x080048ba   0x000000b8   Code   RO          972    .text               c_w.l(_printf_intcommon.o)
    0x08004972   0x00000420   Code   RO          974    .text               c_w.l(_printf_fp_dec.o)
    0x08004d92   0x00000002   PAD
    0x08004d94   0x00000030   Code   RO          976    .text               c_w.l(_printf_char_common.o)
    0x08004dc4   0x0000000a   Code   RO          978    .text               c_w.l(_sputc.o)
    0x08004dce   0x00000002   PAD
    0x08004dd0   0x00000008   Code   RO         1044    .text               c_w.l(rt_locale_intlibspace.o)
    0x08004dd8   0x00000008   Code   RO         1049    .text               c_w.l(rt_errno_addr_intlibspace.o)
    0x08004de0   0x0000008a   Code   RO         1051    .text               c_w.l(lludiv10.o)
    0x08004e6a   0x00000002   PAD
    0x08004e6c   0x00000080   Code   RO         1053    .text               c_w.l(_printf_fp_infnan.o)
    0x08004eec   0x000000e4   Code   RO         1057    .text               c_w.l(bigflt0.o)
    0x08004fd0   0x00000008   Code   RO         1101    .text               c_w.l(libspace.o)
    0x08004fd8   0x0000004a   Code   RO         1104    .text               c_w.l(sys_stackheap_outer.o)
    0x08005022   0x0000000c   Code   RO         1106    .text               c_w.l(exit.o)
    0x0800502e   0x00000002   PAD
    0x08005030   0x00000080   Code   RO         1108    .text               c_w.l(strcmpv7m.o)
    0x080050b0   0x0000000c   Code   RO         1182    .text               c_w.l(sys_exit.o)
    0x080050bc   0x00000002   Code   RO         1193    .text               c_w.l(use_no_semi.o)
    0x080050be   0x00000000   Code   RO         1195    .text               c_w.l(indicate_semi.o)
    0x080050be   0x0000003e   Code   RO         1060    CL$$btod_d2e        c_w.l(btod.o)
    0x080050fc   0x00000046   Code   RO         1062    CL$$btod_d2e_denorm_low  c_w.l(btod.o)
    0x08005142   0x00000060   Code   RO         1061    CL$$btod_d2e_norm_op1  c_w.l(btod.o)
    0x080051a2   0x00000338   Code   RO         1070    CL$$btod_div_common  c_w.l(btod.o)
    0x080054da   0x000000c6   Code   RO         1067    CL$$btod_e2e        c_w.l(btod.o)
    0x080055a0   0x00000028   Code   RO         1064    CL$$btod_ediv       c_w.l(btod.o)
    0x080055c8   0x00000028   Code   RO         1063    CL$$btod_emul       c_w.l(btod.o)
    0x080055f0   0x00000244   Code   RO         1069    CL$$btod_mult_common  c_w.l(btod.o)
    0x08005834   0x00000028   Code   RO         1010    i.__ARM_fpclassify  m_ws.l(fpclassify.o)
    0x0800585c   0x00000388   Code   RO         1015    i.__ieee754_rem_pio2  m_ws.l(rred.o)
    0x08005be4   0x000000aa   Code   RO         1012    i.__kernel_poly     m_ws.l(poly.o)
    0x08005c8e   0x00000002   PAD
    0x08005c90   0x00000278   Code   RO         1020    i.__kernel_tan      m_ws.l(tan_i.o)
    0x08005f08   0x00000010   Code   RO         1008    i.__mathlib_dbl_underflow  m_ws.l(dunder.o)
    0x08005f18   0x0000000e   Code   RO          870    i._is_digit         c_w.l(__printf_wp.o)
    0x08005f26   0x00000002   PAD
    0x08005f28   0x0000027c   Code   RO          936    i.asin              m_ws.l(asin.o)
    0x080061a4   0x00000224   Code   RO          999    i.atan              m_ws.l(atan.o)
    0x080063c8   0x00000180   Code   RO          946    i.atan2             m_ws.l(atan2.o)
    0x08006548   0x0000004c   Code   RO          954    i.sqrt              m_ws.l(sqrt.o)
    0x08006594   0x00000074   Code   RO          962    i.tan               m_ws.l(tan.o)
    0x08006608   0x0000002c   Code   RO         1083    locale$$code        c_w.l(lc_numeric_c.o)
    0x08006634   0x00000062   Code   RO          887    x$fpl$d2f           fz_ws.l(d2f.o)
    0x08006696   0x00000002   PAD
    0x08006698   0x00000150   Code   RO          889    x$fpl$dadd          fz_ws.l(daddsub_clz.o)
    0x080067e8   0x00000010   Code   RO         1085    x$fpl$dcheck1       fz_ws.l(dcheck1.o)
    0x080067f8   0x00000018   Code   RO         1087    x$fpl$dcmpinf       fz_ws.l(dcmpi.o)
    0x08006810   0x000002b0   Code   RO          896    x$fpl$ddiv          fz_ws.l(ddiv.o)
    0x08006ac0   0x0000005e   Code   RO         1089    x$fpl$dfix          fz_ws.l(dfix.o)
    0x08006b1e   0x0000002e   Code   RO         1094    x$fpl$dflt          fz_ws.l(dflt_clz.o)
    0x08006b4c   0x00000026   Code   RO         1093    x$fpl$dfltu         fz_ws.l(dflt_clz.o)
    0x08006b72   0x00000002   PAD
    0x08006b74   0x00000078   Code   RO          981    x$fpl$dleqf         fz_ws.l(dleqf.o)
    0x08006bec   0x00000154   Code   RO          899    x$fpl$dmul          fz_ws.l(dmul.o)
    0x08006d40   0x0000009c   Code   RO          983    x$fpl$dnaninf       fz_ws.l(dnaninf.o)
    0x08006ddc   0x0000000c   Code   RO          985    x$fpl$dretinf       fz_ws.l(dretinf.o)
    0x08006de8   0x0000006c   Code   RO          901    x$fpl$drleqf        fz_ws.l(drleqf.o)
    0x08006e54   0x00000016   Code   RO          890    x$fpl$drsb          fz_ws.l(daddsub_clz.o)
    0x08006e6a   0x00000002   PAD
    0x08006e6c   0x000001cc   Code   RO          987    x$fpl$dsqrt         fz_ws.l(dsqrt_noumaal.o)
    0x08007038   0x000001d4   Code   RO          891    x$fpl$dsub          fz_ws.l(daddsub_clz.o)
    0x0800720c   0x00000056   Code   RO          903    x$fpl$f2d           fz_ws.l(f2d.o)
    0x08007262   0x00000002   PAD
    0x08007264   0x000000c4   Code   RO          905    x$fpl$fadd          fz_ws.l(faddsub_clz.o)
    0x08007328   0x00000018   Code   RO          989    x$fpl$fcmpinf       fz_ws.l(fcmpi.o)
    0x08007340   0x00000184   Code   RO          912    x$fpl$fdiv          fz_ws.l(fdiv.o)
    0x080074c4   0x00000068   Code   RO          915    x$fpl$feqf          fz_ws.l(feqf.o)
    0x0800752c   0x0000003e   Code   RO          917    x$fpl$ffixu         fz_ws.l(ffixu.o)
    0x0800756a   0x00000002   PAD
    0x0800756c   0x00000030   Code   RO          922    x$fpl$fflt          fz_ws.l(fflt_clz.o)
    0x0800759c   0x00000026   Code   RO          921    x$fpl$ffltu         fz_ws.l(fflt_clz.o)
    0x080075c2   0x00000002   PAD
    0x080075c4   0x00000068   Code   RO          927    x$fpl$fleqf         fz_ws.l(fleqf.o)
    0x0800762c   0x00000102   Code   RO          929    x$fpl$fmul          fz_ws.l(fmul.o)
    0x0800772e   0x0000008c   Code   RO          991    x$fpl$fnaninf       fz_ws.l(fnaninf.o)
    0x080077ba   0x0000000a   Code   RO          993    x$fpl$fretinf       fz_ws.l(fretinf.o)
    0x080077c4   0x00000062   Code   RO          931    x$fpl$frleqf        fz_ws.l(frleqf.o)
    0x08007826   0x00000014   Code   RO          906    x$fpl$frsb          fz_ws.l(faddsub_clz.o)
    0x0800783a   0x00000002   PAD
    0x0800783c   0x000000ea   Code   RO          907    x$fpl$fsub          fz_ws.l(faddsub_clz.o)
    0x08007926   0x00000004   Code   RO          933    x$fpl$printf1       fz_ws.l(printf1.o)
    0x0800792a   0x00000064   Code   RO         1159    x$fpl$retnan        fz_ws.l(retnan.o)
    0x0800798e   0x0000005c   Code   RO          995    x$fpl$scalbn        fz_ws.l(scalbn.o)
    0x080079ea   0x00000030   Code   RO         1167    x$fpl$trapveneer    fz_ws.l(trapv.o)
    0x08007a1a   0x00000000   Code   RO          997    x$fpl$usenofp       fz_ws.l(usenofp.o)
    0x08007a1a   0x00000cf8   Data   RO          470    .constdata          oled.o
    0x08008712   0x00000006   PAD
    0x08008718   0x00000050   Data   RO          937    .constdata          m_ws.l(asin.o)
    0x08008768   0x00000098   Data   RO         1000    .constdata          m_ws.l(atan.o)
    0x08008800   0x00000008   Data   RO         1014    .constdata          m_ws.l(qnan.o)
    0x08008808   0x000000c8   Data   RO         1017    .constdata          m_ws.l(rred.o)
    0x080088d0   0x00000060   Data   RO         1021    .constdata          m_ws.l(tan_i.o)
    0x08008930   0x00000094   Data   RO         1058    .constdata          c_w.l(bigflt0.o)
    0x080089c4   0x00000020   Data   RO         1241    Region$$Table       anon$$obj.o
    0x080089e4   0x0000001c   Data   RO         1082    locale$$data        c_w.l(lc_numeric_c.o)


    Execution Region RW_IRAM1 (Base: 0x20000000, Size: 0x00000998, Max: 0x00010000, ABSOLUTE)

    Base Addr    Size         Type   Attr      Idx    E Section Name        Object

    0x20000000   0x00000014   Data   RW           25    .data               system_stm32f10x.o
    0x20000014   0x00000004   Data   RW          247    .data               delay.o
    0x20000018   0x00000028   Data   RW          359    .data               motor.o
    0x20000040   0x00000002   Data   RW          386    .data               uart_config.o
    0x20000042   0x00000002   PAD
    0x20000044   0x0000001d   Data   RW          401    .data               timer.o
    0x20000061   0x00000001   PAD
    0x20000062   0x00000005   Data   RW          434    .data               catch.o
    0x20000067   0x00000001   PAD
    0x20000068   0x00000018   Data   RW          452    .data               mypid.o
    0x20000080   0x00000024   Data   RW          489    .data               imu.o
    0x200000a4   0x00000030   Data   RW          505    .data               mpu6050.o
    0x200000d4   0x00000014   Data   RW          748    .data               stm32f10x_rcc.o
    0x200000e8   0x000001f0   Zero   RW          358    .bss                motor.o
    0x200002d8   0x00000014   Zero   RW          385    .bss                uart_config.o
    0x200002ec   0x0000000c   Zero   RW          488    .bss                imu.o
    0x200002f8   0x0000003c   Zero   RW          504    .bss                mpu6050.o
    0x20000334   0x00000060   Zero   RW         1102    .bss                c_w.l(libspace.o)
    0x20000394   0x00000004   PAD
    0x20000398   0x00000200   Zero   RW            2    HEAP                startup_stm32f10x_hd.o
    0x20000598   0x00000400   Zero   RW            1    STACK               startup_stm32f10x_hd.o


==============================================================================

Image component sizes


      Code (inc. data)   RO Data    RW Data    ZI Data      Debug   Object Name

        52          6          0          0          0       8901   board.o
       264         16          0          5          0       1323   catch.o
         0          0          0          0          0       4212   core_cm3.o
       172          8          0          4          0      19619   delay.o
      1656         92          0         36         12       2295   imu.o
       188         48          0          0          0       1679   main.o
       220         20          0          0          0       1653   misc.o
      4136        208          0         40        496       5677   motor.o
      1528         98          0         48         60       5101   mpu6050.o
       128         16          0         24          0       1034   mypid.o
      1264         52       3320          0          0       5145   oled.o
       364         10          0          0          0       1151   pwm.o
        64         26        304          0       1536        756   startup_stm32f10x_hd.o
       856         40          0          0          0      13853   stm32f10x_gpio.o
       932         44          0         20          0      17348   stm32f10x_rcc.o
      3610         88          0          0          0      42332   stm32f10x_tim.o
      1032         22          0          0          0      14272   stm32f10x_usart.o
       476         36          0         20          0     241295   system_stm32f10x.o
       336         44          0         29          0       1510   timer.o
       304         20          0          2         20       1962   uart_config.o

    ----------------------------------------------------------------------
     17584        894       3662        232       2124     391118   Object Totals
         0          0         32          0          0          0   (incl. Generated)
         2          0          6          4          0          0   (incl. Padding)

    ----------------------------------------------------------------------

      Code (inc. data)   RO Data    RW Data    ZI Data      Debug   Library Member Name

         8          0          0          0          0         68   __main.o
       284          0          0          0          0        156   __printf_wp.o
        52          8          0          0          0          0   __scatter.o
        26          0          0          0          0          0   __scatter_copy.o
        28          0          0          0          0          0   __scatter_zi.o
        48          6          0          0          0         96   _printf_char_common.o
         6          0          0          0          0          0   _printf_d.o
       120         18          0          0          0         92   _printf_dec.o
         6          0          0          0          0          0   _printf_f.o
      1056          0          0          0          0        216   _printf_fp_dec.o
       128         16          0          0          0         84   _printf_fp_infnan.o
       184          0          0          0          0         88   _printf_intcommon.o
        82          0          0          0          0        108   _printf_pad.o
         0          0          0          0          0          0   _printf_percent.o
         4          0          0          0          0          0   _printf_percent_end.o
        22          0          0          0          0        100   _rserrno.o
        10          0          0          0          0         68   _sputc.o
       228          6        148          0          0         96   bigflt0.o
      1910        128          0          0          0        672   btod.o
        12          0          0          0          0         72   exit.o
         6          0          0          0          0        152   heapauxi.o
         0          0          0          0          0          0   indicate_semi.o
        44         10         28          0          0         76   lc_numeric_c.o
         2          0          0          0          0          0   libinit.o
        18          0          0          0          0          0   libinit2.o
         2          0          0          0          0          0   libshutdown.o
         2          0          0          0          0          0   libshutdown2.o
         8          4          0          0         96         68   libspace.o
       138          0          0          0          0         80   lludiv10.o
        40          6          0          0          0         84   noretval__2sprintf.o
         8          4          0          0          0         68   rt_errno_addr_intlibspace.o
         8          4          0          0          0         68   rt_locale_intlibspace.o
         0          0          0          0          0          0   rtentry.o
        12          0          0          0          0          0   rtentry2.o
         6          0          0          0          0          0   rtentry4.o
         2          0          0          0          0          0   rtexit.o
        10          0          0          0          0          0   rtexit2.o
       128          0          0          0          0         68   strcmpv7m.o
        12          4          0          0          0         68   sys_exit.o
        74          0          0          0          0         80   sys_stackheap_outer.o
         2          0          0          0          0         68   use_no_semi.o
        98          4          0          0          0         92   d2f.o
       826         16          0          0          0        348   daddsub_clz.o
        16          4          0          0          0         68   dcheck1.o
        24          0          0          0          0         68   dcmpi.o
       688        140          0          0          0        208   ddiv.o
        94          4          0          0          0         92   dfix.o
        84          0          0          0          0        136   dflt_clz.o
       120          4          0          0          0         92   dleqf.o
       340         12          0          0          0        104   dmul.o
       156          4          0          0          0         92   dnaninf.o
        12          0          0          0          0         68   dretinf.o
       108          0          0          0          0         80   drleqf.o
       460         56          0          0          0        120   dsqrt_noumaal.o
        86          4          0          0          0         84   f2d.o
       450          8          0          0          0        236   faddsub_clz.o
        24          0          0          0          0         68   fcmpi.o
       388         76          0          0          0         96   fdiv.o
       104          4          0          0          0         84   feqf.o
        62          4          0          0          0         84   ffixu.o
        86          0          0          0          0        136   fflt_clz.o
       104          4          0          0          0         84   fleqf.o
       258          4          0          0          0         84   fmul.o
       140          4          0          0          0         84   fnaninf.o
        10          0          0          0          0         68   fretinf.o
        98          0          0          0          0         68   frleqf.o
         4          0          0          0          0         68   printf1.o
       100          0          0          0          0         68   retnan.o
        92          0          0          0          0         68   scalbn.o
        48          0          0          0          0         68   trapv.o
         0          0          0          0          0          0   usenofp.o
       636         52         80          0          0        168   asin.o
       548         70        152          0          0        124   atan.o
       384         38          0          0          0        144   atan2.o
        16          6          0          0          0         68   dunder.o
        40          0          0          0          0         68   fpclassify.o
       170          0          0          0          0         96   poly.o
         0          0          8          0          0          0   qnan.o
       904         72        200          0          0        140   rred.o
        76          0          0          0          0         84   sqrt.o
       116         10          0          0          0        104   tan.o
       632         50         96          0          0        168   tan_i.o

    ----------------------------------------------------------------------
     13370        864        712          0        100       6976   Library Totals
        32          0          0          0          4          0   (incl. Padding)

    ----------------------------------------------------------------------

      Code (inc. data)   RO Data    RW Data    ZI Data      Debug   Library Name

      4736        214        176          0         96       2796   c_w.l
      5080        352          0          0          0       3016   fz_ws.l
      3522        298        536          0          0       1164   m_ws.l

    ----------------------------------------------------------------------
     13370        864        712          0        100       6976   Library Totals

    ----------------------------------------------------------------------

==============================================================================


      Code (inc. data)   RO Data    RW Data    ZI Data      Debug   

     30954       1758       4374        232       2224     392738   Grand Totals
     30954       1758       4374        232       2224     392738   ELF Image Totals
     30954       1758       4374        232          0          0   ROM Totals

==============================================================================

    Total RO  Size (Code + RO Data)                35328 (  34.50kB)
    Total RW  Size (RW Data + ZI Data)              2456 (   2.40kB)
    Total ROM Size (Code + RO Data + RW Data)      35560 (  34.73kB)

==============================================================================

