ARM Linker, 5.03 [Build 76] [MDK-ARM Standard]

==============================================================================

Section Cross References

    main.o(i.Data_Send_Status) refers to fmul.o(x$fpl$fmul) for __aeabi_fmul
    main.o(i.Data_Send_Status) refers to ffix.o(x$fpl$ffix) for __aeabi_f2iz
    main.o(i.Data_Send_Status) refers to main.o(i.Usart_Send_Str) for Usart_Send_Str
    main.o(i.Data_Send_Status) refers to main.o(.bss) for data_to_send
    main.o(i.Data_Send_Status) refers to imu.o(.bss) for Angle_Last
    main.o(i.PID_realize_angle_pose) refers to faddsub_clz.o(x$fpl$fsub) for __aeabi_fsub
    main.o(i.PID_realize_angle_pose) refers to faddsub_clz.o(x$fpl$fadd) for __aeabi_fadd
    main.o(i.PID_realize_angle_pose) refers to frleqf.o(x$fpl$frleqf) for __aeabi_cfrcmple
    main.o(i.PID_realize_angle_pose) refers to fleqf.o(x$fpl$fleqf) for __aeabi_cfcmple
    main.o(i.PID_realize_angle_pose) refers to fmul.o(x$fpl$fmul) for __aeabi_fmul
    main.o(i.PID_realize_angular_velocity) refers to faddsub_clz.o(x$fpl$fsub) for __aeabi_fsub
    main.o(i.PID_realize_angular_velocity) refers to faddsub_clz.o(x$fpl$fadd) for __aeabi_fadd
    main.o(i.PID_realize_angular_velocity) refers to frleqf.o(x$fpl$frleqf) for __aeabi_cfrcmple
    main.o(i.PID_realize_angular_velocity) refers to fleqf.o(x$fpl$fleqf) for __aeabi_cfcmple
    main.o(i.PID_realize_angular_velocity) refers to fmul.o(x$fpl$fmul) for __aeabi_fmul
    main.o(i.PID_realize_pose) refers to faddsub_clz.o(x$fpl$fsub) for __aeabi_fsub
    main.o(i.PID_realize_pose) refers to faddsub_clz.o(x$fpl$fadd) for __aeabi_fadd
    main.o(i.PID_realize_pose) refers to frleqf.o(x$fpl$frleqf) for __aeabi_cfrcmple
    main.o(i.PID_realize_pose) refers to fleqf.o(x$fpl$fleqf) for __aeabi_cfcmple
    main.o(i.PID_realize_pose) refers to feqf.o(x$fpl$feqf) for __aeabi_cfcmpeq
    main.o(i.PID_realize_pose) refers to led.o(i.LED_ON) for LED_ON
    main.o(i.PID_realize_pose) refers to led.o(i.LED_OFF) for LED_OFF
    main.o(i.PID_realize_pose) refers to fmul.o(x$fpl$fmul) for __aeabi_fmul
    main.o(i.Uart3_Send_RCdata) refers to main.o(i.Usart_Send_Str) for Usart_Send_Str
    main.o(i.Uart3_Send_RCdata) refers to main.o(.bss) for data_to_send
    main.o(i.Uart3_Send_RCdata) refers to mpu6050.o(.data) for MPU6050_ACC_LAST
    main.o(i.Usart_Send_Str) refers to stm32f10x_usart.o(i.USART_SendData) for USART_SendData
    main.o(i.Usart_Send_Str) refers to stm32f10x_usart.o(i.USART_GetFlagStatus) for USART_GetFlagStatus
    main.o(i.main) refers to misc.o(i.NVIC_PriorityGroupConfig) for NVIC_PriorityGroupConfig
    main.o(i.main) refers to timer.o(i.Timer1_Init) for Timer1_Init
    main.o(i.main) refers to led.o(i.LED_Init) for LED_Init
    main.o(i.main) refers to led.o(i.LED_OFF) for LED_OFF
    main.o(i.main) refers to mpu6050.o(i.MPU6050_Init) for MPU6050_Init
    main.o(i.main) refers to control.o(i.Control_gpio_init) for Control_gpio_init
    main.o(i.main) refers to enconder.o(i.Enconder_init) for Enconder_init
    main.o(i.main) refers to timer.o(i.TIM4_PWM_Init) for TIM4_PWM_Init
    main.o(i.main) refers to uart_config.o(i.UART_Init) for UART_Init
    main.o(i.main) refers to adc.o(i.Adc_Init) for Adc_Init
    main.o(i.main) refers to main.o(i.PID_init) for PID_init
    main.o(i.main) refers to led.o(i.Beep_warning) for Beep_warning
    main.o(i.main) refers to control.o(i.Motor_Speed_Ctrl) for Motor_Speed_Ctrl
    main.o(i.main) refers to delay.o(i.delay_ms) for delay_ms
    main.o(i.main) refers to mpu6050.o(i.Read_Filter_MPU6050) for Read_Filter_MPU6050
    main.o(i.main) refers to imu.o(i.IMUupdate) for IMUupdate
    main.o(i.main) refers to main.o(.bss) for PID_angular_velocity
    main.o(i.main) refers to main.o(.data) for Speed_One
    main.o(i.main) refers to imu.o(.bss) for Angle_Last
    main.o(i.main) refers to mpu6050.o(.data) for MPU6050_ACC_LAST
    mpu6050.o(i.GetData_MPU6050) refers to mpu6050.o(i.IIC_Read_One_Byte) for IIC_Read_One_Byte
    mpu6050.o(i.IIC_Ack) refers to delay.o(i.delay_us) for delay_us
    mpu6050.o(i.IIC_NAck) refers to delay.o(i.delay_us) for delay_us
    mpu6050.o(i.IIC_Read_Byte) refers to delay.o(i.delay_us) for delay_us
    mpu6050.o(i.IIC_Read_Byte) refers to mpu6050.o(i.IIC_NAck) for IIC_NAck
    mpu6050.o(i.IIC_Read_Byte) refers to mpu6050.o(i.IIC_Ack) for IIC_Ack
    mpu6050.o(i.IIC_Read_One_Byte) refers to mpu6050.o(i.IIC_Start) for IIC_Start
    mpu6050.o(i.IIC_Read_One_Byte) refers to mpu6050.o(i.IIC_Send_Byte) for IIC_Send_Byte
    mpu6050.o(i.IIC_Read_One_Byte) refers to mpu6050.o(i.IIC_Wait_Ack) for IIC_Wait_Ack
    mpu6050.o(i.IIC_Read_One_Byte) refers to mpu6050.o(i.IIC_Read_Byte) for IIC_Read_Byte
    mpu6050.o(i.IIC_Read_One_Byte) refers to mpu6050.o(i.IIC_Stop) for IIC_Stop
    mpu6050.o(i.IIC_Send_Byte) refers to delay.o(i.delay_us) for delay_us
    mpu6050.o(i.IIC_Start) refers to delay.o(i.delay_us) for delay_us
    mpu6050.o(i.IIC_Stop) refers to delay.o(i.delay_us) for delay_us
[...]
    ../fplib/trapv.s                         0x00000000   Number         0  trapv.o ABSOLUTE
    ../fplib/usenofp.s                       0x00000000   Number         0  usenofp.o ABSOLUTE
    ../mathlib/asin.c                        0x00000000   Number         0  asin.o ABSOLUTE
    ../mathlib/asin.c                        0x00000000   Number         0  asin_x.o ABSOLUTE
    ../mathlib/atan.c                        0x00000000   Number         0  atan_x.o ABSOLUTE
    ../mathlib/atan.c                        0x00000000   Number         0  atan.o ABSOLUTE
    ../mathlib/atan2.c                       0x00000000   Number         0  atan2.o ABSOLUTE
    ../mathlib/atan2.c                       0x00000000   Number         0  atan2_x.o ABSOLUTE
    ../mathlib/dunder.c                      0x00000000   Number         0  dunder.o ABSOLUTE
    ../mathlib/fpclassify.c                  0x00000000   Number         0  fpclassify.o ABSOLUTE
    ../mathlib/frexp.c                       0x00000000   Number         0  frexp.o ABSOLUTE
    ../mathlib/ldexp.c                       0x00000000   Number         0  ldexp_x.o ABSOLUTE
    ../mathlib/ldexp.c                       0x00000000   Number         0  ldexp.o ABSOLUTE
    ../mathlib/narrow.c                      0x00000000   Number         0  narrow.o ABSOLUTE
    ../mathlib/poly.c                        0x00000000   Number         0  poly.o ABSOLUTE
    ../mathlib/qnan.c                        0x00000000   Number         0  qnan.o ABSOLUTE
    ../mathlib/sqrt.c                        0x00000000   Number         0  sqrt_x.o ABSOLUTE
    ../mathlib/sqrt.c                        0x00000000   Number         0  sqrt.o ABSOLUTE
    ADC\\adc.c                               0x00000000   Number         0  adc.o ABSOLUTE
    ADC\adc.c                                0x00000000   Number         0  adc.o ABSOLUTE
    DELAY\\delay.c                           0x00000000   Number         0  delay.o ABSOLUTE
    DELAY\delay.c                            0x00000000   Number         0  delay.o ABSOLUTE
    ENCONDER\\enconder.c                     0x00000000   Number         0  enconder.o ABSOLUTE
    ENCONDER\enconder.c                      0x00000000   Number         0  enconder.o ABSOLUTE
    LED\\led.c                               0x00000000   Number         0  led.o ABSOLUTE
    LED\led.c                                0x00000000   Number         0  led.o ABSOLUTE
    Libraries\CMSIS\CM3\DeviceSupport\ST\STM32F10x\startup\arm\startup_stm32f10x_md.s 0x00000000   Number         0  startup_stm32f10x_md.o ABSOLUTE
    Libraries\CMSIS\CM3\DeviceSupport\ST\STM32F10x\system_stm32f10x.c 0x00000000   Number         0  system_stm32f10x.o ABSOLUTE
    Libraries\STM32F10x_StdPeriph_Driver\src\misc.c 0x00000000   Number         0  misc.o ABSOLUTE
    Libraries\STM32F10x_StdPeriph_Driver\src\stm32f10x_adc.c 0x00000000   Number         0  stm32f10x_adc.o ABSOLUTE
    Libraries\STM32F10x_StdPeriph_Driver\src\stm32f10x_bkp.c 0x00000000   Number         0  stm32f10x_bkp.o ABSOLUTE
    Libraries\STM32F10x_StdPeriph_Driver\src\stm32f10x_can.c 0x00000000   Number         0  stm32f10x_can.o ABSOLUTE
    Libraries\STM32F10x_StdPeriph_Driver\src\stm32f10x_cec.c 0x00000000   Number         0  stm32f10x_cec.o ABSOLUTE
    Libraries\STM32F10x_StdPeriph_Driver\src\stm32f10x_crc.c 0x00000000   Number         0  stm32f10x_crc.o ABSOLUTE
    Libraries\STM32F10x_StdPeriph_Driver\src\stm32f10x_dac.c 0x00000000   Number         0  stm32f10x_dac.o ABSOLUTE
    Libraries\STM32F10x_StdPeriph_Driver\src\stm32f10x_dbgmcu.c 0x00000000   Number         0  stm32f10x_dbgmcu.o ABSOLUTE
    Libraries\STM32F10x_StdPeriph_Driver\src\stm32f10x_dma.c 0x00000000   Number         0  stm32f10x_dma.o ABSOLUTE
    Libraries\STM32F10x_StdPeriph_Driver\src\stm32f10x_exti.c 0x00000000   Number         0  stm32f10x_exti.o ABSOLUTE
    Libraries\STM32F10x_StdPeriph_Driver\src\stm32f10x_flash.c 0x00000000   Number         0  stm32f10x_flash.o ABSOLUTE
    Libraries\STM32F10x_StdPeriph_Driver\src\stm32f10x_fsmc.c 0x00000000   Number         0  stm32f10x_fsmc.o ABSOLUTE
    Libraries\STM32F10x_StdPeriph_Driver\src\stm32f10x_gpio.c 0x00000000   Number         0  stm32f10x_gpio.o ABSOLUTE
    Libraries\STM32F10x_StdPeriph_Driver\src\stm32f10x_i2c.c 0x00000000   Number         0  stm32f10x_i2c.o ABSOLUTE
    Libraries\STM32F10x_StdPeriph_Driver\src\stm32f10x_iwdg.c 0x00000000   Number         0  stm32f10x_iwdg.o ABSOLUTE
    Libraries\STM32F10x_StdPeriph_Driver\src\stm32f10x_pwr.c 0x00000000   Number         0  stm32f10x_pwr.o ABSOLUTE
    Libraries\STM32F10x_StdPeriph_Driver\src\stm32f10x_rcc.c 0x00000000   Number         0  stm32f10x_rcc.o ABSOLUTE
    Libraries\STM32F10x_StdPeriph_Driver\src\stm32f10x_rtc.c 0x00000000   Number         0  stm32f10x_rtc.o ABSOLUTE
    Libraries\STM32F10x_StdPeriph_Driver\src\stm32f10x_sdio.c 0x00000000   Number         0  stm32f10x_sdio.o ABSOLUTE
    Libraries\STM32F10x_StdPeriph_Driver\src\stm32f10x_spi.c 0x00000000   Number         0  stm32f10x_spi.o ABSOLUTE
    Libraries\STM32F10x_StdPeriph_Driver\src\stm32f10x_tim.c 0x00000000   Number         0  stm32f10x_tim.o ABSOLUTE
    Libraries\STM32F10x_StdPeriph_Driver\src\stm32f10x_usart.c 0x00000000   Number         0  stm32f10x_usart.o ABSOLUTE
    Libraries\STM32F10x_StdPeriph_Driver\src\stm32f10x_wwdg.c 0x00000000   Number         0  stm32f10x_wwdg.o ABSOLUTE
    Libraries\\CMSIS\\CM3\\DeviceSupport\\ST\\STM32F10x\\system_stm32f10x.c 0x00000000   Number         0  system_stm32f10x.o ABSOLUTE
    Libraries\\STM32F10x_StdPeriph_Driver\\src\\misc.c 0x00000000   Number         0  misc.o ABSOLUTE
    Libraries\\STM32F10x_StdPeriph_Driver\\src\\stm32f10x_adc.c 0x00000000   Number         0  stm32f10x_adc.o ABSOLUTE
    Libraries\\STM32F10x_StdPeriph_Driver\\src\\stm32f10x_bkp.c 0x00000000   Number         0  stm32f10x_bkp.o ABSOLUTE
    Libraries\\STM32F10x_StdPeriph_Driver\\src\\stm32f10x_can.c 0x00000000   Number         0  stm32f10x_can.o ABSOLUTE
    Libraries\\STM32F10x_StdPeriph_Driver\\src\\stm32f10x_cec.c 0x00000000   Number         0  stm32f10x_cec.o ABSOLUTE
    Libraries\\STM32F10x_StdPeriph_Driver\\src\\stm32f10x_crc.c 0x00000000   Number         0  stm32f10x_crc.o ABSOLUTE
    Libraries\\STM32F10x_StdPeriph_Driver\\src\\stm32f10x_dac.c 0x00000000   Number         0  stm32f10x_dac.o ABSOLUTE
    Libraries\\STM32F10x_StdPeriph_Driver\\src\\stm32f10x_dbgmcu.c 0x00000000   Number         0  stm32f10x_dbgmcu.o ABSOLUTE
    Libraries\\STM32F10x_StdPeriph_Driver\\src\\stm32f10x_dma.c 0x00000000   Number         0  stm32f10x_dma.o ABSOLUTE
    Libraries\\STM32F10x_StdPeriph_Driver\\src\\stm32f10x_exti.c 0x00000000   Number         0  stm32f10x_exti.o ABSOLUTE
    Libraries\\STM32F10x_StdPeriph_Driver\\src\\stm32f10x_flash.c 0x00000000   Number         0  stm32f10x_flash.o ABSOLUTE
    Libraries\\STM32F10x_StdPeriph_Driver\\src\\stm32f10x_fsmc.c 0x00000000   Number         0  stm32f10x_fsmc.o ABSOLUTE
    Libraries\\STM32F10x_StdPeriph_Driver\\src\\stm32f10x_gpio.c 0x00000000   Number         0  stm32f10x_gpio.o ABSOLUTE
    Libraries\\STM32F10x_StdPeriph_Driver\\src\\stm32f10x_i2c.c 0x00000000   Number         0  stm32f10x_i2c.o ABSOLUTE
    Libraries\\STM32F10x_StdPeriph_Driver\\src\\stm32f10x_iwdg.c 0x00000000   Number         0  stm32f10x_iwdg.o ABSOLUTE
    Libraries\\STM32F10x_StdPeriph_Driver\\src\\stm32f10x_pwr.c 0x00000000   Number         0  stm32f10x_pwr.o ABSOLUTE
    Libraries\\STM32F10x_StdPeriph_Driver\\src\\stm32f10x_rcc.c 0x00000000   Number         0  stm32f10x_rcc.o ABSOLUTE
    Libraries\\STM32F10x_StdPeriph_Driver\\src\\stm32f10x_rtc.c 0x00000000   Number         0  stm32f10x_rtc.o ABSOLUTE
    Libraries\\STM32F10x_StdPeriph_Driver\\src\\stm32f10x_sdio.c 0x00000000   Number         0  stm32f10x_sdio.o ABSOLUTE
    Libraries\\STM32F10x_StdPeriph_Driver\\src\\stm32f10x_spi.c 0x00000000   Number         0  stm32f10x_spi.o ABSOLUTE
    Libraries\\STM32F10x_StdPeriph_Driver\\src\\stm32f10x_tim.c 0x00000000   Number         0  stm32f10x_tim.o ABSOLUTE
    Libraries\\STM32F10x_StdPeriph_Driver\\src\\stm32f10x_usart.c 0x00000000   Number         0  stm32f10x_usart.o ABSOLUTE
    Libraries\\STM32F10x_StdPeriph_Driver\\src\\stm32f10x_wwdg.c 0x00000000   Number         0  stm32f10x_wwdg.o ABSOLUTE
    MPU6050\IMU.c                            0x00000000   Number         0  imu.o ABSOLUTE
    MPU6050\\IMU.c                           0x00000000   Number         0  imu.o ABSOLUTE
    MPU6050\\mpu6050.c                       0x00000000   Number         0  mpu6050.o ABSOLUTE
    MPU6050\mpu6050.c                        0x00000000   Number         0  mpu6050.o ABSOLUTE
    OLED\\oled.c                             0x00000000   Number         0  oled.o ABSOLUTE
    OLED\oled.c                              0x00000000   Number         0  oled.o ABSOLUTE
    SYS\\sys.c                               0x00000000   Number         0  sys.o ABSOLUTE
    SYS\sys.c                                0x00000000   Number         0  sys.o ABSOLUTE
    TIMER\\timer.c                           0x00000000   Number         0  timer.o ABSOLUTE
    TIMER\timer.c                            0x00000000   Number         0  timer.o ABSOLUTE
    control\\control.c                       0x00000000   Number         0  control.o ABSOLUTE
    control\control.c                        0x00000000   Number         0  control.o ABSOLUTE
    dc.s                                     0x00000000   Number         0  dc.o ABSOLUTE
    main.c                                   0x00000000   Number         0  main.o ABSOLUTE
    main.c                                   0x00000000   Number         0  main.o ABSOLUTE
    uart_config\\uart_config.c               0x00000000   Number         0  uart_config.o ABSOLUTE
    uart_config\uart_config.c                0x00000000   Number         0  uart_config.o ABSOLUTE
    RESET                                    0x08000000   Section      236  startup_stm32f10x_md.o(RESET)
    !!!main                                  0x080000ec   Section        8  __main.o(!!!main)
    !!!scatter                               0x080000f4   Section       52  __scatter.o(!!!scatter)
    !!handler_copy                           0x08000128   Section       26  __scatter_copy.o(!!handler_copy)
    !!handler_zi                             0x08000144   Section       28  __scatter_zi.o(!!handler_zi)
    .ARM.Collect$$libinit$$00000000          0x08000160   Section        2  libinit.o(.ARM.Collect$$libinit$$00000000)
    .ARM.Collect$$libinit$$00000002          0x08000162   Section        0  libinit2.o(.ARM.Collect$$libinit$$00000002)
    .ARM.Collect$$libinit$$00000008          0x08000162   Section        0  libinit2.o(.ARM.Collect$$libinit$$00000008)
    .ARM.Collect$$libinit$$0000000A          0x08000162   Section        0  libinit2.o(.ARM.Collect$$libinit$$0000000A)
    .ARM.Collect$$libinit$$0000000C          0x08000162   Section        0  libinit2.o(.ARM.Collect$$libinit$$0000000C)
    .ARM.Collect$$libinit$$0000000F          0x08000162   Section        0  libinit2.o(.ARM.Collect$$libinit$$0000000F)
    .ARM.Collect$$libinit$$00000011          0x08000162   Section        0  libinit2.o(.ARM.Collect$$libinit$$00000011)
    .ARM.Collect$$libinit$$00000013          0x08000162   Section        0  libinit2.o(.ARM.Collect$$libinit$$00000013)
    .ARM.Collect$$libinit$$00000015          0x08000162   Section        0  libinit2.o(.ARM.Collect$$libinit$$00000015)
    .ARM.Collect$$libinit$$00000017          0x08000162   Section        0  libinit2.o(.ARM.Collect$$libinit$$00000017)
    .ARM.Collect$$libinit$$00000019          0x08000162   Section        0  libinit2.o(.ARM.Collect$$libinit$$00000019)
    .ARM.Collect$$libinit$$0000001B          0x08000162   Section        0  libinit2.o(.ARM.Collect$$libinit$$0000001B)
    .ARM.Collect$$libinit$$0000001D          0x08000162   Section        0  libinit2.o(.ARM.Collect$$libinit$$0000001D)
    .ARM.Collect$$libinit$$0000001F          0x08000162   Section        0  libinit2.o(.ARM.Collect$$libinit$$0000001F)
    .ARM.Collect$$libinit$$00000021          0x08000162   Section        0  libinit2.o(.ARM.Collect$$libinit$$00000021)
    .ARM.Collect$$libinit$$00000023          0x08000162   Section        0  libinit2.o(.ARM.Collect$$libinit$$00000023)
    .ARM.Collect$$libinit$$0000002A          0x08000162   Section        0  libinit2.o(.ARM.Collect$$libinit$$0000002A)
    .ARM.Collect$$libinit$$0000002C          0x08000162   Section        0  libinit2.o(.ARM.Collect$$libinit$$0000002C)
    .ARM.Collect$$libinit$$0000002E          0x08000162   Section        0  libinit2.o(.ARM.Collect$$libinit$$0000002E)
    .ARM.Collect$$libinit$$00000030          0x08000162   Section        0  libinit2.o(.ARM.Collect$$libinit$$00000030)
    .ARM.Collect$$libinit$$00000031          0x08000162   Section        2  libinit2.o(.ARM.Collect$$libinit$$00000031)
    .ARM.Collect$$libshutdown$$00000000      0x08000164   Section        2  libshutdown.o(.ARM.Collect$$libshutdown$$00000000)
    .ARM.Collect$$libshutdown$$00000003      0x08000166   Section        0  libshutdown2.o(.ARM.Collect$$libshutdown$$00000003)
    .ARM.Collect$$libshutdown$$00000006      0x08000166   Section        0  libshutdown2.o(.ARM.Collect$$libshutdown$$00000006)
    .ARM.Collect$$libshutdown$$00000009      0x08000166   Section        0  libshutdown2.o(.ARM.Collect$$libshutdown$$00000009)
    .ARM.Collect$$libshutdown$$0000000B      0x08000166   Section        0  libshutdown2.o(.ARM.Collect$$libshutdown$$0000000B)
    .ARM.Collect$$libshutdown$$0000000E      0x08000166   Section        0  libshutdown2.o(.ARM.Collect$$libshutdown$$0000000E)
    .ARM.Collect$$libshutdown$$0000000F      0x08000166   Section        2  libshutdown2.o(.ARM.Collect$$libshutdown$$0000000F)
    .ARM.Collect$$rtentry$$00000000          0x08000168   Section        0  rtentry.o(.ARM.Collect$$rtentry$$00000000)
    .ARM.Collect$$rtentry$$00000002          0x08000168   Section        0  rtentry2.o(.ARM.Collect$$rtentry$$00000002)
    .ARM.Collect$$rtentry$$00000004          0x08000168   Section        6  rtentry4.o(.ARM.Collect$$rtentry$$00000004)
    .ARM.Collect$$rtentry$$00000009          0x0800016e   Section        0  rtentry2.o(.ARM.Collect$$rtentry$$00000009)
    .ARM.Collect$$rtentry$$0000000A          0x0800016e   Section        4  rtentry2.o(.ARM.Collect$$rtentry$$0000000A)
    .ARM.Collect$$rtentry$$0000000C          0x08000172   Section        0  rtentry2.o(.ARM.Collect$$rtentry$$0000000C)
    .ARM.Collect$$rtentry$$0000000D          0x08000172   Section        8  rtentry2.o(.ARM.Collect$$rtentry$$0000000D)
    .ARM.Collect$$rtexit$$00000000           0x0800017a   Section        2  rtexit.o(.ARM.Collect$$rtexit$$00000000)
    .ARM.Collect$$rtexit$$00000002           0x0800017c   Section        0  rtexit2.o(.ARM.Collect$$rtexit$$00000002)
    .ARM.Collect$$rtexit$$00000003           0x0800017c   Section        4  rtexit2.o(.ARM.Collect$$rtexit$$00000003)
    .ARM.Collect$$rtexit$$00000004           0x08000180   Section        6  rtexit2.o(.ARM.Collect$$rtexit$$00000004)
    .text                                    0x08000188   Section       64  startup_stm32f10x_md.o(.text)
    .text                                    0x080001c8   Section        0  heapauxi.o(.text)
    .text                                    0x080001ce   Section        0  _rserrno.o(.text)
    .text                                    0x080001e4   Section        8  rt_errno_addr_intlibspace.o(.text)
    .text                                    0x080001ec   Section        8  libspace.o(.text)
    .text                                    0x080001f4   Section       74  sys_stackheap_outer.o(.text)
    .text                                    0x0800023e   Section        0  exit.o(.text)
    .text                                    0x0800024c   Section        0  sys_exit.o(.text)
    .text                                    0x08000258   Section        2  use_no_semi.o(.text)
    .text                                    0x0800025a   Section        0  indicate_semi.o(.text)
    i.ADC1_Configuration_DMA                 0x0800025c   Section        0  adc.o(i.ADC1_Configuration_DMA)
    i.ADC_Cmd                                0x080002ec   Section        0  stm32f10x_adc.o(i.ADC_Cmd)
    i.ADC_DMACmd                             0x08000302   Section        0  stm32f10x_adc.o(i.ADC_DMACmd)
    i.ADC_GetCalibrationStatus               0x08000318   Section        0  stm32f10x_adc.o(i.ADC_GetCalibrationStatus)
    i.ADC_GetResetCalibrationStatus          0x0800032c   Section        0  stm32f10x_adc.o(i.ADC_GetResetCalibrationStatus)
    i.ADC_Init                               0x08000340   Section        0  stm32f10x_adc.o(i.ADC_Init)
    i.ADC_RegularChannelConfig               0x08000390   Section        0  stm32f10x_adc.o(i.ADC_RegularChannelConfig)
    i.ADC_ResetCalibration                   0x08000448   Section        0  stm32f10x_adc.o(i.ADC_ResetCalibration)
    i.ADC_SoftwareStartConvCmd               0x08000452   Section        0  stm32f10x_adc.o(i.ADC_SoftwareStartConvCmd)
    i.ADC_StartCalibration                   0x08000468   Section        0  stm32f10x_adc.o(i.ADC_StartCalibration)
    i.Adc_Init                               0x08000472   Section        0  adc.o(i.Adc_Init)
    i.Beep_OFF                               0x08000488   Section        0  led.o(i.Beep_OFF)
    i.Beep_ON                                0x08000498   Section        0  led.o(i.Beep_ON)
    i.Beep_warning                           0x080004a8   Section        0  led.o(i.Beep_warning)
    i.Control_gpio_init                      0x080004c4   Section        0  control.o(i.Control_gpio_init)
    i.DMA_Cmd                                0x08000538   Section        0  stm32f10x_dma.o(i.DMA_Cmd)
    i.DMA_Configuration_ADC                  0x08000550   Section        0  adc.o(i.DMA_Configuration_ADC)
    i.DMA_DeInit                             0x080005a8   Section        0  stm32f10x_dma.o(i.DMA_DeInit)
    i.DMA_Init                               0x080006f4   Section        0  stm32f10x_dma.o(i.DMA_Init)
    i.ENC1_Get_Electrical_Angle              0x08000730   Section        0  enconder.o(i.ENC1_Get_Electrical_Angle)
    i.ENC2_Get_Electrical_Angle              0x08000768   Section        0  enconder.o(i.ENC2_Get_Electrical_Angle)
    i.Enconder_IO_Init                       0x080007a0   Section        0  enconder.o(i.Enconder_IO_Init)
    i.Enconder_init                          0x080007fc   Section        0  enconder.o(i.Enconder_init)
    i.GPIO_Configuration_ADC                 0x080008bc   Section        0  adc.o(i.GPIO_Configuration_ADC)
    i.GPIO_Configuration_UART                0x080008e0   Section        0  uart_config.o(i.GPIO_Configuration_UART)
    i.GPIO_Init                              0x0800092c   Section        0  stm32f10x_gpio.o(i.GPIO_Init)
    i.GPIO_PinRemapConfig                    0x08000a40   Section        0  stm32f10x_gpio.o(i.GPIO_PinRemapConfig)
    i.GPIO_ResetBits                         0x08000ad0   Section        0  stm32f10x_gpio.o(i.GPIO_ResetBits)
    i.GPIO_SetBits                           0x08000ad4   Section        0  stm32f10x_gpio.o(i.GPIO_SetBits)
    i.GetData_MPU6050                        0x08000ad8   Section        0  mpu6050.o(i.GetData_MPU6050)
    i.IIC_Ack                                0x08000af8   Section        0  mpu6050.o(i.IIC_Ack)
    i.IIC_NAck                               0x08000b48   Section        0  mpu6050.o(i.IIC_NAck)
    i.IIC_Read_Byte                          0x08000b9c   Section        0  mpu6050.o(i.IIC_Read_Byte)
    i.IIC_Read_One_Byte                      0x08000c30   Section        0  mpu6050.o(i.IIC_Read_One_Byte)
    i.IIC_Send_Byte                          0x08000c70   Section        0  mpu6050.o(i.IIC_Send_Byte)
    i.IIC_Start                              0x08000cf0   Section        0  mpu6050.o(i.IIC_Start)
    i.IIC_Stop                               0x08000d40   Section        0  mpu6050.o(i.IIC_Stop)
    i.IIC_Wait_Ack                           0x08000d94   Section        0  mpu6050.o(i.IIC_Wait_Ack)
    i.IIC_Write_One_Byte                     0x08000e14   Section        0  mpu6050.o(i.IIC_Write_One_Byte)
    i.IMUupdate                              0x08000e44   Section        0  imu.o(i.IMUupdate)
    i.LED_Init                               0x080014a8   Section        0  led.o(i.LED_Init)
    i.LED_OFF                                0x080014dc   Section        0  led.o(i.LED_OFF)
    i.MPU6050_Init                           0x080014ec   Section        0  mpu6050.o(i.MPU6050_Init)
    i.Motor_Speed_Ctrl                       0x0800157c   Section        0  control.o(i.Motor_Speed_Ctrl)
    i.NVIC_Configuration_UART                0x0800164c   Section        0  uart_config.o(i.NVIC_Configuration_UART)
    i.NVIC_Init                              0x08001670   Section        0  misc.o(i.NVIC_Init)
    i.NVIC_PriorityGroupConfig               0x080016e4   Section        0  misc.o(i.NVIC_PriorityGroupConfig)
    i.PID_init                               0x080016f8   Section        0  main.o(i.PID_init)
    i.RCC_ADCCLKConfig                       0x08001714   Section        0  stm32f10x_rcc.o(i.RCC_ADCCLKConfig)
    i.RCC_AHBPeriphClockCmd                  0x0800172c   Section        0  stm32f10x_rcc.o(i.RCC_AHBPeriphClockCmd)
    i.RCC_APB1PeriphClockCmd                 0x0800174c   Section        0  stm32f10x_rcc.o(i.RCC_APB1PeriphClockCmd)
    i.RCC_APB2PeriphClockCmd                 0x0800176c   Section        0  stm32f10x_rcc.o(i.RCC_APB2PeriphClockCmd)
    i.RCC_Configuration_ADC                  0x0800178c   Section        0  adc.o(i.RCC_Configuration_ADC)
    i.RCC_GetClocksFreq                      0x080017a4   Section        0  stm32f10x_rcc.o(i.RCC_GetClocksFreq)
    i.Read_Filter_MPU6050                    0x08001878   Section        0  mpu6050.o(i.Read_Filter_MPU6050)
    i.SetSysClock                            0x08001a80   Section        0  system_stm32f10x.o(i.SetSysClock)
    SetSysClock                              0x08001a81   Thumb Code     8  system_stm32f10x.o(i.SetSysClock)
    i.SetSysClockTo72                        0x08001a88   Section        0  system_stm32f10x.o(i.SetSysClockTo72)
    SetSysClockTo72                          0x08001a89   Thumb Code   212  system_stm32f10x.o(i.SetSysClockTo72)
    i.SystemInit                             0x08001b64   Section        0  system_stm32f10x.o(i.SystemInit)
    i.TIM1_UP_IRQHandler                     0x08001bc4   Section        0  timer.o(i.TIM1_UP_IRQHandler)
    i.TIM4_PWM_Init                          0x08001c74   Section        0  timer.o(i.TIM4_PWM_Init)
    i.TIM_ARRPreloadConfig                   0x08001d3c   Section        0  stm32f10x_tim.o(i.TIM_ARRPreloadConfig)
    i.TIM_ClearFlag                          0x08001d54   Section        0  stm32f10x_tim.o(i.TIM_ClearFlag)
    i.TIM_ClearITPendingBit                  0x08001d5a   Section        0  stm32f10x_tim.o(i.TIM_ClearITPendingBit)
    i.TIM_Cmd                                0x08001d60   Section        0  stm32f10x_tim.o(i.TIM_Cmd)
    i.TIM_CtrlPWMOutputs                     0x08001d78   Section        0  stm32f10x_tim.o(i.TIM_CtrlPWMOutputs)
    i.TIM_GetITStatus                        0x08001d96   Section        0  stm32f10x_tim.o(i.TIM_GetITStatus)
    i.TIM_ITConfig                           0x08001db8   Section        0  stm32f10x_tim.o(i.TIM_ITConfig)
    i.TIM_OC1Init                            0x08001dcc   Section        0  stm32f10x_tim.o(i.TIM_OC1Init)
    i.TIM_OC1PreloadConfig                   0x08001e64   Section        0  stm32f10x_tim.o(i.TIM_OC1PreloadConfig)
    i.TIM_OC3Init                            0x08001e78   Section        0  stm32f10x_tim.o(i.TIM_OC3Init)
    i.TIM_OC3PreloadConfig                   0x08001f18   Section        0  stm32f10x_tim.o(i.TIM_OC3PreloadConfig)
    i.TIM_SetCompare1                        0x08001f2a   Section        0  stm32f10x_tim.o(i.TIM_SetCompare1)
    i.TIM_SetCompare2                        0x08001f2e   Section        0  stm32f10x_tim.o(i.TIM_SetCompare2)
    i.TIM_SetCompare3                        0x08001f32   Section        0  stm32f10x_tim.o(i.TIM_SetCompare3)
    i.TIM_SetCompare4                        0x08001f36   Section        0  stm32f10x_tim.o(i.TIM_SetCompare4)
    i.TIM_TimeBaseInit                       0x08001f3c   Section        0  stm32f10x_tim.o(i.TIM_TimeBaseInit)
    i.Timer1_Init                            0x08001fe0   Section        0  timer.o(i.Timer1_Init)
    i.UART_Init                              0x0800204c   Section        0  uart_config.o(i.UART_Init)
    i.UART_Set                               0x08002060   Section        0  uart_config.o(i.UART_Set)
    i.USART1_IRQHandler                      0x080020a0   Section        0  uart_config.o(i.USART1_IRQHandler)
    i.USART_Cmd                              0x080020f0   Section        0  stm32f10x_usart.o(i.USART_Cmd)
    i.USART_GetITStatus                      0x08002108   Section        0  stm32f10x_usart.o(i.USART_GetITStatus)
    i.USART_ITConfig                         0x0800215c   Section        0  stm32f10x_usart.o(i.USART_ITConfig)
    i.USART_Init                             0x080021a8   Section        0  stm32f10x_usart.o(i.USART_Init)
    i.USART_ReceiveData                      0x08002280   Section        0  stm32f10x_usart.o(i.USART_ReceiveData)
    i.__ARM_fpclassify                       0x0800228a   Section        0  fpclassify.o(i.__ARM_fpclassify)
    i.__kernel_poly                          0x080022b2   Section        0  poly.o(i.__kernel_poly)
    i.__mathlib_dbl_underflow                0x0800235c   Section        0  dunder.o(i.__mathlib_dbl_underflow)
    i.asin                                   0x0800236c   Section        0  asin.o(i.asin)
    i.atan                                   0x080025e8   Section        0  atan.o(i.atan)
    i.atan2                                  0x0800280c   Section        0  atan2.o(i.atan2)
    i.delay_ms                               0x0800298c   Section        0  delay.o(i.delay_ms)
    i.delay_us                               0x080029a8   Section        0  delay.o(i.delay_us)
    i.main                                   0x080029c4   Section        0  main.o(i.main)
    i.sqrt                                   0x08002ca8   Section        0  sqrt.o(i.sqrt)
    x$fpl$d2f                                0x08002cf4   Section       98  d2f.o(x$fpl$d2f)
    x$fpl$dadd                               0x08002d58   Section      336  daddsub_clz.o(x$fpl$dadd)
    _dadd1                                   0x08002d69   Thumb Code     0  daddsub_clz.o(x$fpl$dadd)
    x$fpl$dcheck1                            0x08002ea8   Section       16  dcheck1.o(x$fpl$dcheck1)
    x$fpl$ddiv                               0x08002eb8   Section      688  ddiv.o(x$fpl$ddiv)
    ddiv_entry                               0x08002ebf   Thumb Code     0  ddiv.o(x$fpl$ddiv)
    x$fpl$dmul                               0x08003168   Section      340  dmul.o(x$fpl$dmul)
    x$fpl$dnaninf                            0x080032bc   Section      156  dnaninf.o(x$fpl$dnaninf)
    x$fpl$dretinf                            0x08003358   Section       12  dretinf.o(x$fpl$dretinf)
    x$fpl$drsb                               0x08003364   Section       22  daddsub_clz.o(x$fpl$drsb)
    x$fpl$dsqrt                              0x0800337c   Section      460  dsqrt_noumaal.o(x$fpl$dsqrt)
    x$fpl$dsub                               0x08003548   Section      468  daddsub_clz.o(x$fpl$dsub)
    _dsub1                                   0x08003559   Thumb Code     0  daddsub_clz.o(x$fpl$dsub)
    x$fpl$f2d                                0x0800371c   Section       86  f2d.o(x$fpl$f2d)
    x$fpl$fadd                               0x08003774   Section      196  faddsub_clz.o(x$fpl$fadd)
    _fadd1                                   0x08003783   Thumb Code     0  faddsub_clz.o(x$fpl$fadd)
    x$fpl$fcmpinf                            0x08003838   Section       24  fcmpi.o(x$fpl$fcmpinf)
    x$fpl$fdiv                               0x08003850   Section      388  fdiv.o(x$fpl$fdiv)
    _fdiv1                                   0x08003851   Thumb Code     0  fdiv.o(x$fpl$fdiv)
    x$fpl$feqf                               0x080039d4   Section      104  feqf.o(x$fpl$feqf)
    x$fpl$fflt                               0x08003a3c   Section       48  fflt_clz.o(x$fpl$fflt)
    x$fpl$fmul                               0x08003a6c   Section      258  fmul.o(x$fpl$fmul)
    x$fpl$fnaninf                            0x08003b6e   Section      140  fnaninf.o(x$fpl$fnaninf)
    x$fpl$fretinf                            0x08003bfa   Section       10  fretinf.o(x$fpl$fretinf)
    x$fpl$fsub                               0x08003c04   Section      234  faddsub_clz.o(x$fpl$fsub)
    _fsub1                                   0x08003c13   Thumb Code     0  faddsub_clz.o(x$fpl$fsub)
    x$fpl$retnan                             0x08003cee   Section      100  retnan.o(x$fpl$retnan)
    x$fpl$scalbn                             0x08003d52   Section       92  scalbn.o(x$fpl$scalbn)
    x$fpl$trapveneer                         0x08003dae   Section       48  trapv.o(x$fpl$trapveneer)
    x$fpl$usenofp                            0x08003dde   Section        0  usenofp.o(x$fpl$usenofp)
    .constdata                               0x08003de0   Section       80  asin.o(.constdata)
    pS                                       0x08003de0   Data          48  asin.o(.constdata)
    qS                                       0x08003e10   Data          32  asin.o(.constdata)
    .constdata                               0x08003e30   Section      152  atan.o(.constdata)
    atanhi                                   0x08003e30   Data          32  atan.o(.constdata)
    atanlo                                   0x08003e50   Data          32  atan.o(.constdata)
    aTodd                                    0x08003e70   Data          40  atan.o(.constdata)
    aTeven                                   0x08003e98   Data          48  atan.o(.constdata)
    .constdata                               0x08003ec8   Section        8  qnan.o(.constdata)
    .data                                    0x20000000   Section       20  main.o(.data)
    .data                                    0x20000014   Section       48  mpu6050.o(.data)
    ACC_OFFSET_OK                            0x20000014   Data           1  mpu6050.o(.data)
    filter_cnt                               0x20000015   Data           1  mpu6050.o(.data)
    tempax                                   0x20000018   Data           4  mpu6050.o(.data)
    tempay                                   0x2000001c   Data           4  mpu6050.o(.data)
    tempaz                                   0x20000020   Data           4  mpu6050.o(.data)
    cnt_a                                    0x20000024   Data           1  mpu6050.o(.data)
    .data                                    0x20000044   Section       20  timer.o(.data)
    .data                                    0x20000058   Section        3  uart_config.o(.data)
    .data                                    0x2000005c   Section       20  enconder.o(.data)
    .data                                    0x20000070   Section       36  imu.o(.data)
    .data                                    0x20000094   Section        6  adc.o(.data)
    .data                                    0x2000009a   Section       20  stm32f10x_rcc.o(.data)
    APBAHBPrescTable                         0x2000009a   Data          16  stm32f10x_rcc.o(.data)
    ADCPrescTable                            0x200000aa   Data           4  stm32f10x_rcc.o(.data)
    .bss                                     0x200000b0   Section      363  main.o(.bss)
    .bss                                     0x2000021c   Section       60  mpu6050.o(.bss)
    ACC_X_BUF                                0x2000021c   Data          20  mpu6050.o(.bss)
    ACC_Y_BUF                                0x20000230   Data          20  mpu6050.o(.bss)
    ACC_Z_BUF                                0x20000244   Data          20  mpu6050.o(.bss)
    .bss                                     0x20000258   Section      255  uart_config.o(.bss)
    .bss                                     0x20000358   Section       12  imu.o(.bss)
    .bss                                     0x20000364   Section       96  libspace.o(.bss)
    HEAP                                     0x200003c8   Section      512  startup_stm32f10x_md.o(HEAP)
    Heap_Mem                                 0x200003c8   Data         512  startup_stm32f10x_md.o(HEAP)
    STACK                                    0x200005c8   Section     1024  startup_stm32f10x_md.o(STACK)
    Stack_Mem                                0x200005c8   Data        1024  startup_stm32f10x_md.o(STACK)
    __initial_sp                             0x200009c8   Data           0  startup_stm32f10x_md.o(STACK)

    Global Symbols

    Symbol Name                              Value     Ov Type        Size  Object(Section)

    BuildAttributes$$THM_ISAv4$P$D$K$B$S$PE$A:L22UL41UL21$X:L11$S22US41US21$IEEE1$IW$USESV6$~STKCKD$USESV7$~SHL$OTIME$ROPI$IEEEX$EBA8$UX$STANDARDLIB$REQ8$PRES8$EABIv2 0x00000000   Number         0  anon$$obj.o ABSOLUTE
    __ARM_use_no_argv                        0x00000000   Number         0  main.o ABSOLUTE
    _printf_flags                            0x00000000   Number         0  printf_stubs.o ABSOLUTE
    _printf_return_value                     0x00000000   Number         0  printf_stubs.o ABSOLUTE
    _printf_sizespec                         0x00000000   Number         0  printf_stubs.o ABSOLUTE
    _printf_widthprec                        0x00000000   Number         0  printf_stubs.o ABSOLUTE
    __ARM_exceptions_init                     - Undefined Weak Reference
    __alloca_initialize                       - Undefined Weak Reference
    __cpp_initialize__aeabi_                  - Undefined Weak Reference
    __cxa_finalize                            - Undefined Weak Reference
    __sigvec_lookup                           - Undefined Weak Reference
    _atexit_init                              - Undefined Weak Reference
    _call_atexit_fns                          - Undefined Weak Reference
    _clock_init                               - Undefined Weak Reference
    _fp_trap_init                             - Undefined Weak Reference
    _fp_trap_shutdown                         - Undefined Weak Reference
    _get_lc_collate                           - Undefined Weak Reference
    _get_lc_monetary                          - Undefined Weak Reference
    _get_lc_time                              - Undefined Weak Reference
    _getenv_init                              - Undefined Weak Reference
    _handle_redirection                       - Undefined Weak Reference
    _init_alloc                               - Undefined Weak Reference
    _init_user_alloc                          - Undefined Weak Reference
    _initio                                   - Undefined Weak Reference
    _printf_post_padding                      - Undefined Weak Reference
    _printf_pre_padding                       - Undefined Weak Reference
    _printf_truncate_signed                   - Undefined Weak Reference
    _printf_truncate_unsigned                 - Undefined Weak Reference
    _rand_init                                - Undefined Weak Reference
    _scanf_int                                - Undefined Weak Reference
    _scanf_longlong                           - Undefined Weak Reference
    _scanf_mbtowc                             - Undefined Weak Reference
    _scanf_string                             - Undefined Weak Reference
    _scanf_wctomb                             - Undefined Weak Reference
    _scanf_wstring                            - Undefined Weak Reference
    _signal_finish                            - Undefined Weak Reference
    _signal_init                              - Undefined Weak Reference
    _terminate_alloc                          - Undefined Weak Reference
    _terminate_user_alloc                     - Undefined Weak Reference
    _terminateio                              - Undefined Weak Reference
    __Vectors_Size                           0x000000ec   Number         0  startup_stm32f10x_md.o ABSOLUTE
    __Vectors                                0x08000000   Data           4  startup_stm32f10x_md.o(RESET)
    __Vectors_End                            0x080000ec   Data           0  startup_stm32f10x_md.o(RESET)
    __main                                   0x080000ed   Thumb Code     8  __main.o(!!!main)
    __scatterload                            0x080000f5   Thumb Code     0  __scatter.o(!!!scatter)
    __scatterload_rt2                        0x080000f5   Thumb Code    44  __scatter.o(!!!scatter)
    __scatterload_rt2_thumb_only             0x080000f5   Thumb Code     0  __scatter.o(!!!scatter)
    __scatterload_null                       0x08000103   Thumb Code     0  __scatter.o(!!!scatter)
    __scatterload_copy                       0x08000129   Thumb Code    26  __scatter_copy.o(!!handler_copy)
    __scatterload_zeroinit                   0x08000145   Thumb Code    28  __scatter_zi.o(!!handler_zi)
    __rt_lib_init                            0x08000161   Thumb Code     0  libinit.o(.ARM.Collect$$libinit$$00000000)
    __rt_lib_init_alloca_1                   0x08000163   Thumb Code     0  libinit2.o(.ARM.Collect$$libinit$$0000002C)
    __rt_lib_init_argv_1                     0x08000163   Thumb Code     0  libinit2.o(.ARM.Collect$$libinit$$0000002A)
    __rt_lib_init_atexit_1                   0x08000163   Thumb Code     0  libinit2.o(.ARM.Collect$$libinit$$00000019)
    __rt_lib_init_clock_1                    0x08000163   Thumb Code     0  libinit2.o(.ARM.Collect$$libinit$$0000001F)
    __rt_lib_init_cpp_1                      0x08000163   Thumb Code     0  libinit2.o(.ARM.Collect$$libinit$$00000030)
    __rt_lib_init_exceptions_1               0x08000163   Thumb Code     0  libinit2.o(.ARM.Collect$$libinit$$0000002E)
    __rt_lib_init_fp_1                       0x08000163   Thumb Code     0  libinit2.o(.ARM.Collect$$libinit$$00000002)
    __rt_lib_init_fp_trap_1                  0x08000163   Thumb Code     0  libinit2.o(.ARM.Collect$$libinit$$0000001D)
    __rt_lib_init_getenv_1                   0x08000163   Thumb Code     0  libinit2.o(.ARM.Collect$$libinit$$00000021)
    __rt_lib_init_heap_1                     0x08000163   Thumb Code     0  libinit2.o(.ARM.Collect$$libinit$$00000008)
    __rt_lib_init_lc_collate_1               0x08000163   Thumb Code     0  libinit2.o(.ARM.Collect$$libinit$$0000000F)
    __rt_lib_init_lc_ctype_1                 0x08000163   Thumb Code     0  libinit2.o(.ARM.Collect$$libinit$$00000011)
    __rt_lib_init_lc_monetary_1              0x08000163   Thumb Code     0  libinit2.o(.ARM.Collect$$libinit$$00000013)
    __rt_lib_init_lc_numeric_1               0x08000163   Thumb Code     0  libinit2.o(.ARM.Collect$$libinit$$00000015)
    __rt_lib_init_lc_time_1                  0x08000163   Thumb Code     0  libinit2.o(.ARM.Collect$$libinit$$00000017)
    __rt_lib_init_rand_1                     0x08000163   Thumb Code     0  libinit2.o(.ARM.Collect$$libinit$$0000000C)
    __rt_lib_init_return                     0x08000163   Thumb Code     0  libinit2.o(.ARM.Collect$$libinit$$00000031)
    __rt_lib_init_signal_1                   0x08000163   Thumb Code     0  libinit2.o(.ARM.Collect$$libinit$$0000001B)
    __rt_lib_init_stdio_1                    0x08000163   Thumb Code     0  libinit2.o(.ARM.Collect$$libinit$$00000023)
    __rt_lib_init_user_alloc_1               0x08000163   Thumb Code     0  libinit2.o(.ARM.Collect$$libinit$$0000000A)
    __rt_lib_shutdown                        0x08000165   Thumb Code     0  libshutdown.o(.ARM.Collect$$libshutdown$$00000000)
    __rt_lib_shutdown_fp_trap_1              0x08000167   Thumb Code     0  libshutdown2.o(.ARM.Collect$$libshutdown$$00000006)
    __rt_lib_shutdown_heap_1                 0x08000167   Thumb Code     0  libshutdown2.o(.ARM.Collect$$libshutdown$$0000000E)
    __rt_lib_shutdown_return                 0x08000167   Thumb Code     0  libshutdown2.o(.ARM.Collect$$libshutdown$$0000000F)
    __rt_lib_shutdown_signal_1               0x08000167   Thumb Code     0  libshutdown2.o(.ARM.Collect$$libshutdown$$00000009)
    __rt_lib_shutdown_stdio_1                0x08000167   Thumb Code     0  libshutdown2.o(.ARM.Collect$$libshutdown$$00000003)
    __rt_lib_shutdown_user_alloc_1           0x08000167   Thumb Code     0  libshutdown2.o(.ARM.Collect$$libshutdown$$0000000B)
    __rt_entry                               0x08000169   Thumb Code     0  rtentry.o(.ARM.Collect$$rtentry$$00000000)
    __rt_entry_presh_1                       0x08000169   Thumb Code     0  rtentry2.o(.ARM.Collect$$rtentry$$00000002)
    __rt_entry_sh                            0x08000169   Thumb Code     0  rtentry4.o(.ARM.Collect$$rtentry$$00000004)
    __rt_entry_li                            0x0800016f   Thumb Code     0  rtentry2.o(.ARM.Collect$$rtentry$$0000000A)
    __rt_entry_postsh_1                      0x0800016f   Thumb Code     0  rtentry2.o(.ARM.Collect$$rtentry$$00000009)
    __rt_entry_main                          0x08000173   Thumb Code     0  rtentry2.o(.ARM.Collect$$rtentry$$0000000D)
    __rt_entry_postli_1                      0x08000173   Thumb Code     0  rtentry2.o(.ARM.Collect$$rtentry$$0000000C)
    __rt_exit                                0x0800017b   Thumb Code     0  rtexit.o(.ARM.Collect$$rtexit$$00000000)
    __rt_exit_ls                             0x0800017d   Thumb Code     0  rtexit2.o(.ARM.Collect$$rtexit$$00000003)
    __rt_exit_prels_1                        0x0800017d   Thumb Code     0  rtexit2.o(.ARM.Collect$$rtexit$$00000002)
    __rt_exit_exit                           0x08000181   Thumb Code     0  rtexit2.o(.ARM.Collect$$rtexit$$00000004)
    Reset_Handler                            0x08000189   Thumb Code     8  startup_stm32f10x_md.o(.text)
    NMI_Handler                              0x08000191   Thumb Code     2  startup_stm32f10x_md.o(.text)
    HardFault_Handler                        0x08000193   Thumb Code     2  startup_stm32f10x_md.o(.text)
    MemManage_Handler                        0x08000195   Thumb Code     2  startup_stm32f10x_md.o(.text)
    BusFault_Handler                         0x08000197   Thumb Code     2  startup_stm32f10x_md.o(.text)
    UsageFault_Handler                       0x08000199   Thumb Code     2  startup_stm32f10x_md.o(.text)
    SVC_Handler                              0x0800019b   Thumb Code     2  startup_stm32f10x_md.o(.text)
    DebugMon_Handler                         0x0800019d   Thumb Code     2  startup_stm32f10x_md.o(.text)
    PendSV_Handler                           0x0800019f   Thumb Code     2  startup_stm32f10x_md.o(.text)
    SysTick_Handler                          0x080001a1   Thumb Code     2  startup_stm32f10x_md.o(.text)
    ADC1_2_IRQHandler                        0x080001a3   Thumb Code     0  startup_stm32f10x_md.o(.text)
    CAN1_RX1_IRQHandler                      0x080001a3   Thumb Code     0  startup_stm32f10x_md.o(.text)
    CAN1_SCE_IRQHandler                      0x080001a3   Thumb Code     0  startup_stm32f10x_md.o(.text)
    DMA1_Channel1_IRQHandler                 0x080001a3   Thumb Code     0  startup_stm32f10x_md.o(.text)
    DMA1_Channel2_IRQHandler                 0x080001a3   Thumb Code     0  startup_stm32f10x_md.o(.text)
    DMA1_Channel3_IRQHandler                 0x080001a3   Thumb Code     0  startup_stm32f10x_md.o(.text)
    DMA1_Channel4_IRQHandler                 0x080001a3   Thumb Code     0  startup_stm32f10x_md.o(.text)
    DMA1_Channel5_IRQHandler                 0x080001a3   Thumb Code     0  startup_stm32f10x_md.o(.text)
    DMA1_Channel6_IRQHandler                 0x080001a3   Thumb Code     0  startup_stm32f10x_md.o(.text)
    DMA1_Channel7_IRQHandler                 0x080001a3   Thumb Code     0  startup_stm32f10x_md.o(.text)
    EXTI0_IRQHandler                         0x080001a3   Thumb Code     0  startup_stm32f10x_md.o(.text)
    EXTI15_10_IRQHandler                     0x080001a3   Thumb Code     0  startup_stm32f10x_md.o(.text)
    EXTI1_IRQHandler                         0x080001a3   Thumb Code     0  startup_stm32f10x_md.o(.text)
    EXTI2_IRQHandler                         0x080001a3   Thumb Code     0  startup_stm32f10x_md.o(.text)
    EXTI3_IRQHandler                         0x080001a3   Thumb Code     0  startup_stm32f10x_md.o(.text)
    EXTI4_IRQHandler                         0x080001a3   Thumb Code     0  startup_stm32f10x_md.o(.text)
    EXTI9_5_IRQHandler                       0x080001a3   Thumb Code     0  startup_stm32f10x_md.o(.text)
    FLASH_IRQHandler                         0x080001a3   Thumb Code     0  startup_stm32f10x_md.o(.text)
    I2C1_ER_IRQHandler                       0x080001a3   Thumb Code     0  startup_stm32f10x_md.o(.text)
    I2C1_EV_IRQHandler                       0x080001a3   Thumb Code     0  startup_stm32f10x_md.o(.text)
    I2C2_ER_IRQHandler                       0x080001a3   Thumb Code     0  startup_stm32f10x_md.o(.text)
    I2C2_EV_IRQHandler                       0x080001a3   Thumb Code     0  startup_stm32f10x_md.o(.text)
    PVD_IRQHandler                           0x080001a3   Thumb Code     0  startup_stm32f10x_md.o(.text)
    RCC_IRQHandler                           0x080001a3   Thumb Code     0  startup_stm32f10x_md.o(.text)
    RTCAlarm_IRQHandler                      0x080001a3   Thumb Code     0  startup_stm32f10x_md.o(.text)
    RTC_IRQHandler                           0x080001a3   Thumb Code     0  startup_stm32f10x_md.o(.text)
    SPI1_IRQHandler                          0x080001a3   Thumb Code     0  startup_stm32f10x_md.o(.text)
    SPI2_IRQHandler                          0x080001a3   Thumb Code     0  startup_stm32f10x_md.o(.text)
    TAMPER_IRQHandler                        0x080001a3   Thumb Code     0  startup_stm32f10x_md.o(.text)
    TIM1_BRK_IRQHandler                      0x080001a3   Thumb Code     0  startup_stm32f10x_md.o(.text)
    TIM1_CC_IRQHandler                       0x080001a3   Thumb Code     0  startup_stm32f10x_md.o(.text)
    TIM1_TRG_COM_IRQHandler                  0x080001a3   Thumb Code     0  startup_stm32f10x_md.o(.text)
    TIM2_IRQHandler                          0x080001a3   Thumb Code     0  startup_stm32f10x_md.o(.text)
    TIM3_IRQHandler                          0x080001a3   Thumb Code     0  startup_stm32f10x_md.o(.text)
    TIM4_IRQHandler                          0x080001a3   Thumb Code     0  startup_stm32f10x_md.o(.text)
    USART2_IRQHandler                        0x080001a3   Thumb Code     0  startup_stm32f10x_md.o(.text)
    USART3_IRQHandler                        0x080001a3   Thumb Code     0  startup_stm32f10x_md.o(.text)
    USBWakeUp_IRQHandler                     0x080001a3   Thumb Code     0  startup_stm32f10x_md.o(.text)
    USB_HP_CAN1_TX_IRQHandler                0x080001a3   Thumb Code     0  startup_stm32f10x_md.o(.text)
    USB_LP_CAN1_RX0_IRQHandler               0x080001a3   Thumb Code     0  startup_stm32f10x_md.o(.text)
    WWDG_IRQHandler                          0x080001a3   Thumb Code     0  startup_stm32f10x_md.o(.text)
    __user_initial_stackheap                 0x080001a5   Thumb Code     0  startup_stm32f10x_md.o(.text)
    __use_two_region_memory                  0x080001c9   Thumb Code     2  heapauxi.o(.text)
    __rt_heap_escrow$2region                 0x080001cb   Thumb Code     2  heapauxi.o(.text)
    __rt_heap_expand$2region                 0x080001cd   Thumb Code     2  heapauxi.o(.text)
    __read_errno                             0x080001cf   Thumb Code    10  _rserrno.o(.text)
    __set_errno                              0x080001d9   Thumb Code    12  _rserrno.o(.text)
    __aeabi_errno_addr                       0x080001e5   Thumb Code     8  rt_errno_addr_intlibspace.o(.text)
    __errno$intlibspace                      0x080001e5   Thumb Code     0  rt_errno_addr_intlibspace.o(.text)
    __rt_errno_addr$intlibspace              0x080001e5   Thumb Code     0  rt_errno_addr_intlibspace.o(.text)
    __user_libspace                          0x080001ed   Thumb Code     8  libspace.o(.text)
    __user_perproc_libspace                  0x080001ed   Thumb Code     0  libspace.o(.text)
    __user_perthread_libspace                0x080001ed   Thumb Code     0  libspace.o(.text)
    __user_setup_stackheap                   0x080001f5   Thumb Code    74  sys_stackheap_outer.o(.text)
    exit                                     0x0800023f   Thumb Code    12  exit.o(.text)
    _sys_exit                                0x0800024d   Thumb Code     8  sys_exit.o(.text)
    __I$use$semihosting                      0x08000259   Thumb Code     0  use_no_semi.o(.text)
    __use_no_semihosting_swi                 0x08000259   Thumb Code     2  use_no_semi.o(.text)
    __semihosting_library_function           0x0800025b   Thumb Code     0  indicate_semi.o(.text)
    ADC1_Configuration_DMA                   0x0800025d   Thumb Code   138  adc.o(i.ADC1_Configuration_DMA)
    ADC_Cmd                                  0x080002ed   Thumb Code    22  stm32f10x_adc.o(i.ADC_Cmd)
    ADC_DMACmd                               0x08000303   Thumb Code    22  stm32f10x_adc.o(i.ADC_DMACmd)
    ADC_GetCalibrationStatus                 0x08000319   Thumb Code    20  stm32f10x_adc.o(i.ADC_GetCalibrationStatus)
    ADC_GetResetCalibrationStatus            0x0800032d   Thumb Code    20  stm32f10x_adc.o(i.ADC_GetResetCalibrationStatus)
    ADC_Init                                 0x08000341   Thumb Code    70  stm32f10x_adc.o(i.ADC_Init)
    ADC_RegularChannelConfig                 0x08000391   Thumb Code   184  stm32f10x_adc.o(i.ADC_RegularChannelConfig)
    ADC_ResetCalibration                     0x08000449   Thumb Code    10  stm32f10x_adc.o(i.ADC_ResetCalibration)
    ADC_SoftwareStartConvCmd                 0x08000453   Thumb Code    22  stm32f10x_adc.o(i.ADC_SoftwareStartConvCmd)
    ADC_StartCalibration                     0x08000469   Thumb Code    10  stm32f10x_adc.o(i.ADC_StartCalibration)
    Adc_Init                                 0x08000473   Thumb Code    20  adc.o(i.Adc_Init)
    Beep_OFF                                 0x08000489   Thumb Code    12  led.o(i.Beep_OFF)
    Beep_ON                                  0x08000499   Thumb Code    12  led.o(i.Beep_ON)
    Beep_warning                             0x080004a9   Thumb Code    28  led.o(i.Beep_warning)
    Control_gpio_init                        0x080004c5   Thumb Code   100  control.o(i.Control_gpio_init)
    DMA_Cmd                                  0x08000539   Thumb Code    24  stm32f10x_dma.o(i.DMA_Cmd)
    DMA_Configuration_ADC                    0x08000551   Thumb Code    74  adc.o(i.DMA_Configuration_ADC)
    DMA_DeInit                               0x080005a9   Thumb Code   324  stm32f10x_dma.o(i.DMA_DeInit)
    DMA_Init                                 0x080006f5   Thumb Code    60  stm32f10x_dma.o(i.DMA_Init)
    ENC1_Get_Electrical_Angle                0x08000731   Thumb Code    46  enconder.o(i.ENC1_Get_Electrical_Angle)
    ENC2_Get_Electrical_Angle                0x08000769   Thumb Code    44  enconder.o(i.ENC2_Get_Electrical_Angle)
    Enconder_IO_Init                         0x080007a1   Thumb Code    80  enconder.o(i.Enconder_IO_Init)
    Enconder_init                            0x080007fd   Thumb Code   186  enconder.o(i.Enconder_init)
    GPIO_Configuration_ADC                   0x080008bd   Thumb Code    30  adc.o(i.GPIO_Configuration_ADC)
    GPIO_Configuration_UART                  0x080008e1   Thumb Code    70  uart_config.o(i.GPIO_Configuration_UART)
    GPIO_Init                                0x0800092d   Thumb Code   274  stm32f10x_gpio.o(i.GPIO_Init)
    GPIO_PinRemapConfig                      0x08000a41   Thumb Code   138  stm32f10x_gpio.o(i.GPIO_PinRemapConfig)
    GPIO_ResetBits                           0x08000ad1   Thumb Code     4  stm32f10x_gpio.o(i.GPIO_ResetBits)
    GPIO_SetBits                             0x08000ad5   Thumb Code     4  stm32f10x_gpio.o(i.GPIO_SetBits)
    GetData_MPU6050                          0x08000ad9   Thumb Code    32  mpu6050.o(i.GetData_MPU6050)
    IIC_Ack                                  0x08000af9   Thumb Code    68  mpu6050.o(i.IIC_Ack)
    IIC_NAck                                 0x08000b49   Thumb Code    72  mpu6050.o(i.IIC_NAck)
    IIC_Read_Byte                            0x08000b9d   Thumb Code   132  mpu6050.o(i.IIC_Read_Byte)
    IIC_Read_One_Byte                        0x08000c31   Thumb Code    62  mpu6050.o(i.IIC_Read_One_Byte)
    IIC_Send_Byte                            0x08000c71   Thumb Code   110  mpu6050.o(i.IIC_Send_Byte)
    IIC_Start                                0x08000cf1   Thumb Code    68  mpu6050.o(i.IIC_Start)
    IIC_Stop                                 0x08000d41   Thumb Code    72  mpu6050.o(i.IIC_Stop)
    IIC_Wait_Ack                             0x08000d95   Thumb Code   108  mpu6050.o(i.IIC_Wait_Ack)
    IIC_Write_One_Byte                       0x08000e15   Thumb Code    48  mpu6050.o(i.IIC_Write_One_Byte)
    IMUupdate                                0x08000e45   Thumb Code  1592  imu.o(i.IMUupdate)
    LED_Init                                 0x080014a9   Thumb Code    46  led.o(i.LED_Init)
    LED_OFF                                  0x080014dd   Thumb Code    12  led.o(i.LED_OFF)
    MPU6050_Init                             0x080014ed   Thumb Code   140  mpu6050.o(i.MPU6050_Init)
    Motor_Speed_Ctrl                         0x0800157d   Thumb Code   202  control.o(i.Motor_Speed_Ctrl)
    NVIC_Configuration_UART                  0x0800164d   Thumb Code    34  uart_config.o(i.NVIC_Configuration_UART)
    NVIC_Init                                0x08001671   Thumb Code   102  misc.o(i.NVIC_Init)
    NVIC_PriorityGroupConfig                 0x080016e5   Thumb Code    10  misc.o(i.NVIC_PriorityGroupConfig)
    PID_init                                 0x080016f9   Thumb Code    24  main.o(i.PID_init)
    RCC_ADCCLKConfig                         0x08001715   Thumb Code    18  stm32f10x_rcc.o(i.RCC_ADCCLKConfig)
    RCC_AHBPeriphClockCmd                    0x0800172d   Thumb Code    26  stm32f10x_rcc.o(i.RCC_AHBPeriphClockCmd)
    RCC_APB1PeriphClockCmd                   0x0800174d   Thumb Code    26  stm32f10x_rcc.o(i.RCC_APB1PeriphClockCmd)
    RCC_APB2PeriphClockCmd                   0x0800176d   Thumb Code    26  stm32f10x_rcc.o(i.RCC_APB2PeriphClockCmd)
    RCC_Configuration_ADC                    0x0800178d   Thumb Code    22  adc.o(i.RCC_Configuration_ADC)
    RCC_GetClocksFreq                        0x080017a5   Thumb Code   192  stm32f10x_rcc.o(i.RCC_GetClocksFreq)
    Read_Filter_MPU6050                      0x08001879   Thumb Code   462  mpu6050.o(i.Read_Filter_MPU6050)
    SystemInit                               0x08001b65   Thumb Code    78  system_stm32f10x.o(i.SystemInit)
    TIM1_UP_IRQHandler                       0x08001bc5   Thumb Code   144  timer.o(i.TIM1_UP_IRQHandler)
    TIM4_PWM_Init                            0x08001c75   Thumb Code   190  timer.o(i.TIM4_PWM_Init)
    TIM_ARRPreloadConfig                     0x08001d3d   Thumb Code    24  stm32f10x_tim.o(i.TIM_ARRPreloadConfig)
    TIM_ClearFlag                            0x08001d55   Thumb Code     6  stm32f10x_tim.o(i.TIM_ClearFlag)
    TIM_ClearITPendingBit                    0x08001d5b   Thumb Code     6  stm32f10x_tim.o(i.TIM_ClearITPendingBit)
    TIM_Cmd                                  0x08001d61   Thumb Code    24  stm32f10x_tim.o(i.TIM_Cmd)
    TIM_CtrlPWMOutputs                       0x08001d79   Thumb Code    30  stm32f10x_tim.o(i.TIM_CtrlPWMOutputs)
    TIM_GetITStatus                          0x08001d97   Thumb Code    34  stm32f10x_tim.o(i.TIM_GetITStatus)
    TIM_ITConfig                             0x08001db9   Thumb Code    18  stm32f10x_tim.o(i.TIM_ITConfig)
    TIM_OC1Init                              0x08001dcd   Thumb Code   132  stm32f10x_tim.o(i.TIM_OC1Init)
    TIM_OC1PreloadConfig                     0x08001e65   Thumb Code    18  stm32f10x_tim.o(i.TIM_OC1PreloadConfig)
    TIM_OC3Init                              0x08001e79   Thumb Code   150  stm32f10x_tim.o(i.TIM_OC3Init)
    TIM_OC3PreloadConfig                     0x08001f19   Thumb Code    18  stm32f10x_tim.o(i.TIM_OC3PreloadConfig)
    TIM_SetCompare1                          0x08001f2b   Thumb Code     4  stm32f10x_tim.o(i.TIM_SetCompare1)
    TIM_SetCompare2                          0x08001f2f   Thumb Code     4  stm32f10x_tim.o(i.TIM_SetCompare2)
    TIM_SetCompare3                          0x08001f33   Thumb Code     4  stm32f10x_tim.o(i.TIM_SetCompare3)
    TIM_SetCompare4                          0x08001f37   Thumb Code     6  stm32f10x_tim.o(i.TIM_SetCompare4)
    TIM_TimeBaseInit                         0x08001f3d   Thumb Code   122  stm32f10x_tim.o(i.TIM_TimeBaseInit)
    Timer1_Init                              0x08001fe1   Thumb Code   102  timer.o(i.Timer1_Init)
    UART_Init                                0x0800204d   Thumb Code    20  uart_config.o(i.UART_Init)
    UART_Set                                 0x08002061   Thumb Code    60  uart_config.o(i.UART_Set)
    USART1_IRQHandler                        0x080020a1   Thumb Code    64  uart_config.o(i.USART1_IRQHandler)
    USART_Cmd                                0x080020f1   Thumb Code    24  stm32f10x_usart.o(i.USART_Cmd)
    USART_GetITStatus                        0x08002109   Thumb Code    84  stm32f10x_usart.o(i.USART_GetITStatus)
    USART_ITConfig                           0x0800215d   Thumb Code    74  stm32f10x_usart.o(i.USART_ITConfig)
    USART_Init                               0x080021a9   Thumb Code   210  stm32f10x_usart.o(i.USART_Init)
    USART_ReceiveData                        0x08002281   Thumb Code    10  stm32f10x_usart.o(i.USART_ReceiveData)
    __ARM_fpclassify                         0x0800228b   Thumb Code    40  fpclassify.o(i.__ARM_fpclassify)
    __kernel_poly                            0x080022b3   Thumb Code   170  poly.o(i.__kernel_poly)
    __mathlib_dbl_underflow                  0x0800235d   Thumb Code    10  dunder.o(i.__mathlib_dbl_underflow)
    asin                                     0x0800236d   Thumb Code   584  asin.o(i.asin)
    atan                                     0x080025e9   Thumb Code   478  atan.o(i.atan)
    atan2                                    0x0800280d   Thumb Code   346  atan2.o(i.atan2)
    delay_ms                                 0x0800298d   Thumb Code    28  delay.o(i.delay_ms)
    delay_us                                 0x080029a9   Thumb Code    26  delay.o(i.delay_us)
    main                                     0x080029c5   Thumb Code   666  main.o(i.main)
    sqrt                                     0x08002ca9   Thumb Code    76  sqrt.o(i.sqrt)
    __aeabi_d2f                              0x08002cf5   Thumb Code     0  d2f.o(x$fpl$d2f)
    _d2f                                     0x08002cf5   Thumb Code    98  d2f.o(x$fpl$d2f)
    __aeabi_dadd                             0x08002d59   Thumb Code     0  daddsub_clz.o(x$fpl$dadd)
    _dadd                                    0x08002d59   Thumb Code   332  daddsub_clz.o(x$fpl$dadd)
    __fpl_dcheck_NaN1                        0x08002ea9   Thumb Code    10  dcheck1.o(x$fpl$dcheck1)
    __aeabi_ddiv                             0x08002eb9   Thumb Code     0  ddiv.o(x$fpl$ddiv)
    _ddiv                                    0x08002eb9   Thumb Code   552  ddiv.o(x$fpl$ddiv)
    __aeabi_dmul                             0x08003169   Thumb Code     0  dmul.o(x$fpl$dmul)
    _dmul                                    0x08003169   Thumb Code   332  dmul.o(x$fpl$dmul)
    __fpl_dnaninf                            0x080032bd   Thumb Code   156  dnaninf.o(x$fpl$dnaninf)
    __fpl_dretinf                            0x08003359   Thumb Code    12  dretinf.o(x$fpl$dretinf)
    __aeabi_drsub                            0x08003365   Thumb Code     0  daddsub_clz.o(x$fpl$drsb)
    _drsb                                    0x08003365   Thumb Code    22  daddsub_clz.o(x$fpl$drsb)
    _dsqrt                                   0x0800337d   Thumb Code   456  dsqrt_noumaal.o(x$fpl$dsqrt)
    __aeabi_dsub                             0x08003549   Thumb Code     0  daddsub_clz.o(x$fpl$dsub)
    _dsub                                    0x08003549   Thumb Code   464  daddsub_clz.o(x$fpl$dsub)
    __aeabi_f2d                              0x0800371d   Thumb Code     0  f2d.o(x$fpl$f2d)
    _f2d                                     0x0800371d   Thumb Code    86  f2d.o(x$fpl$f2d)
    __aeabi_fadd                             0x08003775   Thumb Code     0  faddsub_clz.o(x$fpl$fadd)
    _fadd                                    0x08003775   Thumb Code   196  faddsub_clz.o(x$fpl$fadd)
    __fpl_fcmp_Inf                           0x08003839   Thumb Code    24  fcmpi.o(x$fpl$fcmpinf)
    __aeabi_fdiv                             0x08003851   Thumb Code     0  fdiv.o(x$fpl$fdiv)
    _fdiv                                    0x08003851   Thumb Code   384  fdiv.o(x$fpl$fdiv)
    __aeabi_cfcmpeq                          0x080039d5   Thumb Code     0  feqf.o(x$fpl$feqf)
    _fcmpeq                                  0x080039d5   Thumb Code   104  feqf.o(x$fpl$feqf)
    __aeabi_i2f                              0x08003a3d   Thumb Code     0  fflt_clz.o(x$fpl$fflt)
    _fflt                                    0x08003a3d   Thumb Code    48  fflt_clz.o(x$fpl$fflt)
    __aeabi_fmul                             0x08003a6d   Thumb Code     0  fmul.o(x$fpl$fmul)
    _fmul                                    0x08003a6d   Thumb Code   258  fmul.o(x$fpl$fmul)
    __fpl_fnaninf                            0x08003b6f   Thumb Code   140  fnaninf.o(x$fpl$fnaninf)
    __fpl_fretinf                            0x08003bfb   Thumb Code    10  fretinf.o(x$fpl$fretinf)
    __aeabi_fsub                             0x08003c05   Thumb Code     0  faddsub_clz.o(x$fpl$fsub)
    _fsub                                    0x08003c05   Thumb Code   234  faddsub_clz.o(x$fpl$fsub)
    __fpl_return_NaN                         0x08003cef   Thumb Code   100  retnan.o(x$fpl$retnan)
    __ARM_scalbn                             0x08003d53   Thumb Code    92  scalbn.o(x$fpl$scalbn)
    __fpl_cmpreturn                          0x08003daf   Thumb Code    48  trapv.o(x$fpl$trapveneer)
    __I$use$fp                               0x08003dde   Number         0  usenofp.o(x$fpl$usenofp)
    __mathlib_zero                           0x08003ec8   Data           8  qnan.o(.constdata)
    Region$$Table$$Base                      0x08003ed0   Number         0  anon$$obj.o(Region$$Table)
    Region$$Table$$Limit                     0x08003ef0   Number         0  anon$$obj.o(Region$$Table)
    Speed_One                                0x20000000   Data           2  main.o(.data)
    Speed_Thr                                0x20000002   Data           2  main.o(.data)
    angle_count                              0x20000004   Data           4  main.o(.data)
    CAR_Status                               0x20000008   Data           1  main.o(.data)
    DV                                       0x2000000a   Data           2  main.o(.data)
    LIFT                                     0x2000000c   Data           2  main.o(.data)
    RIGHT                                    0x2000000e   Data           2  main.o(.data)
    BAT                                      0x20000010   Data           4  main.o(.data)
    MPU6050_ACC_LAST                         0x20000026   Data           6  mpu6050.o(.data)
    MPU6050_GYRO_LAST                        0x2000002c   Data           6  mpu6050.o(.data)
    GYRO_OFFSET                              0x20000032   Data           6  mpu6050.o(.data)
    ACC_OFFSET                               0x20000038   Data           6  mpu6050.o(.data)
    ACC_AVG                                  0x2000003e   Data           6  mpu6050.o(.data)
    Timer_Counter                            0x20000044   Data           1  timer.o(.data)
    flag_speed                               0x20000045   Data           1  timer.o(.data)
    Back_Speed                               0x20000046   Data           2  timer.o(.data)
    Enconder_count1                          0x20000048   Data           4  timer.o(.data)
    Enconder_count2                          0x2000004c   Data           4  timer.o(.data)
    test1                                    0x20000050   Data           4  timer.o(.data)
    test2                                    0x20000054   Data           4  timer.o(.data)
    RxCounter                                0x20000058   Data           1  uart_config.o(.data)
    Flag_Receive                             0x20000059   Data           1  uart_config.o(.data)
    PID_SW_flag                              0x2000005a   Data           1  uart_config.o(.data)
    G_Enconder_count1                        0x2000005c   Data           4  enconder.o(.data)
    G_Enconder_count2                        0x20000060   Data           4  enconder.o(.data)
    G_Goal_1                                 0x20000064   Data           4  enconder.o(.data)
    G_Goal_2                                 0x20000068   Data           4  enconder.o(.data)
    lastCount1                               0x2000006c   Data           2  enconder.o(.data)
    lastCount2                               0x2000006e   Data           2  enconder.o(.data)
    AngleOffset_Rol                          0x20000070   Data           4  imu.o(.data)
    AngleOffset_Pit                          0x20000074   Data           4  imu.o(.data)
    q0                                       0x20000078   Data           4  imu.o(.data)
    q1                                       0x2000007c   Data           4  imu.o(.data)
    q2                                       0x20000080   Data           4  imu.o(.data)
    q3                                       0x20000084   Data           4  imu.o(.data)
    exInt                                    0x20000088   Data           4  imu.o(.data)
    eyInt                                    0x2000008c   Data           4  imu.o(.data)
    ezInt                                    0x20000090   Data           4  imu.o(.data)
    ADC_ConvertedValue                       0x20000094   Data           6  adc.o(.data)
    PID_angular_velocity                     0x200000b0   Data          36  main.o(.bss)
    PID_angle_pose                           0x200000d4   Data          36  main.o(.bss)
    PID_pose                                 0x200000f8   Data          36  main.o(.bss)
    data_to_send                             0x2000011c   Data         255  main.o(.bss)
    RxBuffer                                 0x20000258   Data         255  uart_config.o(.bss)
    Angle_Last                               0x20000358   Data          12  imu.o(.bss)
    __libspace_start                         0x20000364   Data          96  libspace.o(.bss)
    __temporary_stack_top$libspace           0x200003c4   Data           0  libspace.o(.bss)



==============================================================================

Memory Map of the image

  Image Entry point : 0x080000ed

  Load Region LR_IROM1 (Base: 0x08000000, Size: 0x00003fa0, Max: 0x00040000, ABSOLUTE)

    Execution Region ER_IROM1 (Base: 0x08000000, Size: 0x00003ef0, Max: 0x00040000, ABSOLUTE)

    Base Addr    Size         Type   Attr      Idx    E Section Name        Object

    0x08000000   0x000000ec   Data   RO          971    RESET               startup_stm32f10x_md.o
    0x080000ec   0x00000008   Code   RO         4225  * !!!main             c_w.l(__main.o)
    0x080000f4   0x00000034   Code   RO         4612    !!!scatter          c_w.l(__scatter.o)
    0x08000128   0x0000001a   Code   RO         4614    !!handler_copy      c_w.l(__scatter_copy.o)
    0x08000142   0x00000002   PAD
    0x08000144   0x0000001c   Code   RO         4616    !!handler_zi        c_w.l(__scatter_zi.o)
    0x08000160   0x00000002   Code   RO         4457    .ARM.Collect$$libinit$$00000000  c_w.l(libinit.o)
    0x08000162   0x00000000   Code   RO         4459    .ARM.Collect$$libinit$$00000002  c_w.l(libinit2.o)
    0x08000162   0x00000000   Code   RO         4462    .ARM.Collect$$libinit$$00000008  c_w.l(libinit2.o)
    0x08000162   0x00000000   Code   RO         4464    .ARM.Collect$$libinit$$0000000A  c_w.l(libinit2.o)
    0x08000162   0x00000000   Code   RO         4466    .ARM.Collect$$libinit$$0000000C  c_w.l(libinit2.o)
    0x08000162   0x00000000   Code   RO         4469    .ARM.Collect$$libinit$$0000000F  c_w.l(libinit2.o)
    0x08000162   0x00000000   Code   RO         4471    .ARM.Collect$$libinit$$00000011  c_w.l(libinit2.o)
    0x08000162   0x00000000   Code   RO         4473    .ARM.Collect$$libinit$$00000013  c_w.l(libinit2.o)
    0x08000162   0x00000000   Code   RO         4475    .ARM.Collect$$libinit$$00000015  c_w.l(libinit2.o)
    0x08000162   0x00000000   Code   RO         4477    .ARM.Collect$$libinit$$00000017  c_w.l(libinit2.o)
    0x08000162   0x00000000   Code   RO         4479    .ARM.Collect$$libinit$$00000019  c_w.l(libinit2.o)
    0x08000162   0x00000000   Code   RO         4481    .ARM.Collect$$libinit$$0000001B  c_w.l(libinit2.o)
    0x08000162   0x00000000   Code   RO         4483    .ARM.Collect$$libinit$$0000001D  c_w.l(libinit2.o)
    0x08000162   0x00000000   Code   RO         4485    .ARM.Collect$$libinit$$0000001F  c_w.l(libinit2.o)
    0x08000162   0x00000000   Code   RO         4487    .ARM.Collect$$libinit$$00000021  c_w.l(libinit2.o)
    0x08000162   0x00000000   Code   RO         4489    .ARM.Collect$$libinit$$00000023  c_w.l(libinit2.o)
    0x08000162   0x00000000   Code   RO         4493    .ARM.Collect$$libinit$$0000002A  c_w.l(libinit2.o)
    0x08000162   0x00000000   Code   RO         4495    .ARM.Collect$$libinit$$0000002C  c_w.l(libinit2.o)
    0x08000162   0x00000000   Code   RO         4497    .ARM.Collect$$libinit$$0000002E  c_w.l(libinit2.o)
    0x08000162   0x00000000   Code   RO         4499    .ARM.Collect$$libinit$$00000030  c_w.l(libinit2.o)
    0x08000162   0x00000002   Code   RO         4500    .ARM.Collect$$libinit$$00000031  c_w.l(libinit2.o)
    0x08000164   0x00000002   Code   RO         4561    .ARM.Collect$$libshutdown$$00000000  c_w.l(libshutdown.o)
    0x08000166   0x00000000   Code   RO         4573    .ARM.Collect$$libshutdown$$00000003  c_w.l(libshutdown2.o)
    0x08000166   0x00000000   Code   RO         4576    .ARM.Collect$$libshutdown$$00000006  c_w.l(libshutdown2.o)
    0x08000166   0x00000000   Code   RO         4579    .ARM.Collect$$libshutdown$$00000009  c_w.l(libshutdown2.o)
    0x08000166   0x00000000   Code   RO         4581    .ARM.Collect$$libshutdown$$0000000B  c_w.l(libshutdown2.o)
    0x08000166   0x00000000   Code   RO         4584    .ARM.Collect$$libshutdown$$0000000E  c_w.l(libshutdown2.o)
    0x08000166   0x00000002   Code   RO         4585    .ARM.Collect$$libshutdown$$0000000F  c_w.l(libshutdown2.o)
    0x08000168   0x00000000   Code   RO         4301    .ARM.Collect$$rtentry$$00000000  c_w.l(rtentry.o)
    0x08000168   0x00000000   Code   RO         4354    .ARM.Collect$$rtentry$$00000002  c_w.l(rtentry2.o)
    0x08000168   0x00000006   Code   RO         4366    .ARM.Collect$$rtentry$$00000004  c_w.l(rtentry4.o)
    0x0800016e   0x00000000   Code   RO         4356    .ARM.Collect$$rtentry$$00000009  c_w.l(rtentry2.o)
    0x0800016e   0x00000004   Code   RO         4357    .ARM.Collect$$rtentry$$0000000A  c_w.l(rtentry2.o)
    0x08000172   0x00000000   Code   RO         4359    .ARM.Collect$$rtentry$$0000000C  c_w.l(rtentry2.o)
    0x08000172   0x00000008   Code   RO         4360    .ARM.Collect$$rtentry$$0000000D  c_w.l(rtentry2.o)
    0x0800017a   0x00000002   Code   RO         4511    .ARM.Collect$$rtexit$$00000000  c_w.l(rtexit.o)
    0x0800017c   0x00000000   Code   RO         4539    .ARM.Collect$$rtexit$$00000002  c_w.l(rtexit2.o)
    0x0800017c   0x00000004   Code   RO         4540    .ARM.Collect$$rtexit$$00000003  c_w.l(rtexit2.o)
    0x08000180   0x00000006   Code   RO         4541    .ARM.Collect$$rtexit$$00000004  c_w.l(rtexit2.o)
    0x08000186   0x00000002   PAD
    0x08000188   0x00000040   Code   RO          972    .text               startup_stm32f10x_md.o
    0x080001c8   0x00000006   Code   RO         4223    .text               c_w.l(heapauxi.o)
    0x080001ce   0x00000016   Code   RO         4302    .text               c_w.l(_rserrno.o)
    0x080001e4   0x00000008   Code   RO         4376    .text               c_w.l(rt_errno_addr_intlibspace.o)
    0x080001ec   0x00000008   Code   RO         4437    .text               c_w.l(libspace.o)
    0x080001f4   0x0000004a   Code   RO         4440    .text               c_w.l(sys_stackheap_outer.o)
    0x0800023e   0x0000000c   Code   RO         4448    .text               c_w.l(exit.o)
    0x0800024a   0x00000002   PAD
    0x0800024c   0x0000000c   Code   RO         4551    .text               c_w.l(sys_exit.o)
    0x08000258   0x00000002   Code   RO         4562    .text               c_w.l(use_no_semi.o)
    0x0800025a   0x00000000   Code   RO         4564    .text               c_w.l(indicate_semi.o)
    0x0800025a   0x00000002   PAD
    0x0800025c   0x00000090   Code   RO          921    i.ADC1_Configuration_DMA  adc.o
    0x080002ec   0x00000016   Code   RO         1045    i.ADC_Cmd           stm32f10x_adc.o
    0x08000302   0x00000016   Code   RO         1046    i.ADC_DMACmd        stm32f10x_adc.o
    0x08000318   0x00000014   Code   RO         1053    i.ADC_GetCalibrationStatus  stm32f10x_adc.o
    0x0800032c   0x00000014   Code   RO         1059    i.ADC_GetResetCalibrationStatus  stm32f10x_adc.o
    0x08000340   0x00000050   Code   RO         1063    i.ADC_Init          stm32f10x_adc.o
    0x08000390   0x000000b8   Code   RO         1067    i.ADC_RegularChannelConfig  stm32f10x_adc.o
    0x08000448   0x0000000a   Code   RO         1068    i.ADC_ResetCalibration  stm32f10x_adc.o
    0x08000452   0x00000016   Code   RO         1070    i.ADC_SoftwareStartConvCmd  stm32f10x_adc.o
    0x08000468   0x0000000a   Code   RO         1072    i.ADC_StartCalibration  stm32f10x_adc.o
    0x08000472   0x00000014   Code   RO          922    i.Adc_Init          adc.o
    0x08000486   0x00000002   PAD
    0x08000488   0x00000010   Code   RO          688    i.Beep_OFF          led.o
    0x08000498   0x00000010   Code   RO          689    i.Beep_ON           led.o
    0x080004a8   0x0000001c   Code   RO          690    i.Beep_warning      led.o
    0x080004c4   0x00000074   Code   RO          769    i.Control_gpio_init  control.o
    0x08000538   0x00000018   Code   RO         1786    i.DMA_Cmd           stm32f10x_dma.o
    0x08000550   0x00000058   Code   RO          923    i.DMA_Configuration_ADC  adc.o
    0x080005a8   0x0000014c   Code   RO         1787    i.DMA_DeInit        stm32f10x_dma.o
    0x080006f4   0x0000003c   Code   RO         1792    i.DMA_Init          stm32f10x_dma.o
    0x08000730   0x00000038   Code   RO          644    i.ENC1_Get_Electrical_Angle  enconder.o
    0x08000768   0x00000038   Code   RO          645    i.ENC2_Get_Electrical_Angle  enconder.o
    0x080007a0   0x0000005c   Code   RO          646    i.Enconder_IO_Init  enconder.o
    0x080007fc   0x000000c0   Code   RO          647    i.Enconder_init     enconder.o
    0x080008bc   0x00000024   Code   RO          924    i.GPIO_Configuration_ADC  adc.o
    0x080008e0   0x0000004c   Code   RO          581    i.GPIO_Configuration_UART  uart_config.o
    0x0800092c   0x00000112   Code   RO         2242    i.GPIO_Init         stm32f10x_gpio.o
    0x08000a3e   0x00000002   PAD
    0x08000a40   0x00000090   Code   RO         2244    i.GPIO_PinRemapConfig  stm32f10x_gpio.o
    0x08000ad0   0x00000004   Code   RO         2249    i.GPIO_ResetBits    stm32f10x_gpio.o
    0x08000ad4   0x00000004   Code   RO         2250    i.GPIO_SetBits      stm32f10x_gpio.o
    0x08000ad8   0x00000020   Code   RO          212    i.GetData_MPU6050   mpu6050.o
    0x08000af8   0x00000050   Code   RO          213    i.IIC_Ack           mpu6050.o
    0x08000b48   0x00000054   Code   RO          214    i.IIC_NAck          mpu6050.o
    0x08000b9c   0x00000094   Code   RO          215    i.IIC_Read_Byte     mpu6050.o
    0x08000c30   0x0000003e   Code   RO          216    i.IIC_Read_One_Byte  mpu6050.o
    0x08000c6e   0x00000002   PAD
    0x08000c70   0x00000080   Code   RO          217    i.IIC_Send_Byte     mpu6050.o
    0x08000cf0   0x00000050   Code   RO          218    i.IIC_Start         mpu6050.o
    0x08000d40   0x00000054   Code   RO          219    i.IIC_Stop          mpu6050.o
    0x08000d94   0x00000080   Code   RO          220    i.IIC_Wait_Ack      mpu6050.o
    0x08000e14   0x00000030   Code   RO          221    i.IIC_Write_One_Byte  mpu6050.o
    0x08000e44   0x00000664   Code   RO          741    i.IMUupdate         imu.o
    0x080014a8   0x00000034   Code   RO          691    i.LED_Init          led.o
    0x080014dc   0x00000010   Code   RO          692    i.LED_OFF           led.o
    0x080014ec   0x00000090   Code   RO          222    i.MPU6050_Init      mpu6050.o
    0x0800157c   0x000000d0   Code   RO          773    i.Motor_Speed_Ctrl  control.o
    0x0800164c   0x00000022   Code   RO          582    i.NVIC_Configuration_UART  uart_config.o
    0x0800166e   0x00000002   PAD
    0x08001670   0x00000074   Code   RO         4146    i.NVIC_Init         misc.o
    0x080016e4   0x00000014   Code   RO         4147    i.NVIC_PriorityGroupConfig  misc.o
    0x080016f8   0x0000001c   Code   RO            4    i.PID_init          main.o
    0x08001714   0x00000018   Code   RO         2688    i.RCC_ADCCLKConfig  stm32f10x_rcc.o
    0x0800172c   0x00000020   Code   RO         2689    i.RCC_AHBPeriphClockCmd  stm32f10x_rcc.o
    0x0800174c   0x00000020   Code   RO         2690    i.RCC_APB1PeriphClockCmd  stm32f10x_rcc.o
    0x0800176c   0x00000020   Code   RO         2692    i.RCC_APB2PeriphClockCmd  stm32f10x_rcc.o
    0x0800178c   0x00000016   Code   RO          925    i.RCC_Configuration_ADC  adc.o
    0x080017a2   0x00000002   PAD
    0x080017a4   0x000000d4   Code   RO         2700    i.RCC_GetClocksFreq  stm32f10x_rcc.o
    0x08001878   0x00000208   Code   RO          223    i.Read_Filter_MPU6050  mpu6050.o
    0x08001a80   0x00000008   Code   RO          978    i.SetSysClock       system_stm32f10x.o
    0x08001a88   0x000000dc   Code   RO          979    i.SetSysClockTo72   system_stm32f10x.o
    0x08001b64   0x00000060   Code   RO          981    i.SystemInit        system_stm32f10x.o
    0x08001bc4   0x000000b0   Code   RO          424    i.TIM1_UP_IRQHandler  timer.o
    0x08001c74   0x000000c8   Code   RO          425    i.TIM4_PWM_Init     timer.o
    0x08001d3c   0x00000018   Code   RO         3344    i.TIM_ARRPreloadConfig  stm32f10x_tim.o
    0x08001d54   0x00000006   Code   RO         3350    i.TIM_ClearFlag     stm32f10x_tim.o
    0x08001d5a   0x00000006   Code   RO         3351    i.TIM_ClearITPendingBit  stm32f10x_tim.o
    0x08001d60   0x00000018   Code   RO         3356    i.TIM_Cmd           stm32f10x_tim.o
    0x08001d78   0x0000001e   Code   RO         3358    i.TIM_CtrlPWMOutputs  stm32f10x_tim.o
    0x08001d96   0x00000022   Code   RO         3377    i.TIM_GetITStatus   stm32f10x_tim.o
    0x08001db8   0x00000012   Code   RO         3381    i.TIM_ITConfig      stm32f10x_tim.o
    0x08001dca   0x00000002   PAD
    0x08001dcc   0x00000098   Code   RO         3385    i.TIM_OC1Init       stm32f10x_tim.o
    0x08001e64   0x00000012   Code   RO         3388    i.TIM_OC1PreloadConfig  stm32f10x_tim.o
    0x08001e76   0x00000002   PAD
    0x08001e78   0x000000a0   Code   RO         3395    i.TIM_OC3Init       stm32f10x_tim.o
    0x08001f18   0x00000012   Code   RO         3398    i.TIM_OC3PreloadConfig  stm32f10x_tim.o
    0x08001f2a   0x00000004   Code   RO         3417    i.TIM_SetCompare1   stm32f10x_tim.o
    0x08001f2e   0x00000004   Code   RO         3418    i.TIM_SetCompare2   stm32f10x_tim.o
    0x08001f32   0x00000004   Code   RO         3419    i.TIM_SetCompare3   stm32f10x_tim.o
    0x08001f36   0x00000006   Code   RO         3420    i.TIM_SetCompare4   stm32f10x_tim.o
    0x08001f3c   0x000000a4   Code   RO         3427    i.TIM_TimeBaseInit  stm32f10x_tim.o
    0x08001fe0   0x0000006c   Code   RO          426    i.Timer1_Init       timer.o
    0x0800204c   0x00000014   Code   RO          583    i.UART_Init         uart_config.o
    0x08002060   0x00000040   Code   RO          585    i.UART_Set          uart_config.o
    0x080020a0   0x00000050   Code   RO          586    i.USART1_IRQHandler  uart_config.o
    0x080020f0   0x00000018   Code   RO         3900    i.USART_Cmd         stm32f10x_usart.o
    0x08002108   0x00000054   Code   RO         3904    i.USART_GetITStatus  stm32f10x_usart.o
    0x0800215c   0x0000004a   Code   RO         3906    i.USART_ITConfig    stm32f10x_usart.o
    0x080021a6   0x00000002   PAD
    0x080021a8   0x000000d8   Code   RO         3907    i.USART_Init        stm32f10x_usart.o
    0x08002280   0x0000000a   Code   RO         3914    i.USART_ReceiveData  stm32f10x_usart.o
    0x0800228a   0x00000028   Code   RO         4348    i.__ARM_fpclassify  m_ws.l(fpclassify.o)
    0x080022b2   0x000000aa   Code   RO         4350    i.__kernel_poly     m_ws.l(poly.o)
    0x0800235c   0x00000010   Code   RO         4346    i.__mathlib_dbl_underflow  m_ws.l(dunder.o)
    0x0800236c   0x0000027c   Code   RO         4276    i.asin              m_ws.l(asin.o)
    0x080025e8   0x00000224   Code   RO         4337    i.atan              m_ws.l(atan.o)
    0x0800280c   0x00000180   Code   RO         4286    i.atan2             m_ws.l(atan2.o)
    0x0800298c   0x0000001c   Code   RO          551    i.delay_ms          delay.o
    0x080029a8   0x0000001a   Code   RO          552    i.delay_us          delay.o
    0x080029c2   0x00000002   PAD
    0x080029c4   0x000002e4   Code   RO           10    i.main              main.o
    0x08002ca8   0x0000004c   Code   RO         4294    i.sqrt              m_ws.l(sqrt.o)
    0x08002cf4   0x00000062   Code   RO         4227    x$fpl$d2f           fz_ws.l(d2f.o)
    0x08002d56   0x00000002   PAD
    0x08002d58   0x00000150   Code   RO         4229    x$fpl$dadd          fz_ws.l(daddsub_clz.o)
    0x08002ea8   0x00000010   Code   RO         4416    x$fpl$dcheck1       fz_ws.l(dcheck1.o)
    0x08002eb8   0x000002b0   Code   RO         4236    x$fpl$ddiv          fz_ws.l(ddiv.o)
    0x08003168   0x00000154   Code   RO         4239    x$fpl$dmul          fz_ws.l(dmul.o)
    0x080032bc   0x0000009c   Code   RO         4321    x$fpl$dnaninf       fz_ws.l(dnaninf.o)
    0x08003358   0x0000000c   Code   RO         4323    x$fpl$dretinf       fz_ws.l(dretinf.o)
    0x08003364   0x00000016   Code   RO         4230    x$fpl$drsb          fz_ws.l(daddsub_clz.o)
    0x0800337a   0x00000002   PAD
    0x0800337c   0x000001cc   Code   RO         4325    x$fpl$dsqrt         fz_ws.l(dsqrt_noumaal.o)
    0x08003548   0x000001d4   Code   RO         4231    x$fpl$dsub          fz_ws.l(daddsub_clz.o)
    0x0800371c   0x00000056   Code   RO         4241    x$fpl$f2d           fz_ws.l(f2d.o)
    0x08003772   0x00000002   PAD
    0x08003774   0x000000c4   Code   RO         4243    x$fpl$fadd          fz_ws.l(faddsub_clz.o)
    0x08003838   0x00000018   Code   RO         4327    x$fpl$fcmpinf       fz_ws.l(fcmpi.o)
    0x08003850   0x00000184   Code   RO         4250    x$fpl$fdiv          fz_ws.l(fdiv.o)
    0x080039d4   0x00000068   Code   RO         4253    x$fpl$feqf          fz_ws.l(feqf.o)
    0x08003a3c   0x00000030   Code   RO         4260    x$fpl$fflt          fz_ws.l(fflt_clz.o)
    0x08003a6c   0x00000102   Code   RO         4267    x$fpl$fmul          fz_ws.l(fmul.o)
    0x08003b6e   0x0000008c   Code   RO         4329    x$fpl$fnaninf       fz_ws.l(fnaninf.o)
    0x08003bfa   0x0000000a   Code   RO         4331    x$fpl$fretinf       fz_ws.l(fretinf.o)
    0x08003c04   0x000000ea   Code   RO         4245    x$fpl$fsub          fz_ws.l(faddsub_clz.o)
    0x08003cee   0x00000064   Code   RO         4505    x$fpl$retnan        fz_ws.l(retnan.o)
    0x08003d52   0x0000005c   Code   RO         4333    x$fpl$scalbn        fz_ws.l(scalbn.o)
    0x08003dae   0x00000030   Code   RO         4524    x$fpl$trapveneer    fz_ws.l(trapv.o)
    0x08003dde   0x00000000   Code   RO         4335    x$fpl$usenofp       fz_ws.l(usenofp.o)
    0x08003dde   0x00000002   PAD
    0x08003de0   0x00000050   Data   RO         4277    .constdata          m_ws.l(asin.o)
    0x08003e30   0x00000098   Data   RO         4338    .constdata          m_ws.l(atan.o)
    0x08003ec8   0x00000008   Data   RO         4352    .constdata          m_ws.l(qnan.o)
    0x08003ed0   0x00000020   Data   RO         4610    Region$$Table       anon$$obj.o


    Execution Region RW_IRAM1 (Base: 0x20000000, Size: 0x000009c8, Max: 0x0000c000, ABSOLUTE)

    Base Addr    Size         Type   Attr      Idx    E Section Name        Object

    0x20000000   0x00000014   Data   RW           12    .data               main.o
    0x20000014   0x00000030   Data   RW          225    .data               mpu6050.o
    0x20000044   0x00000014   Data   RW          427    .data               timer.o
    0x20000058   0x00000003   Data   RW          588    .data               uart_config.o
    0x2000005b   0x00000001   PAD
    0x2000005c   0x00000014   Data   RW          648    .data               enconder.o
    0x20000070   0x00000024   Data   RW          743    .data               imu.o
    0x20000094   0x00000006   Data   RW          926    .data               adc.o
    0x2000009a   0x00000014   Data   RW         2720    .data               stm32f10x_rcc.o
    0x200000ae   0x00000002   PAD
    0x200000b0   0x0000016b   Zero   RW           11    .bss                main.o
    0x2000021b   0x00000001   PAD
    0x2000021c   0x0000003c   Zero   RW          224    .bss                mpu6050.o
    0x20000258   0x000000ff   Zero   RW          587    .bss                uart_config.o
    0x20000357   0x00000001   PAD
    0x20000358   0x0000000c   Zero   RW          742    .bss                imu.o
    0x20000364   0x00000060   Zero   RW         4438    .bss                c_w.l(libspace.o)
    0x200003c4   0x00000004   PAD
    0x200003c8   0x00000200   Zero   RW          970    HEAP                startup_stm32f10x_md.o
    0x200005c8   0x00000400   Zero   RW          969    STACK               startup_stm32f10x_md.o


==============================================================================

Image component sizes


      Code (inc. data)   RO Data    RW Data    ZI Data      Debug   Object Name

       310         26          0          6          0       2694   adc.o
       324         22          0          0          0       1143   control.o
        54          0          0          0          0        822   delay.o
       396         40          0         20          0       2525   enconder.o
      1636         84          0         36         12       3427   imu.o
       128         18          0          0          0       1809   led.o
       768         78          0         20        363     247598   main.o
       136         24          0          0          0       1463   misc.o
      1538        164          0         48         60     273499   mpu6050.o
        64         26        236          0       1536        824   startup_stm32f10x_md.o
       390         10          0          0          0       7061   stm32f10x_adc.o
       416          8          0          0          0       3318   stm32f10x_dma.o
       426          6          0          0          0       3706   stm32f10x_gpio.o
       332         44          0         20          0       5333   stm32f10x_rcc.o
       672         72          0          0          0       9448   stm32f10x_tim.o
       408          6          0          0          0       4782   stm32f10x_usart.o
       324         26          0          0          0       1957   system_stm32f10x.o
       484         48          0         20          0     234673   timer.o
       274         26          0          3        255       3105   uart_config.o

    ----------------------------------------------------------------------
      9098        728        268        176       2228     809187   Object Totals
         0          0         32          0          0          0   (incl. Generated)
        18          0          0          3          2          0   (incl. Padding)

    ----------------------------------------------------------------------

      Code (inc. data)   RO Data    RW Data    ZI Data      Debug   Library Member Name

         8          0          0          0          0         68   __main.o
        52          8          0          0          0          0   __scatter.o
        26          0          0          0          0          0   __scatter_copy.o
        28          0          0          0          0          0   __scatter_zi.o
        22          0          0          0          0        100   _rserrno.o
        12          0          0          0          0         72   exit.o
         6          0          0          0          0        152   heapauxi.o
         0          0          0          0          0          0   indicate_semi.o
         2          0          0          0          0          0   libinit.o
         2          0          0          0          0          0   libinit2.o
         2          0          0          0          0          0   libshutdown.o
         2          0          0          0          0          0   libshutdown2.o
         8          4          0          0         96         68   libspace.o
         8          4          0          0          0         68   rt_errno_addr_intlibspace.o
         0          0          0          0          0          0   rtentry.o
        12          0          0          0          0          0   rtentry2.o
         6          0          0          0          0          0   rtentry4.o
         2          0          0          0          0          0   rtexit.o
        10          0          0          0          0          0   rtexit2.o
        12          4          0          0          0         68   sys_exit.o
        74          0          0          0          0         80   sys_stackheap_outer.o
         2          0          0          0          0         68   use_no_semi.o
        98          4          0          0          0         92   d2f.o
       826         16          0          0          0        348   daddsub_clz.o
        16          4          0          0          0         68   dcheck1.o
       688        140          0          0          0        208   ddiv.o
       340         12          0          0          0        104   dmul.o
       156          4          0          0          0         92   dnaninf.o
        12          0          0          0          0         68   dretinf.o
       460         56          0          0          0        120   dsqrt_noumaal.o
        86          4          0          0          0         84   f2d.o
       430          8          0          0          0        168   faddsub_clz.o
        24          0          0          0          0         68   fcmpi.o
       388         76          0          0          0         96   fdiv.o
       104          4          0          0          0         84   feqf.o
        48          0          0          0          0         68   fflt_clz.o
       258          4          0          0          0         84   fmul.o
       140          4          0          0          0         84   fnaninf.o
        10          0          0          0          0         68   fretinf.o
       100          0          0          0          0         68   retnan.o
        92          0          0          0          0         68   scalbn.o
        48          0          0          0          0         68   trapv.o
         0          0          0          0          0          0   usenofp.o
       636         52         80          0          0        168   asin.o
       548         70        152          0          0        124   atan.o
       384         38          0          0          0        144   atan2.o
        16          6          0          0          0         68   dunder.o
        40          0          0          0          0         68   fpclassify.o
       170          0          0          0          0         96   poly.o
         0          0          8          0          0          0   qnan.o
        76          0          0          0          0         84   sqrt.o

    ----------------------------------------------------------------------
      6506        522        240          0        100       3604   Library Totals
        16          0          0          0          4          0   (incl. Padding)

    ----------------------------------------------------------------------

      Code (inc. data)   RO Data    RW Data    ZI Data      Debug   Library Name

       296         20          0          0         96        744   c_w.l
      4324        336          0          0          0       2108   fz_ws.l
      1870        166        240          0          0        752   m_ws.l

    ----------------------------------------------------------------------
      6506        522        240          0        100       3604   Library Totals

    ----------------------------------------------------------------------

==============================================================================


      Code (inc. data)   RO Data    RW Data    ZI Data      Debug   

     15604       1250        508        176       2328     806343   Grand Totals
     15604       1250        508        176       2328     806343   ELF Image Totals
     15604       1250        508        176          0          0   ROM Totals

==============================================================================

    Total RO  Size (Code + RO Data)                16112 (  15.73kB)
    Total RW  Size (RW Data + ZI Data)              2504 (   2.45kB)
    Total ROM Size (Code + RO Data + RW Data)      16288 (  15.91kB)

==============================================================================

